Info: Using uarch 'gowin' for device 'GW1N-LV4QN88C6/I5'
Info: constraining clock net 'logic_core.clk_ref' to 27.00 MHz
Info: constraining clock net 'clocks.adc_clock' to 28.38 MHz
Info: constraining clock net 'video_clock' to 56.75 MHz

Info: Reading constraints...
Info: Create constant nets...
Info: Modify LUTs...
Info: Pack IOBs...
Info: Pack I3C IOs...
Info: Pack MIPI IOs...
Info: Pack diff IOBs...
Info: Pack FFs into IO cells...
Info: Pack IODELAY...
Info: Pack Input Edge Monitors...
Info: Pack IO logic...
Info: Pack DESER16 logic...
Info: Pack GSR...
Info: Pack HCLK cells...
Info: Pack DLLDLYs...
Info: Pack wide LUTs...
Info: Packed MUX2_LUT8:3, MUX2_LU7:2, MUX2_LUT6:3, MUX2_LUT5:69
Info: Pack ALUs...
Info: Pack SSRAMs...
Info: Constrained 300 LUTFF pairs.
Info: Pack PLL...
Info: Pack ADC...
Info: Pack BSRAMs...
Info: Pack DSP...
Info: Pack INV...
Info: Pack buffered nets...
Info: Pack EMCU and UserFlash cells...
Info: Pack UserFlash cells...
Info: Pack DQCE cells...
Info: Pack DCS cells...
Info: Checksum: 0x7d0e8741

Info: Device utilisation:
Info: 	                 VCC:       1/      1   100%
Info: 	                 IOB:      60/    218    27%
Info: 	                LUT4:    1315/   4608    28%
Info: 	            IOLOGICI:       0/    198     0%
Info: 	            IOLOGICO:       1/    198     0%
Info: 	           MUX2_LUT5:     107/   2304     4%
Info: 	           MUX2_LUT6:      19/   1152     1%
Info: 	           MUX2_LUT7:       8/    576     1%
Info: 	           MUX2_LUT8:       3/    576     0%
Info: 	                 ALU:     534/   3456    15%
Info: 	                 GND:       1/      1   100%
Info: 	                 DFF:     703/   3456    20%
Info: 	               BSRAM:       6/     10    60%
Info: 	              ALU54D:       0/      8     0%
Info: 	     MULTADDALU18X18:       0/      8     0%
Info: 	        MULTALU18X18:       0/      8     0%
Info: 	        MULTALU36X18:       0/      8     0%
Info: 	           MULT36X36:       0/      4     0%
Info: 	           MULT18X18:       0/     16     0%
Info: 	             MULT9X9:       0/     32     0%
Info: 	              PADD18:       0/     16     0%
Info: 	               PADD9:       0/     32     0%
Info: 	                 GSR:       1/      1   100%
Info: 	                 OSC:       0/      1     0%
Info: 	                rPLL:       1/      2    50%
Info: 	           FLASH256K:       0/      1     0%
Info: 	                BUFG:       1/     17     5%
Info: 	                DQCE:       0/     12     0%
Info: 	                 DCS:       0/      4     0%
Info: 	               DHCEN:       0/     18     0%
Info: 	              CLKDIV:       0/      6     0%
Info: 	             CLKDIV2:       0/     12     0%

Info: Running custom HCLK placer...
Info: Placed 0 cells based on constraints.
Info: Creating initial analytic placement for 1097 cells, random placement wirelen = 34938.
Info:     at initial placer iter 0, wirelen = 2206
Info:     at initial placer iter 1, wirelen = 2017
Info:     at initial placer iter 2, wirelen = 1955
Info:     at initial placer iter 3, wirelen = 1998
Info: Running main analytical placer, max placement attempts per cell = 954271.
Info:     at iteration #1, type ALL: wirelen solved = 1961, spread = 6851, legal = 10890; time = 0.11s
Info:     at iteration #2, type ALL: wirelen solved = 2148, spread = 6850, legal = 9163; time = 0.09s
Info:     at iteration #3, type ALL: wirelen solved = 2335, spread = 6862, legal = 8531; time = 0.09s
Info:     at iteration #4, type ALL: wirelen solved = 2424, spread = 6011, legal = 8157; time = 0.09s
Info:     at iteration #5, type ALL: wirelen solved = 2514, spread = 6163, legal = 7817; time = 0.08s
Info:     at iteration #6, type ALL: wirelen solved = 2605, spread = 5643, legal = 7701; time = 0.08s
Info:     at iteration #7, type ALL: wirelen solved = 2666, spread = 6341, legal = 8148; time = 0.09s
Info:     at iteration #8, type ALL: wirelen solved = 2926, spread = 5388, legal = 7435; time = 0.10s
Info:     at iteration #9, type ALL: wirelen solved = 2931, spread = 6755, legal = 7995; time = 0.09s
Info:     at iteration #10, type ALL: wirelen solved = 3147, spread = 6573, legal = 7749; time = 0.07s
Info:     at iteration #11, type ALL: wirelen solved = 3230, spread = 6443, legal = 7628; time = 0.07s
Info:     at iteration #12, type ALL: wirelen solved = 3367, spread = 5694, legal = 7203; time = 0.09s
Info:     at iteration #13, type ALL: wirelen solved = 3229, spread = 6315, legal = 7936; time = 0.11s
Info:     at iteration #14, type ALL: wirelen solved = 3436, spread = 6187, legal = 7998; time = 0.10s
Info:     at iteration #15, type ALL: wirelen solved = 3508, spread = 5807, legal = 7818; time = 0.09s
Info:     at iteration #16, type ALL: wirelen solved = 3501, spread = 6230, legal = 8384; time = 0.14s
Info:     at iteration #17, type ALL: wirelen solved = 3833, spread = 5792, legal = 8141; time = 0.10s
Info: HeAP Placer Time: 2.02s
Info:   of which solving equations: 1.00s
Info:   of which spreading cells: 0.08s
Info:   of which strict legalisation: 0.72s

Info: Running simulated annealing placer for refinement.
Info:   at iteration #1: temp = 0.000000, timing cost = 36, wirelen = 7203
Info:   at iteration #5: temp = 0.000000, timing cost = 25, wirelen = 6129
Info:   at iteration #10: temp = 0.000000, timing cost = 20, wirelen = 5637
Info:   at iteration #15: temp = 0.000000, timing cost = 20, wirelen = 5496
Info:   at iteration #20: temp = 0.000000, timing cost = 20, wirelen = 5368
Info:   at iteration #25: temp = 0.000000, timing cost = 19, wirelen = 5335
Info:   at iteration #26: temp = 0.000000, timing cost = 19, wirelen = 5332 
Info: SA placement time 6.02s

Info: Max frequency for clock   'clocks.adc_clock': 311.92 MHz (PASS at 28.38 MHz)
Info: Max frequency for clock        'video_clock': 120.47 MHz (PASS at 56.75 MHz)
Info: Max frequency for clock 'logic_core.clk_ref': 92.79 MHz (PASS at 27.00 MHz)

Info: Max delay posedge clocks.adc_clock -> posedge logic_core.clk_ref: 1.46 ns
Info: Max delay negedge clocks.adc_clock -> posedge video_clock       : 0.86 ns
Info: Max delay posedge video_clock      -> posedge logic_core.clk_ref: 1.88 ns

Info: Slack histogram:
Info:  legend: * represents 5 endpoint(s)
Info:          + represents [1,5) endpoint(s)
Info: [  9320,  10664) |**+
Info: [ 10664,  12008) |*****+
Info: [ 12008,  13352) |*+
Info: [ 13352,  14696) |********+
Info: [ 14696,  16040) |************+
Info: [ 16040,  17384) |************************************************************ 
Info: [ 17384,  18728) | 
Info: [ 18728,  20072) | 
Info: [ 20072,  21416) | 
Info: [ 21416,  22760) | 
Info: [ 22760,  24104) | 
Info: [ 24104,  25448) | 
Info: [ 25448,  26792) |*+
Info: [ 26792,  28136) |+
Info: [ 28136,  29480) |+
Info: [ 29480,  30824) |+
Info: [ 30824,  32168) |+
Info: [ 32168,  33512) |********+
Info: [ 33512,  34856) |*******+
Info: [ 34856,  36200) |*******+
Info: Checksum: 0x1c9987df
Info: Routing globals...
Info:     'clocks.adc_clock' net was routed.
Warning: Failed to route net 'logic_core.adc_rgb[20]' from X37Y10/F6 to X23Y10/D3 using dedicated routing.
Info:     'video_clock' net was routed using global resources only.
Info:     'logic_core.clk_ref' net was routed using global resources only.
Info:     'logic_core.capture.adc_release_LUT3_I2_F' is routed using segments.
Info:     'logic_core.video.core.valid2_LUT3_I0_F_LUT2_I1_F[4]' is routed using segments.
Info:     'logic_core.video.core.lines.protocol_error_LUT4_I0_F_MUX2_LUT5_I1_O[1]' is routed using segments.
Info:     'logic_core.video.front.have_vs_LUT2_I0_F[0]' is routed using segments.
Info:     'logic_core.output_stage.clear' is routed using segments.
Info:     'logic_core.boot.state[5]' is routed using segments.
Info:     'logic_core.clocks.restart.state_DFF_Q_D_LUT4_F_I3_MUX2_LUT5_S0_O' is routed using segments.
Info:     'logic_core.video.core.lines.bank1.0.0_DOB[3]' is routed using segments.
Info:     'logic_core.video.core.lines.read_bank' is routed using segments.

Info: Routing..
Info: Setting up routing queue.
Info: Routing 5795 arcs.
Info:            |   (re-)routed arcs  |   delta    | remaining|       time spent     |
Info:    IterCnt |  w/ripup   wo/ripup |  w/r  wo/r |      arcs| batch(sec) total(sec)|
Info:       1000 |       39        744 |   39   744 |      4840|       0.57       0.57|
Info:       2000 |       44       1627 |    5   883 |      3845|       0.39       0.96|
Info:       3000 |       47       2523 |    3   896 |      2849|       0.44       1.40|
Info:       4000 |       60       3382 |   13   859 |      1864|       0.50       1.90|
Info:       5000 |       81       4267 |   21   885 |       887|       0.58       2.48|
Info:       5917 |      105       5073 |   24   806 |         0|       0.62       3.09|
Info: Routing complete.
Info: Router1 time 3.09s
Info: Checksum: 0xc98a6216

Info: Critical path report for clock 'clocks.adc_clock' (posedge -> posedge):
Info:       type curr  total name
Info:   clk-to-q  0.46  0.46 Source logic_core.clocks.restart.hb_sync_DFFR_Q_1_D_ALU_I1_SUM_LUT1_F_I0_DFFC_Q.Q
Info:    routing  0.41  0.87 Net logic_core.clocks.restart.hb_sync_DFFR_Q_1_D_ALU_I1_SUM_LUT1_F_I0 (16,1) -> (16,2)
Info:                          Sink logic_core.clocks.restart.hb_sync_DFFR_Q_1_D_ALU_I1_SUM_ALU_SUM_1_CIN_ALU_COUT.I1
Info:                          Defined in:
Info:                               /share/gowin/cells_map.v:130.20-130.21
Info:      logic  1.04  1.91 Source logic_core.clocks.restart.hb_sync_DFFR_Q_1_D_ALU_I1_SUM_ALU_SUM_1_CIN_ALU_COUT.COUT
Info:    routing  0.00  1.91 Net logic_core.clocks.restart.hb_sync_DFFR_Q_1_D_ALU_I1_SUM_ALU_SUM_1_CIN (16,2) -> (16,2)
Info:                          Sink logic_core.clocks.restart.hb_sync_DFFR_Q_1_D_ALU_I1_SUM_ALU_SUM_1.CIN
Info:                          Defined in:
Info:                               rtl/pll_restart_control.sv:37.47-37.61
Info:                               /share/gowin/arith_map.v:57.7-63.5
Info:                               /share/gowin/cells_sim.v:1033.25-1033.29
Info:      logic  0.06  1.97 Source logic_core.clocks.restart.hb_sync_DFFR_Q_1_D_ALU_I1_SUM_ALU_SUM_1.COUT
Info:    routing  0.00  1.97 Net logic_core.clocks.restart.hb_sync_DFFR_Q_1_D_ALU_I1_SUM_ALU_SUM_1_COUT (16,2) -> (16,2)
Info:                          Sink logic_core.clocks.restart.hb_sync_DFFR_Q_1_D_ALU_I1_SUM_ALU_SUM_2.CIN
Info:                          Defined in:
Info:                               rtl/pll_restart_control.sv:37.47-37.61
Info:                               /share/gowin/arith_map.v:57.7-63.5
Info:                               /share/gowin/cells_sim.v:1033.25-1033.29
Info:      logic  0.06  2.03 Source logic_core.clocks.restart.hb_sync_DFFR_Q_1_D_ALU_I1_SUM_ALU_SUM_2.COUT
Info:    routing  0.00  2.03 Net logic_core.clocks.restart.hb_sync_DFFR_Q_1_D_ALU_I1_SUM_ALU_SUM_2_COUT (16,2) -> (16,2)
Info:                          Sink logic_core.clocks.restart.hb_sync_DFFR_Q_1_D_ALU_I1_SUM_ALU_SUM_3.CIN
Info:                          Defined in:
Info:                               rtl/pll_restart_control.sv:37.47-37.61
Info:                               /share/gowin/arith_map.v:57.7-63.5
Info:                               /share/gowin/cells_sim.v:1033.25-1033.29
Info:      logic  0.06  2.09 Source logic_core.clocks.restart.hb_sync_DFFR_Q_1_D_ALU_I1_SUM_ALU_SUM_3.COUT
Info:    routing  0.00  2.09 Net logic_core.clocks.restart.hb_sync_DFFR_Q_1_D_ALU_I1_SUM_ALU_SUM_3_COUT (16,2) -> (16,2)
Info:                          Sink logic_core.clocks.restart.hb_sync_DFFR_Q_1_D_ALU_I1_SUM_ALU_SUM_5.CIN
Info:                          Defined in:
Info:                               rtl/pll_restart_control.sv:37.47-37.61
Info:                               /share/gowin/arith_map.v:57.7-63.5
Info:                               /share/gowin/cells_sim.v:1033.25-1033.29
Info:      logic  0.06  2.14 Source logic_core.clocks.restart.hb_sync_DFFR_Q_1_D_ALU_I1_SUM_ALU_SUM_5.COUT
Info:    routing  0.00  2.14 Net logic_core.clocks.restart.hb_sync_DFFR_Q_1_D_ALU_I1_SUM_ALU_SUM_5_COUT (16,2) -> (17,2)
Info:                          Sink logic_core.clocks.restart.hb_sync_DFFR_Q_1_D_ALU_I1_SUM_ALU_SUM_4.CIN
Info:                          Defined in:
Info:                               rtl/pll_restart_control.sv:37.47-37.61
Info:                               /share/gowin/arith_map.v:57.7-63.5
Info:                               /share/gowin/cells_sim.v:1033.25-1033.29
Info:      logic  0.06  2.20 Source logic_core.clocks.restart.hb_sync_DFFR_Q_1_D_ALU_I1_SUM_ALU_SUM_4.COUT
Info:    routing  0.00  2.20 Net logic_core.clocks.restart.hb_sync_DFFR_Q_1_D_ALU_I1_SUM_ALU_SUM_4_COUT (17,2) -> (17,2)
Info:                          Sink logic_core.clocks.restart.hb_sync_DFFR_Q_1_D_ALU_I1_SUM_ALU_SUM.CIN
Info:                          Defined in:
Info:                               rtl/pll_restart_control.sv:37.47-37.61
Info:                               /share/gowin/arith_map.v:57.7-63.5
Info:                               /share/gowin/cells_sim.v:1033.25-1033.29
Info:      logic  0.06  2.26 Source logic_core.clocks.restart.hb_sync_DFFR_Q_1_D_ALU_I1_SUM_ALU_SUM.COUT
Info:    routing  0.00  2.26 Net logic_core.clocks.restart.hb_sync_DFFR_Q_1_D_ALU_I1_SUM_ALU_SUM_COUT (17,2) -> (17,2)
Info:                          Sink logic_core.clocks.restart.hb_sync_DFFR_Q_1_D_ALU_I1.CIN
Info:                          Defined in:
Info:                               rtl/pll_restart_control.sv:37.47-37.61
Info:                               /share/gowin/arith_map.v:57.7-63.5
Info:                               /share/gowin/cells_sim.v:1033.25-1033.29
Info:      logic  0.56  2.82 Source logic_core.clocks.restart.hb_sync_DFFR_Q_1_D_ALU_I1.SUM
Info:    routing  0.00  2.82 Net logic_core.clocks.restart.hb_sync_DFFR_Q_1_D_ALU_I1_SUM[7] (17,2) -> (17,2)
Info:                          Sink logic_core.clocks.restart.hb_sync_DFFR_Q_1_D_DFFC_Q.D
Info:                          Defined in:
Info:                               rtl/pll_restart_control.sv:37.47-37.61
Info:                               /share/gowin/arith_map.v:34.28-34.29
Info:      setup  0.40  3.22 Source logic_core.clocks.restart.hb_sync_DFFR_Q_1_D_DFFC_Q.D
Info: 2.81 ns logic, 0.41 ns routing

Info: Critical path report for clock 'video_clock' (posedge -> posedge):
Info:       type curr  total name
Info:   clk-to-q  0.46  0.46 Source logic_core.video.front.v_age_DFFRE_Q_2.Q
Info:    routing  1.22  1.67 Net logic_core.video.front.v_age[7] (10,3) -> (11,1)
Info:                          Sink logic_core.video.front.v_age_DFFRE_Q_12_D_ALU_SUM_COUT_ALU_CIN_COUT_ALU_CIN_COUT_ALU_CIN_COUT_ALU_CIN_COUT_ALU_CIN_COUT_ALU_CIN_COUT_ALU_CIN_COUT_ALU_CIN_COUT_ALU_SUM_CIN_ALU_COUT_I0_ALU_SUM_CIN_ALU_COUT_CIN_ALU_COUT_CIN_ALU_COUT_CIN_ALU_COUT_CIN_ALU_COUT_CIN_ALU_COUT_CIN_ALU_COUT_CIN_ALU_COUT_CIN_ALU_COUT_CIN_ALU_COUT_CIN_ALU_COUT_CIN_ALU_COUT_CIN_ALU_COUT_CIN_ALU_COUT.I1
Info:                          Defined in:
Info:                               rtl/stream_sync_frontend.sv:33.18-33.23
Info:      logic  1.04  2.72 Source logic_core.video.front.v_age_DFFRE_Q_12_D_ALU_SUM_COUT_ALU_CIN_COUT_ALU_CIN_COUT_ALU_CIN_COUT_ALU_CIN_COUT_ALU_CIN_COUT_ALU_CIN_COUT_ALU_CIN_COUT_ALU_CIN_COUT_ALU_SUM_CIN_ALU_COUT_I0_ALU_SUM_CIN_ALU_COUT_CIN_ALU_COUT_CIN_ALU_COUT_CIN_ALU_COUT_CIN_ALU_COUT_CIN_ALU_COUT_CIN_ALU_COUT_CIN_ALU_COUT_CIN_ALU_COUT_CIN_ALU_COUT_CIN_ALU_COUT_CIN_ALU_COUT_CIN_ALU_COUT_CIN_ALU_COUT.COUT
Info:    routing  0.00  2.72 Net logic_core.video.front.v_age_DFFRE_Q_12_D_ALU_SUM_COUT_ALU_CIN_COUT_ALU_CIN_COUT_ALU_CIN_COUT_ALU_CIN_COUT_ALU_CIN_COUT_ALU_CIN_COUT_ALU_CIN_COUT_ALU_CIN_COUT_ALU_SUM_CIN_ALU_COUT_I0_ALU_SUM_CIN_ALU_COUT_CIN_ALU_COUT_CIN_ALU_COUT_CIN_ALU_COUT_CIN_ALU_COUT_CIN_ALU_COUT_CIN_ALU_COUT_CIN_ALU_COUT_CIN_ALU_COUT_CIN_ALU_COUT_CIN_ALU_COUT_CIN_ALU_COUT_CIN_ALU_COUT_CIN (11,1) -> (11,1)
Info:                          Sink logic_core.video.front.v_age_DFFRE_Q_12_D_ALU_SUM_COUT_ALU_CIN_COUT_ALU_CIN_COUT_ALU_CIN_COUT_ALU_CIN_COUT_ALU_CIN_COUT_ALU_CIN_COUT_ALU_CIN_COUT_ALU_CIN_COUT_ALU_SUM_CIN_ALU_COUT_I0_ALU_SUM_CIN_ALU_COUT_CIN_ALU_COUT_CIN_ALU_COUT_CIN_ALU_COUT_CIN_ALU_COUT_CIN_ALU_COUT_CIN_ALU_COUT_CIN_ALU_COUT_CIN_ALU_COUT_CIN_ALU_COUT_CIN_ALU_COUT_CIN_ALU_COUT_CIN_ALU_COUT.CIN
Info:                          Defined in:
Info:                               rtl/stream_sync_frontend.sv:90.31-90.38
Info:                               /share/gowin/arith_map.v:57.7-63.5
Info:                               /share/gowin/cells_sim.v:1033.25-1033.29
Info:      logic  0.06  2.78 Source logic_core.video.front.v_age_DFFRE_Q_12_D_ALU_SUM_COUT_ALU_CIN_COUT_ALU_CIN_COUT_ALU_CIN_COUT_ALU_CIN_COUT_ALU_CIN_COUT_ALU_CIN_COUT_ALU_CIN_COUT_ALU_CIN_COUT_ALU_SUM_CIN_ALU_COUT_I0_ALU_SUM_CIN_ALU_COUT_CIN_ALU_COUT_CIN_ALU_COUT_CIN_ALU_COUT_CIN_ALU_COUT_CIN_ALU_COUT_CIN_ALU_COUT_CIN_ALU_COUT_CIN_ALU_COUT_CIN_ALU_COUT_CIN_ALU_COUT_CIN_ALU_COUT_CIN_ALU_COUT.COUT
Info:    routing  0.00  2.78 Net logic_core.video.front.v_age_DFFRE_Q_12_D_ALU_SUM_COUT_ALU_CIN_COUT_ALU_CIN_COUT_ALU_CIN_COUT_ALU_CIN_COUT_ALU_CIN_COUT_ALU_CIN_COUT_ALU_CIN_COUT_ALU_CIN_COUT_ALU_SUM_CIN_ALU_COUT_I0_ALU_SUM_CIN_ALU_COUT_CIN_ALU_COUT_CIN_ALU_COUT_CIN_ALU_COUT_CIN_ALU_COUT_CIN_ALU_COUT_CIN_ALU_COUT_CIN_ALU_COUT_CIN_ALU_COUT_CIN_ALU_COUT_CIN_ALU_COUT_CIN_ALU_COUT_CIN (11,1) -> (11,1)
Info:                          Sink logic_core.video.front.v_age_DFFRE_Q_12_D_ALU_SUM_COUT_ALU_CIN_COUT_ALU_CIN_COUT_ALU_CIN_COUT_ALU_CIN_COUT_ALU_CIN_COUT_ALU_CIN_COUT_ALU_CIN_COUT_ALU_CIN_COUT_ALU_SUM_CIN_ALU_COUT_I0_ALU_SUM_CIN_ALU_COUT_CIN_ALU_COUT_CIN_ALU_COUT_CIN_ALU_COUT_CIN_ALU_COUT_CIN_ALU_COUT_CIN_ALU_COUT_CIN_ALU_COUT_CIN_ALU_COUT_CIN_ALU_COUT_CIN_ALU_COUT_CIN_ALU_COUT.CIN
Info:                          Defined in:
Info:                               rtl/stream_sync_frontend.sv:90.31-90.38
Info:                               /share/gowin/arith_map.v:57.7-63.5
Info:                               /share/gowin/cells_sim.v:1033.25-1033.29
Info:      logic  0.06  2.83 Source logic_core.video.front.v_age_DFFRE_Q_12_D_ALU_SUM_COUT_ALU_CIN_COUT_ALU_CIN_COUT_ALU_CIN_COUT_ALU_CIN_COUT_ALU_CIN_COUT_ALU_CIN_COUT_ALU_CIN_COUT_ALU_CIN_COUT_ALU_SUM_CIN_ALU_COUT_I0_ALU_SUM_CIN_ALU_COUT_CIN_ALU_COUT_CIN_ALU_COUT_CIN_ALU_COUT_CIN_ALU_COUT_CIN_ALU_COUT_CIN_ALU_COUT_CIN_ALU_COUT_CIN_ALU_COUT_CIN_ALU_COUT_CIN_ALU_COUT_CIN_ALU_COUT.COUT
Info:    routing  0.00  2.83 Net logic_core.video.front.v_age_DFFRE_Q_12_D_ALU_SUM_COUT_ALU_CIN_COUT_ALU_CIN_COUT_ALU_CIN_COUT_ALU_CIN_COUT_ALU_CIN_COUT_ALU_CIN_COUT_ALU_CIN_COUT_ALU_CIN_COUT_ALU_SUM_CIN_ALU_COUT_I0_ALU_SUM_CIN_ALU_COUT_CIN_ALU_COUT_CIN_ALU_COUT_CIN_ALU_COUT_CIN_ALU_COUT_CIN_ALU_COUT_CIN_ALU_COUT_CIN_ALU_COUT_CIN_ALU_COUT_CIN_ALU_COUT_CIN_ALU_COUT_CIN (11,1) -> (11,1)
Info:                          Sink logic_core.video.front.v_age_DFFRE_Q_12_D_ALU_SUM_COUT_ALU_CIN_COUT_ALU_CIN_COUT_ALU_CIN_COUT_ALU_CIN_COUT_ALU_CIN_COUT_ALU_CIN_COUT_ALU_CIN_COUT_ALU_CIN_COUT_ALU_SUM_CIN_ALU_COUT_I0_ALU_SUM_CIN_ALU_COUT_CIN_ALU_COUT_CIN_ALU_COUT_CIN_ALU_COUT_CIN_ALU_COUT_CIN_ALU_COUT_CIN_ALU_COUT_CIN_ALU_COUT_CIN_ALU_COUT_CIN_ALU_COUT_CIN_ALU_COUT.CIN
Info:                          Defined in:
Info:                               rtl/stream_sync_frontend.sv:90.31-90.38
Info:                               /share/gowin/arith_map.v:57.7-63.5
Info:                               /share/gowin/cells_sim.v:1033.25-1033.29
Info:      logic  0.06  2.89 Source logic_core.video.front.v_age_DFFRE_Q_12_D_ALU_SUM_COUT_ALU_CIN_COUT_ALU_CIN_COUT_ALU_CIN_COUT_ALU_CIN_COUT_ALU_CIN_COUT_ALU_CIN_COUT_ALU_CIN_COUT_ALU_CIN_COUT_ALU_SUM_CIN_ALU_COUT_I0_ALU_SUM_CIN_ALU_COUT_CIN_ALU_COUT_CIN_ALU_COUT_CIN_ALU_COUT_CIN_ALU_COUT_CIN_ALU_COUT_CIN_ALU_COUT_CIN_ALU_COUT_CIN_ALU_COUT_CIN_ALU_COUT_CIN_ALU_COUT.COUT
Info:    routing  0.00  2.89 Net logic_core.video.front.v_age_DFFRE_Q_12_D_ALU_SUM_COUT_ALU_CIN_COUT_ALU_CIN_COUT_ALU_CIN_COUT_ALU_CIN_COUT_ALU_CIN_COUT_ALU_CIN_COUT_ALU_CIN_COUT_ALU_CIN_COUT_ALU_SUM_CIN_ALU_COUT_I0_ALU_SUM_CIN_ALU_COUT_CIN_ALU_COUT_CIN_ALU_COUT_CIN_ALU_COUT_CIN_ALU_COUT_CIN_ALU_COUT_CIN_ALU_COUT_CIN_ALU_COUT_CIN_ALU_COUT_CIN_ALU_COUT_CIN (11,1) -> (12,1)
Info:                          Sink logic_core.video.front.v_age_DFFRE_Q_12_D_ALU_SUM_COUT_ALU_CIN_COUT_ALU_CIN_COUT_ALU_CIN_COUT_ALU_CIN_COUT_ALU_CIN_COUT_ALU_CIN_COUT_ALU_CIN_COUT_ALU_CIN_COUT_ALU_SUM_CIN_ALU_COUT_I0_ALU_SUM_CIN_ALU_COUT_CIN_ALU_COUT_CIN_ALU_COUT_CIN_ALU_COUT_CIN_ALU_COUT_CIN_ALU_COUT_CIN_ALU_COUT_CIN_ALU_COUT_CIN_ALU_COUT_CIN_ALU_COUT.CIN
Info:                          Defined in:
Info:                               rtl/stream_sync_frontend.sv:90.31-90.38
Info:                               /share/gowin/arith_map.v:57.7-63.5
Info:                               /share/gowin/cells_sim.v:1033.25-1033.29
Info:      logic  0.06  2.95 Source logic_core.video.front.v_age_DFFRE_Q_12_D_ALU_SUM_COUT_ALU_CIN_COUT_ALU_CIN_COUT_ALU_CIN_COUT_ALU_CIN_COUT_ALU_CIN_COUT_ALU_CIN_COUT_ALU_CIN_COUT_ALU_CIN_COUT_ALU_SUM_CIN_ALU_COUT_I0_ALU_SUM_CIN_ALU_COUT_CIN_ALU_COUT_CIN_ALU_COUT_CIN_ALU_COUT_CIN_ALU_COUT_CIN_ALU_COUT_CIN_ALU_COUT_CIN_ALU_COUT_CIN_ALU_COUT_CIN_ALU_COUT.COUT
Info:    routing  0.00  2.95 Net logic_core.video.front.v_age_DFFRE_Q_12_D_ALU_SUM_COUT_ALU_CIN_COUT_ALU_CIN_COUT_ALU_CIN_COUT_ALU_CIN_COUT_ALU_CIN_COUT_ALU_CIN_COUT_ALU_CIN_COUT_ALU_CIN_COUT_ALU_SUM_CIN_ALU_COUT_I0_ALU_SUM_CIN_ALU_COUT_CIN_ALU_COUT_CIN_ALU_COUT_CIN_ALU_COUT_CIN_ALU_COUT_CIN_ALU_COUT_CIN_ALU_COUT_CIN_ALU_COUT_CIN_ALU_COUT_CIN (12,1) -> (12,1)
Info:                          Sink logic_core.video.front.v_age_DFFRE_Q_12_D_ALU_SUM_COUT_ALU_CIN_COUT_ALU_CIN_COUT_ALU_CIN_COUT_ALU_CIN_COUT_ALU_CIN_COUT_ALU_CIN_COUT_ALU_CIN_COUT_ALU_CIN_COUT_ALU_SUM_CIN_ALU_COUT_I0_ALU_SUM_CIN_ALU_COUT_CIN_ALU_COUT_CIN_ALU_COUT_CIN_ALU_COUT_CIN_ALU_COUT_CIN_ALU_COUT_CIN_ALU_COUT_CIN_ALU_COUT_CIN_ALU_COUT.CIN
Info:                          Defined in:
Info:                               rtl/stream_sync_frontend.sv:90.31-90.38
Info:                               /share/gowin/arith_map.v:57.7-63.5
Info:                               /share/gowin/cells_sim.v:1033.25-1033.29
Info:      logic  0.06  3.00 Source logic_core.video.front.v_age_DFFRE_Q_12_D_ALU_SUM_COUT_ALU_CIN_COUT_ALU_CIN_COUT_ALU_CIN_COUT_ALU_CIN_COUT_ALU_CIN_COUT_ALU_CIN_COUT_ALU_CIN_COUT_ALU_CIN_COUT_ALU_SUM_CIN_ALU_COUT_I0_ALU_SUM_CIN_ALU_COUT_CIN_ALU_COUT_CIN_ALU_COUT_CIN_ALU_COUT_CIN_ALU_COUT_CIN_ALU_COUT_CIN_ALU_COUT_CIN_ALU_COUT_CIN_ALU_COUT.COUT
Info:    routing  0.00  3.00 Net logic_core.video.front.v_age_DFFRE_Q_12_D_ALU_SUM_COUT_ALU_CIN_COUT_ALU_CIN_COUT_ALU_CIN_COUT_ALU_CIN_COUT_ALU_CIN_COUT_ALU_CIN_COUT_ALU_CIN_COUT_ALU_CIN_COUT_ALU_SUM_CIN_ALU_COUT_I0_ALU_SUM_CIN_ALU_COUT_CIN_ALU_COUT_CIN_ALU_COUT_CIN_ALU_COUT_CIN_ALU_COUT_CIN_ALU_COUT_CIN_ALU_COUT_CIN_ALU_COUT_CIN (12,1) -> (12,1)
Info:                          Sink logic_core.video.front.v_age_DFFRE_Q_12_D_ALU_SUM_COUT_ALU_CIN_COUT_ALU_CIN_COUT_ALU_CIN_COUT_ALU_CIN_COUT_ALU_CIN_COUT_ALU_CIN_COUT_ALU_CIN_COUT_ALU_CIN_COUT_ALU_SUM_CIN_ALU_COUT_I0_ALU_SUM_CIN_ALU_COUT_CIN_ALU_COUT_CIN_ALU_COUT_CIN_ALU_COUT_CIN_ALU_COUT_CIN_ALU_COUT_CIN_ALU_COUT_CIN_ALU_COUT.CIN
Info:                          Defined in:
Info:                               rtl/stream_sync_frontend.sv:90.31-90.38
Info:                               /share/gowin/arith_map.v:57.7-63.5
Info:                               /share/gowin/cells_sim.v:1033.25-1033.29
Info:      logic  0.06  3.06 Source logic_core.video.front.v_age_DFFRE_Q_12_D_ALU_SUM_COUT_ALU_CIN_COUT_ALU_CIN_COUT_ALU_CIN_COUT_ALU_CIN_COUT_ALU_CIN_COUT_ALU_CIN_COUT_ALU_CIN_COUT_ALU_CIN_COUT_ALU_SUM_CIN_ALU_COUT_I0_ALU_SUM_CIN_ALU_COUT_CIN_ALU_COUT_CIN_ALU_COUT_CIN_ALU_COUT_CIN_ALU_COUT_CIN_ALU_COUT_CIN_ALU_COUT_CIN_ALU_COUT.COUT
Info:    routing  0.00  3.06 Net logic_core.video.front.v_age_DFFRE_Q_12_D_ALU_SUM_COUT_ALU_CIN_COUT_ALU_CIN_COUT_ALU_CIN_COUT_ALU_CIN_COUT_ALU_CIN_COUT_ALU_CIN_COUT_ALU_CIN_COUT_ALU_CIN_COUT_ALU_SUM_CIN_ALU_COUT_I0_ALU_SUM_CIN_ALU_COUT_CIN_ALU_COUT_CIN_ALU_COUT_CIN_ALU_COUT_CIN_ALU_COUT_CIN_ALU_COUT_CIN_ALU_COUT_CIN (12,1) -> (12,1)
Info:                          Sink logic_core.video.front.v_age_DFFRE_Q_12_D_ALU_SUM_COUT_ALU_CIN_COUT_ALU_CIN_COUT_ALU_CIN_COUT_ALU_CIN_COUT_ALU_CIN_COUT_ALU_CIN_COUT_ALU_CIN_COUT_ALU_CIN_COUT_ALU_SUM_CIN_ALU_COUT_I0_ALU_SUM_CIN_ALU_COUT_CIN_ALU_COUT_CIN_ALU_COUT_CIN_ALU_COUT_CIN_ALU_COUT_CIN_ALU_COUT_CIN_ALU_COUT.CIN
Info:                          Defined in:
Info:                               rtl/stream_sync_frontend.sv:90.31-90.38
Info:                               /share/gowin/arith_map.v:57.7-63.5
Info:                               /share/gowin/cells_sim.v:1033.25-1033.29
Info:      logic  0.06  3.12 Source logic_core.video.front.v_age_DFFRE_Q_12_D_ALU_SUM_COUT_ALU_CIN_COUT_ALU_CIN_COUT_ALU_CIN_COUT_ALU_CIN_COUT_ALU_CIN_COUT_ALU_CIN_COUT_ALU_CIN_COUT_ALU_CIN_COUT_ALU_SUM_CIN_ALU_COUT_I0_ALU_SUM_CIN_ALU_COUT_CIN_ALU_COUT_CIN_ALU_COUT_CIN_ALU_COUT_CIN_ALU_COUT_CIN_ALU_COUT_CIN_ALU_COUT.COUT
Info:    routing  0.00  3.12 Net logic_core.video.front.v_age_DFFRE_Q_12_D_ALU_SUM_COUT_ALU_CIN_COUT_ALU_CIN_COUT_ALU_CIN_COUT_ALU_CIN_COUT_ALU_CIN_COUT_ALU_CIN_COUT_ALU_CIN_COUT_ALU_CIN_COUT_ALU_SUM_CIN_ALU_COUT_I0_ALU_SUM_CIN_ALU_COUT_CIN_ALU_COUT_CIN_ALU_COUT_CIN_ALU_COUT_CIN_ALU_COUT_CIN_ALU_COUT_CIN (12,1) -> (12,1)
Info:                          Sink logic_core.video.front.v_age_DFFRE_Q_12_D_ALU_SUM_COUT_ALU_CIN_COUT_ALU_CIN_COUT_ALU_CIN_COUT_ALU_CIN_COUT_ALU_CIN_COUT_ALU_CIN_COUT_ALU_CIN_COUT_ALU_CIN_COUT_ALU_SUM_CIN_ALU_COUT_I0_ALU_SUM_CIN_ALU_COUT_CIN_ALU_COUT_CIN_ALU_COUT_CIN_ALU_COUT_CIN_ALU_COUT_CIN_ALU_COUT.CIN
Info:                          Defined in:
Info:                               rtl/stream_sync_frontend.sv:90.31-90.38
Info:                               /share/gowin/arith_map.v:57.7-63.5
Info:                               /share/gowin/cells_sim.v:1033.25-1033.29
Info:      logic  0.06  3.17 Source logic_core.video.front.v_age_DFFRE_Q_12_D_ALU_SUM_COUT_ALU_CIN_COUT_ALU_CIN_COUT_ALU_CIN_COUT_ALU_CIN_COUT_ALU_CIN_COUT_ALU_CIN_COUT_ALU_CIN_COUT_ALU_CIN_COUT_ALU_SUM_CIN_ALU_COUT_I0_ALU_SUM_CIN_ALU_COUT_CIN_ALU_COUT_CIN_ALU_COUT_CIN_ALU_COUT_CIN_ALU_COUT_CIN_ALU_COUT.COUT
Info:    routing  0.00  3.17 Net logic_core.video.front.v_age_DFFRE_Q_12_D_ALU_SUM_COUT_ALU_CIN_COUT_ALU_CIN_COUT_ALU_CIN_COUT_ALU_CIN_COUT_ALU_CIN_COUT_ALU_CIN_COUT_ALU_CIN_COUT_ALU_CIN_COUT_ALU_SUM_CIN_ALU_COUT_I0_ALU_SUM_CIN_ALU_COUT_CIN_ALU_COUT_CIN_ALU_COUT_CIN_ALU_COUT_CIN_ALU_COUT_CIN (12,1) -> (12,1)
Info:                          Sink logic_core.video.front.v_age_DFFRE_Q_12_D_ALU_SUM_COUT_ALU_CIN_COUT_ALU_CIN_COUT_ALU_CIN_COUT_ALU_CIN_COUT_ALU_CIN_COUT_ALU_CIN_COUT_ALU_CIN_COUT_ALU_CIN_COUT_ALU_SUM_CIN_ALU_COUT_I0_ALU_SUM_CIN_ALU_COUT_CIN_ALU_COUT_CIN_ALU_COUT_CIN_ALU_COUT_CIN_ALU_COUT.CIN
Info:                          Defined in:
Info:                               rtl/stream_sync_frontend.sv:90.31-90.38
Info:                               /share/gowin/arith_map.v:57.7-63.5
Info:                               /share/gowin/cells_sim.v:1033.25-1033.29
Info:      logic  0.06  3.23 Source logic_core.video.front.v_age_DFFRE_Q_12_D_ALU_SUM_COUT_ALU_CIN_COUT_ALU_CIN_COUT_ALU_CIN_COUT_ALU_CIN_COUT_ALU_CIN_COUT_ALU_CIN_COUT_ALU_CIN_COUT_ALU_CIN_COUT_ALU_SUM_CIN_ALU_COUT_I0_ALU_SUM_CIN_ALU_COUT_CIN_ALU_COUT_CIN_ALU_COUT_CIN_ALU_COUT_CIN_ALU_COUT.COUT
Info:    routing  0.00  3.23 Net logic_core.video.front.v_age_DFFRE_Q_12_D_ALU_SUM_COUT_ALU_CIN_COUT_ALU_CIN_COUT_ALU_CIN_COUT_ALU_CIN_COUT_ALU_CIN_COUT_ALU_CIN_COUT_ALU_CIN_COUT_ALU_CIN_COUT_ALU_SUM_CIN_ALU_COUT_I0_ALU_SUM_CIN_ALU_COUT_CIN_ALU_COUT_CIN_ALU_COUT_CIN_ALU_COUT_CIN (12,1) -> (13,1)
Info:                          Sink logic_core.video.front.v_age_DFFRE_Q_12_D_ALU_SUM_COUT_ALU_CIN_COUT_ALU_CIN_COUT_ALU_CIN_COUT_ALU_CIN_COUT_ALU_CIN_COUT_ALU_CIN_COUT_ALU_CIN_COUT_ALU_CIN_COUT_ALU_SUM_CIN_ALU_COUT_I0_ALU_SUM_CIN_ALU_COUT_CIN_ALU_COUT_CIN_ALU_COUT_CIN_ALU_COUT.CIN
Info:                          Defined in:
Info:                               rtl/stream_sync_frontend.sv:90.31-90.38
Info:                               /share/gowin/arith_map.v:57.7-63.5
Info:                               /share/gowin/cells_sim.v:1033.25-1033.29
Info:      logic  0.06  3.29 Source logic_core.video.front.v_age_DFFRE_Q_12_D_ALU_SUM_COUT_ALU_CIN_COUT_ALU_CIN_COUT_ALU_CIN_COUT_ALU_CIN_COUT_ALU_CIN_COUT_ALU_CIN_COUT_ALU_CIN_COUT_ALU_CIN_COUT_ALU_SUM_CIN_ALU_COUT_I0_ALU_SUM_CIN_ALU_COUT_CIN_ALU_COUT_CIN_ALU_COUT_CIN_ALU_COUT.COUT
Info:    routing  0.00  3.29 Net logic_core.video.front.v_age_DFFRE_Q_12_D_ALU_SUM_COUT_ALU_CIN_COUT_ALU_CIN_COUT_ALU_CIN_COUT_ALU_CIN_COUT_ALU_CIN_COUT_ALU_CIN_COUT_ALU_CIN_COUT_ALU_CIN_COUT_ALU_SUM_CIN_ALU_COUT_I0_ALU_SUM_CIN_ALU_COUT_CIN_ALU_COUT_CIN_ALU_COUT_CIN (13,1) -> (13,1)
Info:                          Sink logic_core.video.front.v_age_DFFRE_Q_12_D_ALU_SUM_COUT_ALU_CIN_COUT_ALU_CIN_COUT_ALU_CIN_COUT_ALU_CIN_COUT_ALU_CIN_COUT_ALU_CIN_COUT_ALU_CIN_COUT_ALU_CIN_COUT_ALU_SUM_CIN_ALU_COUT_I0_ALU_SUM_CIN_ALU_COUT_CIN_ALU_COUT_CIN_ALU_COUT.CIN
Info:                          Defined in:
Info:                               rtl/stream_sync_frontend.sv:90.31-90.38
Info:                               /share/gowin/arith_map.v:57.7-63.5
Info:                               /share/gowin/cells_sim.v:1033.25-1033.29
Info:      logic  0.06  3.35 Source logic_core.video.front.v_age_DFFRE_Q_12_D_ALU_SUM_COUT_ALU_CIN_COUT_ALU_CIN_COUT_ALU_CIN_COUT_ALU_CIN_COUT_ALU_CIN_COUT_ALU_CIN_COUT_ALU_CIN_COUT_ALU_CIN_COUT_ALU_SUM_CIN_ALU_COUT_I0_ALU_SUM_CIN_ALU_COUT_CIN_ALU_COUT_CIN_ALU_COUT.COUT
Info:    routing  0.00  3.35 Net logic_core.video.front.v_age_DFFRE_Q_12_D_ALU_SUM_COUT_ALU_CIN_COUT_ALU_CIN_COUT_ALU_CIN_COUT_ALU_CIN_COUT_ALU_CIN_COUT_ALU_CIN_COUT_ALU_CIN_COUT_ALU_CIN_COUT_ALU_SUM_CIN_ALU_COUT_I0_ALU_SUM_CIN_ALU_COUT_CIN_ALU_COUT_CIN (13,1) -> (13,1)
Info:                          Sink logic_core.video.front.v_age_DFFRE_Q_12_D_ALU_SUM_COUT_ALU_CIN_COUT_ALU_CIN_COUT_ALU_CIN_COUT_ALU_CIN_COUT_ALU_CIN_COUT_ALU_CIN_COUT_ALU_CIN_COUT_ALU_CIN_COUT_ALU_SUM_CIN_ALU_COUT_I0_ALU_SUM_CIN_ALU_COUT_CIN_ALU_COUT.CIN
Info:                          Defined in:
Info:                               rtl/stream_sync_frontend.sv:90.31-90.38
Info:                               /share/gowin/arith_map.v:57.7-63.5
Info:                               /share/gowin/cells_sim.v:1033.25-1033.29
Info:      logic  0.06  3.40 Source logic_core.video.front.v_age_DFFRE_Q_12_D_ALU_SUM_COUT_ALU_CIN_COUT_ALU_CIN_COUT_ALU_CIN_COUT_ALU_CIN_COUT_ALU_CIN_COUT_ALU_CIN_COUT_ALU_CIN_COUT_ALU_CIN_COUT_ALU_SUM_CIN_ALU_COUT_I0_ALU_SUM_CIN_ALU_COUT_CIN_ALU_COUT.COUT
Info:    routing  0.00  3.40 Net logic_core.video.front.v_age_DFFRE_Q_12_D_ALU_SUM_COUT_ALU_CIN_COUT_ALU_CIN_COUT_ALU_CIN_COUT_ALU_CIN_COUT_ALU_CIN_COUT_ALU_CIN_COUT_ALU_CIN_COUT_ALU_CIN_COUT_ALU_SUM_CIN_ALU_COUT_I0_ALU_SUM_CIN_ALU_COUT_CIN (13,1) -> (13,1)
Info:                          Sink logic_core.video.front.v_age_DFFRE_Q_12_D_ALU_SUM_COUT_ALU_CIN_COUT_ALU_CIN_COUT_ALU_CIN_COUT_ALU_CIN_COUT_ALU_CIN_COUT_ALU_CIN_COUT_ALU_CIN_COUT_ALU_CIN_COUT_ALU_SUM_CIN_ALU_COUT_I0_ALU_SUM_CIN_ALU_COUT.CIN
Info:                          Defined in:
Info:                               rtl/stream_sync_frontend.sv:90.31-90.38
Info:                               /share/gowin/arith_map.v:57.7-63.5
Info:                               /share/gowin/cells_sim.v:1033.25-1033.29
Info:      logic  0.06  3.46 Source logic_core.video.front.v_age_DFFRE_Q_12_D_ALU_SUM_COUT_ALU_CIN_COUT_ALU_CIN_COUT_ALU_CIN_COUT_ALU_CIN_COUT_ALU_CIN_COUT_ALU_CIN_COUT_ALU_CIN_COUT_ALU_CIN_COUT_ALU_SUM_CIN_ALU_COUT_I0_ALU_SUM_CIN_ALU_COUT.COUT
Info:    routing  0.00  3.46 Net logic_core.video.front.v_age_DFFRE_Q_12_D_ALU_SUM_COUT_ALU_CIN_COUT_ALU_CIN_COUT_ALU_CIN_COUT_ALU_CIN_COUT_ALU_CIN_COUT_ALU_CIN_COUT_ALU_CIN_COUT_ALU_CIN_COUT_ALU_SUM_CIN_ALU_COUT_I0_ALU_SUM_CIN (13,1) -> (13,1)
Info:                          Sink logic_core.video.front.v_age_DFFRE_Q_12_D_ALU_SUM_COUT_ALU_CIN_COUT_ALU_CIN_COUT_ALU_CIN_COUT_ALU_CIN_COUT_ALU_CIN_COUT_ALU_CIN_COUT_ALU_CIN_COUT_ALU_CIN_COUT_ALU_SUM_CIN_ALU_COUT_I0_ALU_SUM.CIN
Info:                          Defined in:
Info:                               rtl/stream_sync_frontend.sv:90.31-90.38
Info:                               /share/gowin/arith_map.v:57.7-63.5
Info:                               /share/gowin/cells_sim.v:1033.25-1033.29
Info:      logic  0.56  4.02 Source logic_core.video.front.v_age_DFFRE_Q_12_D_ALU_SUM_COUT_ALU_CIN_COUT_ALU_CIN_COUT_ALU_CIN_COUT_ALU_CIN_COUT_ALU_CIN_COUT_ALU_CIN_COUT_ALU_CIN_COUT_ALU_CIN_COUT_ALU_SUM_CIN_ALU_COUT_I0_ALU_SUM.SUM
Info:    routing  0.89  4.91 Net logic_core.video.front.v_age_DFFRE_Q_12_D_ALU_SUM_COUT_ALU_CIN_COUT_ALU_CIN_COUT_ALU_CIN_COUT_ALU_CIN_COUT_ALU_CIN_COUT_ALU_CIN_COUT_ALU_CIN_COUT_ALU_CIN_COUT_ALU_SUM_CIN_ALU_COUT_I0 (13,1) -> (14,2)
Info:                          Sink logic_core.video.front.v_age_DFFRE_Q_12_D_ALU_SUM_COUT_ALU_CIN_COUT_ALU_CIN_COUT_ALU_CIN_COUT_ALU_CIN_COUT_ALU_CIN_COUT_ALU_CIN_COUT_ALU_CIN_COUT_ALU_CIN_COUT_ALU_SUM_CIN_ALU_COUT.I0
Info:      logic  0.96  5.87 Source logic_core.video.front.v_age_DFFRE_Q_12_D_ALU_SUM_COUT_ALU_CIN_COUT_ALU_CIN_COUT_ALU_CIN_COUT_ALU_CIN_COUT_ALU_CIN_COUT_ALU_CIN_COUT_ALU_CIN_COUT_ALU_CIN_COUT_ALU_SUM_CIN_ALU_COUT.COUT
Info:    routing  0.00  5.87 Net logic_core.video.front.v_age_DFFRE_Q_12_D_ALU_SUM_COUT_ALU_CIN_COUT_ALU_CIN_COUT_ALU_CIN_COUT_ALU_CIN_COUT_ALU_CIN_COUT_ALU_CIN_COUT_ALU_CIN_COUT_ALU_CIN_COUT_ALU_SUM_CIN (14,2) -> (14,2)
Info:                          Sink logic_core.video.front.v_age_DFFRE_Q_12_D_ALU_SUM_COUT_ALU_CIN_COUT_ALU_CIN_COUT_ALU_CIN_COUT_ALU_CIN_COUT_ALU_CIN_COUT_ALU_CIN_COUT_ALU_CIN_COUT_ALU_CIN_COUT_ALU_SUM.CIN
Info:                          Defined in:
Info:                               rtl/stream_sync_frontend.sv:90.31-90.56
Info:                               /share/gowin/arith_map.v:57.7-63.5
Info:                               /share/gowin/cells_sim.v:1033.25-1033.29
Info:      logic  0.56  6.43 Source logic_core.video.front.v_age_DFFRE_Q_12_D_ALU_SUM_COUT_ALU_CIN_COUT_ALU_CIN_COUT_ALU_CIN_COUT_ALU_CIN_COUT_ALU_CIN_COUT_ALU_CIN_COUT_ALU_CIN_COUT_ALU_CIN_COUT_ALU_SUM.SUM
Info:    routing  0.81  7.24 Net logic_core.video.front.v_age_DFFRE_Q_12_D_ALU_SUM_COUT_ALU_CIN_COUT_ALU_CIN_COUT_ALU_CIN_COUT_ALU_CIN_COUT_ALU_CIN_COUT_ALU_CIN_COUT_ALU_CIN_COUT_ALU_CIN_COUT[4] (14,2) -> (12,2)
Info:                          Sink logic_core.video.front.have_vs_LUT4_I0_F_MUX2_LUT5_I0.S0
Info:                          Defined in:
Info:                               /share/gowin/cells_map.v:130.20-130.21
Info:      logic  0.18  7.42 Source logic_core.video.front.have_vs_LUT4_I0_F_MUX2_LUT5_I0.O
Info:    routing  1.37  8.79 Net logic_core.video.front.have_vs_LUT4_I0_F_MUX2_LUT5_I0_O[3] (12,2) -> (15,1)
Info:                          Sink logic_core.video.front.vs_delay_DFFRE_Q_CE_MUX2_LUT5_O_I1_LUT4_F.I3
Info:                          Defined in:
Info:                               /share/gowin/cells_map.v:130.20-130.21
Info:      logic  0.62  9.41 Source logic_core.video.front.vs_delay_DFFRE_Q_CE_MUX2_LUT5_O_I1_LUT4_F.F
Info:    routing  0.00  9.41 Net logic_core.video.front.vs_delay_DFFRE_Q_CE_MUX2_LUT5_O_I1 (15,1) -> (15,1)
Info:                          Sink logic_core.video.front.vs_delay_DFFRE_Q_CE_MUX2_LUT5_O.I1
Info:                          Defined in:
Info:                               /share/gowin/cells_map.v:151.13-151.15
Info:      logic  0.50  9.91 Source logic_core.video.front.vs_delay_DFFRE_Q_CE_MUX2_LUT5_O.O
Info:    routing  1.22  11.13 Net logic_core.video.front.vs_delay_DFFRE_Q_CE (15,1) -> (15,1)
Info:                          Sink logic_core.video.front.vs_delay_DFFRE_Q_4.CE
Info:      setup  0.04  11.17 Source logic_core.video.front.vs_delay_DFFRE_Q_4.CE
Info: 5.67 ns logic, 5.50 ns routing

Info: Critical path report for clock 'logic_core.clk_ref' (posedge -> posedge):
Info:       type curr  total name
Info:   clk-to-q  0.46  0.46 Source logic_core.clocks.restart.state_DFF_Q_1.Q
Info:    routing  0.96  1.42 Net logic_core.boot.power_sequence.fault_LUT4_I1_F[2] (20,6) -> (18,7)
Info:                          Sink clocks.locked_LUT4_I0.I2
Info:                          Defined in:
Info:                               /share/gowin/cells_map.v:130.20-130.21
Info:      logic  0.82  2.24 Source clocks.locked_LUT4_I0.F
Info:    routing  0.00  2.24 Net clocks.locked_LUT4_I0_F (18,7) -> (18,7)
Info:                          Sink clocks.locked_LUT4_I0_F_MUX2_LUT5_I1.I1
Info:                          Defined in:
Info:                               /share/gowin/cells_map.v:171.43-171.68
Info:                               /share/gowin/cells_map.v:164.41-164.66
Info:                               /share/gowin/cells_map.v:158.41-158.66
Info:                               /share/gowin/cells_map.v:151.13-151.15
Info:      logic  0.50  2.74 Source clocks.locked_LUT4_I0_F_MUX2_LUT5_I1.O
Info:    routing  0.00  2.74 Net clocks.locked_LUT4_I0_F_MUX2_LUT5_I1_O (18,7) -> (18,7)
Info:                          Sink clocks.locked_LUT4_I0_F_MUX2_LUT5_I1_O_MUX2_LUT6_I0.I0
Info:                          Defined in:
Info:                               /share/gowin/cells_map.v:171.43-171.68
Info:                               /share/gowin/cells_map.v:164.41-164.66
Info:                               /share/gowin/cells_map.v:157.9-157.11
Info:      logic  0.47  3.21 Source clocks.locked_LUT4_I0_F_MUX2_LUT5_I1_O_MUX2_LUT6_I0.O
Info:    routing  0.00  3.21 Net clocks.locked_LUT4_I0_F_MUX2_LUT5_I1_O_MUX2_LUT6_I0_O (18,7) -> (18,7)
Info:                          Sink clocks.locked_LUT4_I0_F_MUX2_LUT5_I1_O_MUX2_LUT6_I0_O_MUX2_LUT7_I0.I0
Info:                          Defined in:
Info:                               /share/gowin/cells_map.v:171.43-171.68
Info:                               /share/gowin/cells_map.v:163.9-163.11
Info:      logic  0.47  3.68 Source clocks.locked_LUT4_I0_F_MUX2_LUT5_I1_O_MUX2_LUT6_I0_O_MUX2_LUT7_I0.O
Info:    routing  0.00  3.68 Net clocks.locked_LUT4_I0_F_MUX2_LUT5_I1_O_MUX2_LUT6_I0_O_MUX2_LUT7_I0_O (18,7) -> (18,7)
Info:                          Sink clocks.locked_LUT4_I0_F_MUX2_LUT5_I1_O_MUX2_LUT6_I0_O_MUX2_LUT7_I0_O_MUX2_LUT8_I1.I1
Info:                          Defined in:
Info:                               /share/gowin/cells_map.v:169.13-169.15
Info:      logic  0.50  4.18 Source clocks.locked_LUT4_I0_F_MUX2_LUT5_I1_O_MUX2_LUT6_I0_O_MUX2_LUT7_I0_O_MUX2_LUT8_I1.O
Info:    routing  0.89  5.07 Net clocks.locked_LUT4_I0_F_MUX2_LUT5_I1_O_MUX2_LUT6_I0_O_MUX2_LUT7_I0_O_MUX2_LUT8_I1_O[0] (18,7) -> (17,6)
Info:                          Sink logic_core.clocks.guard.heartbeat_sync_LUT3_I0_F_LUT3_I0_I2_ALU_SUM_CIN_ALU_COUT_SUM_ALU_SUM_1_I0_DFFC_Q.CLEAR
Info:                          Defined in:
Info:                               /share/gowin/cells_map.v:130.20-130.21
Info:      logic  1.86  6.93 Source logic_core.clocks.guard.heartbeat_sync_LUT3_I0_F_LUT3_I0_I2_ALU_SUM_CIN_ALU_COUT_SUM_ALU_SUM_1_I0_DFFC_Q.Q
Info:    routing  0.96  7.89 Net logic_core.clocks.guard.heartbeat_sync_LUT3_I0_F_LUT3_I0_I2_ALU_SUM_CIN_ALU_COUT_SUM_ALU_SUM_1_I0 (17,6) -> (16,5)
Info:                          Sink logic_core.clocks.guard.heartbeat_sync_LUT3_I0_F_LUT3_I0_I2_ALU_SUM_CIN_ALU_COUT_CIN_ALU_COUT_CIN_ALU_COUT_CIN_ALU_COUT.I1
Info:      logic  1.04  8.94 Source logic_core.clocks.guard.heartbeat_sync_LUT3_I0_F_LUT3_I0_I2_ALU_SUM_CIN_ALU_COUT_CIN_ALU_COUT_CIN_ALU_COUT_CIN_ALU_COUT.COUT
Info:    routing  0.00  8.94 Net logic_core.clocks.guard.heartbeat_sync_LUT3_I0_F_LUT3_I0_I2_ALU_SUM_CIN_ALU_COUT_CIN_ALU_COUT_CIN_ALU_COUT_CIN (16,5) -> (16,5)
Info:                          Sink logic_core.clocks.guard.heartbeat_sync_LUT3_I0_F_LUT3_I0_I2_ALU_SUM_CIN_ALU_COUT_CIN_ALU_COUT_CIN_ALU_COUT.CIN
Info:                          Defined in:
Info:                               rtl/video_clock_guard.sv:55.33-55.38
Info:                               /share/gowin/arith_map.v:57.7-63.5
Info:                               /share/gowin/cells_sim.v:1033.25-1033.29
Info:      logic  0.06  8.99 Source logic_core.clocks.guard.heartbeat_sync_LUT3_I0_F_LUT3_I0_I2_ALU_SUM_CIN_ALU_COUT_CIN_ALU_COUT_CIN_ALU_COUT.COUT
Info:    routing  0.00  8.99 Net logic_core.clocks.guard.heartbeat_sync_LUT3_I0_F_LUT3_I0_I2_ALU_SUM_CIN_ALU_COUT_CIN_ALU_COUT_CIN (16,5) -> (16,5)
Info:                          Sink logic_core.clocks.guard.heartbeat_sync_LUT3_I0_F_LUT3_I0_I2_ALU_SUM_CIN_ALU_COUT_CIN_ALU_COUT.CIN
Info:                          Defined in:
Info:                               rtl/video_clock_guard.sv:55.33-55.38
Info:                               /share/gowin/arith_map.v:57.7-63.5
Info:                               /share/gowin/cells_sim.v:1033.25-1033.29
Info:      logic  0.06  9.05 Source logic_core.clocks.guard.heartbeat_sync_LUT3_I0_F_LUT3_I0_I2_ALU_SUM_CIN_ALU_COUT_CIN_ALU_COUT.COUT
Info:    routing  0.00  9.05 Net logic_core.clocks.guard.heartbeat_sync_LUT3_I0_F_LUT3_I0_I2_ALU_SUM_CIN_ALU_COUT_CIN (16,5) -> (17,5)
Info:                          Sink logic_core.clocks.guard.heartbeat_sync_LUT3_I0_F_LUT3_I0_I2_ALU_SUM_CIN_ALU_COUT.CIN
Info:                          Defined in:
Info:                               rtl/video_clock_guard.sv:55.33-55.38
Info:                               /share/gowin/arith_map.v:57.7-63.5
Info:                               /share/gowin/cells_sim.v:1033.25-1033.29
Info:      logic  0.06  9.11 Source logic_core.clocks.guard.heartbeat_sync_LUT3_I0_F_LUT3_I0_I2_ALU_SUM_CIN_ALU_COUT.COUT
Info:    routing  0.00  9.11 Net logic_core.clocks.guard.heartbeat_sync_LUT3_I0_F_LUT3_I0_I2_ALU_SUM_CIN (17,5) -> (17,5)
Info:                          Sink logic_core.clocks.guard.heartbeat_sync_LUT3_I0_F_LUT3_I0_I2_ALU_SUM.CIN
Info:                          Defined in:
Info:                               rtl/video_clock_guard.sv:55.33-55.38
Info:                               /share/gowin/arith_map.v:57.7-63.5
Info:                               /share/gowin/cells_sim.v:1033.25-1033.29
Info:      logic  0.56  9.67 Source logic_core.clocks.guard.heartbeat_sync_LUT3_I0_F_LUT3_I0_I2_ALU_SUM.SUM
Info:    routing  0.89  10.56 Net logic_core.clocks.guard.heartbeat_sync_LUT3_I0_F_LUT3_I0_I2[2] (17,5) -> (18,5)
Info:                          Sink logic_core.clocks.guard.heartbeat_sync_LUT3_I0_F_LUT3_I0_I2_ALU_SUM_COUT_ALU_CIN_SUM_ALU_I0_CIN_ALU_COUT.I0
Info:                          Defined in:
Info:                               /share/gowin/cells_map.v:130.20-130.21
Info:      logic  0.96  11.52 Source logic_core.clocks.guard.heartbeat_sync_LUT3_I0_F_LUT3_I0_I2_ALU_SUM_COUT_ALU_CIN_SUM_ALU_I0_CIN_ALU_COUT.COUT
Info:    routing  0.00  11.52 Net logic_core.clocks.guard.heartbeat_sync_LUT3_I0_F_LUT3_I0_I2_ALU_SUM_COUT_ALU_CIN_SUM_ALU_I0_CIN (18,5) -> (18,5)
Info:                          Sink logic_core.clocks.guard.heartbeat_sync_LUT3_I0_F_LUT3_I0_I2_ALU_SUM_COUT_ALU_CIN_SUM_ALU_I0.CIN
Info:                          Defined in:
Info:                               rtl/video_clock_guard.sv:55.33-55.55
Info:                               /share/gowin/arith_map.v:57.7-63.5
Info:                               /share/gowin/cells_sim.v:1033.25-1033.29
Info:      logic  0.06  11.58 Source logic_core.clocks.guard.heartbeat_sync_LUT3_I0_F_LUT3_I0_I2_ALU_SUM_COUT_ALU_CIN_SUM_ALU_I0.COUT
Info:    routing  0.00  11.58 Net logic_core.clocks.guard.heartbeat_sync_LUT3_I0_F_LUT3_I0_I2_ALU_SUM_COUT_ALU_CIN_SUM_ALU_I0_COUT (18,5) -> (19,5)
Info:                          Sink logic_core.clocks.guard.heartbeat_sync_LUT3_I0_F_LUT3_I0_I2_ALU_SUM_COUT_ALU_CIN_SUM_ALU_I0_COUT_ALU_CIN.CIN
Info:                          Defined in:
Info:                               rtl/video_clock_guard.sv:55.33-55.55
Info:                               /share/gowin/arith_map.v:57.7-63.5
Info:                               /share/gowin/cells_sim.v:1033.25-1033.29
Info:      logic  0.56  12.14 Source logic_core.clocks.guard.heartbeat_sync_LUT3_I0_F_LUT3_I0_I2_ALU_SUM_COUT_ALU_CIN_SUM_ALU_I0_COUT_ALU_CIN.SUM
Info:    routing  0.41  12.55 Net logic_core.clocks.guard.heartbeat_sync_LUT3_I0_F_LUT3_I0_I2_ALU_SUM_COUT_ALU_CIN_SUM_ALU_I0_COUT_ALU_CIN_SUM[2] (19,5) -> (19,5)
Info:                          Sink clocks.locked_LUT4_I0_F_MUX2_LUT5_I1_O_MUX2_LUT6_I0_O_MUX2_LUT7_I0_O_MUX2_LUT8_I1_O_DFFCE_Q_CE_LUT3_F_I0_ALU_COUT_I0_LUT3_I0_F_DFFCE_CE_Q_LUT4_F.I2
Info:                          Defined in:
Info:                               /share/gowin/cells_map.v:130.20-130.21
Info:      logic  0.82  13.37 Source clocks.locked_LUT4_I0_F_MUX2_LUT5_I1_O_MUX2_LUT6_I0_O_MUX2_LUT7_I0_O_MUX2_LUT8_I1_O_DFFCE_Q_CE_LUT3_F_I0_ALU_COUT_I0_LUT3_I0_F_DFFCE_CE_Q_LUT4_F.F
Info:    routing  0.00  13.37 Net clocks.locked_LUT4_I0_F_MUX2_LUT5_I1_O_MUX2_LUT6_I0_O_MUX2_LUT7_I0_O_MUX2_LUT8_I1_O_DFFCE_Q_CE_LUT3_F_I0_ALU_COUT_CIN_ALU_COUT_SUM[1] (19,5) -> (19,5)
Info:                          Sink clocks.locked_LUT4_I0_F_MUX2_LUT5_I1_O_MUX2_LUT6_I0_O_MUX2_LUT7_I0_O_MUX2_LUT8_I1_O_DFFCE_Q.D
Info:                          Defined in:
Info:                               /share/gowin/cells_map.v:130.20-130.21
Info:      setup  0.40  13.77 Source clocks.locked_LUT4_I0_F_MUX2_LUT5_I1_O_MUX2_LUT6_I0_O_MUX2_LUT7_I0_O_MUX2_LUT8_I1_O_DFFCE_Q.D
Info: 9.66 ns logic, 4.11 ns routing

Info: Critical path report for cross-domain path 'posedge video_clock' -> 'posedge logic_core.clk_ref':
Info:       type curr  total name
Info:   clk-to-q  0.46  0.46 Source logic_core.clocks.guard.release_pipe_DFFP_Q.Q
Info:    routing  1.22  1.67 Net logic_core.clocks.guard.permit_LUT1_I0_F_DFFP_PRESET_Q[2] (15,5) -> (17,4)
Info:                          Sink logic_core.output_stage.permit_LUT4_F.I2
Info:                          Defined in:
Info:                               rtl/video_clock_guard.sv:69.38-69.50
Info:      logic  0.82  2.50 Source logic_core.output_stage.permit_LUT4_F.F
Info:    routing  0.00  2.50 Net logic_core.permit (17,4) -> (17,4)
Info:                          Sink logic_core.clocks.guard.ready_sync_DFFC_Q.D
Info:                          Defined in:
Info:                               rtl/amiga_logic_core.sv:23.45-23.51
Info:      setup  0.40  2.90 Source logic_core.clocks.guard.ready_sync_DFFC_Q.D
Info: 1.68 ns logic, 1.22 ns routing

Info: Max frequency for clock   'clocks.adc_clock': 310.75 MHz (PASS at 28.38 MHz)
Info: Max frequency for clock        'video_clock': 89.50 MHz (PASS at 56.75 MHz)
Info: Max frequency for clock 'logic_core.clk_ref': 72.61 MHz (PASS at 27.00 MHz)

Info: Max delay posedge video_clock -> posedge logic_core.clk_ref: 2.90 ns

Info: Slack histogram:
Info:  legend: * represents 2 endpoint(s)
Info:          + represents [1,2) endpoint(s)
Info: [  6448,   7863) |********+
Info: [  7863,   9278) |********+
Info: [  9278,  10693) |+
Info: [ 10693,  12108) |*+
Info: [ 12108,  13523) |***********+
Info: [ 13523,  14938) |********************+
Info: [ 14938,  16353) |************************************************************ 
Info: [ 16353,  17768) |**+
Info: [ 17768,  19183) | 
Info: [ 19183,  20598) | 
Info: [ 20598,  22013) | 
Info: [ 22013,  23428) |*+
Info: [ 23428,  24843) |*+
Info: [ 24843,  26258) | 
Info: [ 26258,  27673) |*+
Info: [ 27673,  29088) |+
Info: [ 29088,  30503) |**+
Info: [ 30503,  31918) |**********+
Info: [ 31918,  33333) |***************+
Info: [ 33333,  34748) |**+

1 warning, 0 errors

Info: Program finished normally.
