Info: Using uarch 'gowin' for device 'GW1N-LV4QN88C6/I5'
Info: constraining clock net 'logic_core.clk_ref' to 27.00 MHz
Info: constraining clock net 'clocks.adc_clock' to 28.38 MHz
Info: constraining clock net 'video_clock' to 56.75 MHz

Info: Reading constraints...
Info: Create constant nets...
Info: Modify LUTs...
Info: Pack IOBs...
Info: Pack I3C IOs...
Info: Pack MIPI IOs...
Info: Pack diff IOBs...
Info: Pack FFs into IO cells...
Info: Pack IODELAY...
Info: Pack Input Edge Monitors...
Info: Pack IO logic...
Info: Pack DESER16 logic...
Info: Pack GSR...
Info: Pack HCLK cells...
Info: Pack DLLDLYs...
Info: Pack wide LUTs...
Info: Packed MUX2_LUT8:2, MUX2_LU7:1, MUX2_LUT6:4, MUX2_LUT5:76
Info: Pack ALUs...
Info: Pack SSRAMs...
Info: Constrained 294 LUTFF pairs.
Info: Pack PLL...
Info: Pack ADC...
Info: Pack BSRAMs...
Info: Pack DSP...
Info: Pack INV...
Info: Pack buffered nets...
Info: Pack EMCU and UserFlash cells...
Info: Pack UserFlash cells...
Info: Pack DQCE cells...
Info: Pack DCS cells...
Info: Checksum: 0x50ed63c9

Info: Device utilisation:
Info: 	                 VCC:       1/      1   100%
Info: 	                 IOB:      60/    218    27%
Info: 	                LUT4:    1331/   4608    28%
Info: 	            IOLOGICI:       0/    198     0%
Info: 	            IOLOGICO:       1/    198     0%
Info: 	           MUX2_LUT5:     104/   2304     4%
Info: 	           MUX2_LUT6:      14/   1152     1%
Info: 	           MUX2_LUT7:       5/    576     0%
Info: 	           MUX2_LUT8:       2/    576     0%
Info: 	                 ALU:     564/   3456    16%
Info: 	                 GND:       1/      1   100%
Info: 	                 DFF:     701/   3456    20%
Info: 	               BSRAM:       6/     10    60%
Info: 	              ALU54D:       0/      8     0%
Info: 	     MULTADDALU18X18:       0/      8     0%
Info: 	        MULTALU18X18:       0/      8     0%
Info: 	        MULTALU36X18:       0/      8     0%
Info: 	           MULT36X36:       0/      4     0%
Info: 	           MULT18X18:       0/     16     0%
Info: 	             MULT9X9:       0/     32     0%
Info: 	              PADD18:       0/     16     0%
Info: 	               PADD9:       0/     32     0%
Info: 	                 GSR:       1/      1   100%
Info: 	                 OSC:       0/      1     0%
Info: 	                rPLL:       1/      2    50%
Info: 	           FLASH256K:       0/      1     0%
Info: 	                BUFG:       1/     17     5%
Info: 	                DQCE:       0/     12     0%
Info: 	                 DCS:       0/      4     0%
Info: 	               DHCEN:       0/     18     0%
Info: 	              CLKDIV:       0/      6     0%
Info: 	             CLKDIV2:       0/     12     0%

Info: Running custom HCLK placer...
Info: Placed 0 cells based on constraints.
Info: Creating initial analytic placement for 1101 cells, random placement wirelen = 36235.
Info:     at initial placer iter 0, wirelen = 2354
Info:     at initial placer iter 1, wirelen = 2072
Info:     at initial placer iter 2, wirelen = 2051
Info:     at initial placer iter 3, wirelen = 1956
Info: Running main analytical placer, max placement attempts per cell = 976503.
Info:     at iteration #1, type ALL: wirelen solved = 1998, spread = 7298, legal = 10306; time = 0.12s
Info:     at iteration #2, type ALL: wirelen solved = 2160, spread = 6970, legal = 9491; time = 0.09s
Info:     at iteration #3, type ALL: wirelen solved = 2277, spread = 9070, legal = 10792; time = 0.08s
Info:     at iteration #4, type ALL: wirelen solved = 2598, spread = 7334, legal = 9383; time = 0.08s
Info:     at iteration #5, type ALL: wirelen solved = 2690, spread = 7031, legal = 9169; time = 0.08s
Info:     at iteration #6, type ALL: wirelen solved = 2851, spread = 7477, legal = 8593; time = 0.09s
Info:     at iteration #7, type ALL: wirelen solved = 3032, spread = 7199, legal = 8418; time = 0.07s
Info:     at iteration #8, type ALL: wirelen solved = 3105, spread = 6624, legal = 8313; time = 0.23s
Info:     at iteration #9, type ALL: wirelen solved = 3149, spread = 5940, legal = 8406; time = 0.27s
Info:     at iteration #10, type ALL: wirelen solved = 3171, spread = 6108, legal = 8161; time = 0.13s
Info:     at iteration #11, type ALL: wirelen solved = 3207, spread = 5935, legal = 8231; time = 0.15s
Info:     at iteration #12, type ALL: wirelen solved = 3313, spread = 6296, legal = 8246; time = 0.10s
Info:     at iteration #13, type ALL: wirelen solved = 3486, spread = 6102, legal = 8083; time = 0.09s
Info:     at iteration #14, type ALL: wirelen solved = 3588, spread = 6210, legal = 8509; time = 0.10s
Info:     at iteration #15, type ALL: wirelen solved = 3728, spread = 6128, legal = 8741; time = 0.19s
Info:     at iteration #16, type ALL: wirelen solved = 3767, spread = 7058, legal = 8427; time = 0.15s
Info:     at iteration #17, type ALL: wirelen solved = 3741, spread = 6359, legal = 8069; time = 0.09s
Info:     at iteration #18, type ALL: wirelen solved = 3846, spread = 6545, legal = 8136; time = 0.12s
Info:     at iteration #19, type ALL: wirelen solved = 3975, spread = 6431, legal = 7806; time = 0.08s
Info:     at iteration #20, type ALL: wirelen solved = 3867, spread = 6458, legal = 7806; time = 0.11s
Info:     at iteration #21, type ALL: wirelen solved = 3986, spread = 6158, legal = 7872; time = 0.10s
Info:     at iteration #22, type ALL: wirelen solved = 4112, spread = 6292, legal = 8444; time = 0.10s
Info:     at iteration #23, type ALL: wirelen solved = 4215, spread = 6150, legal = 8359; time = 0.10s
Info:     at iteration #24, type ALL: wirelen solved = 4292, spread = 6505, legal = 8348; time = 0.17s
Info: HeAP Placer Time: 3.35s
Info:   of which solving equations: 1.28s
Info:   of which spreading cells: 0.11s
Info:   of which strict legalisation: 1.69s

Info: Running simulated annealing placer for refinement.
Info:   at iteration #1: temp = 0.000000, timing cost = 48, wirelen = 7806
Info:   at iteration #5: temp = 0.000000, timing cost = 29, wirelen = 6303
Info:   at iteration #10: temp = 0.000000, timing cost = 25, wirelen = 5859
Info:   at iteration #15: temp = 0.000000, timing cost = 24, wirelen = 5716
Info:   at iteration #20: temp = 0.000000, timing cost = 24, wirelen = 5600
Info:   at iteration #25: temp = 0.000000, timing cost = 23, wirelen = 5567
Info:   at iteration #30: temp = 0.000000, timing cost = 23, wirelen = 5543
Info:   at iteration #30: temp = 0.000000, timing cost = 23, wirelen = 5543 
Info: SA placement time 6.86s

Info: Max frequency for clock   'clocks.adc_clock': 311.92 MHz (PASS at 28.38 MHz)
Info: Max frequency for clock        'video_clock': 133.83 MHz (PASS at 56.75 MHz)
Info: Max frequency for clock 'logic_core.clk_ref': 92.88 MHz (PASS at 27.00 MHz)

Info: Max delay posedge clocks.adc_clock -> posedge logic_core.clk_ref: 0.86 ns
Info: Max delay negedge clocks.adc_clock -> posedge video_clock       : 0.86 ns
Info: Max delay posedge video_clock      -> posedge logic_core.clk_ref: 1.88 ns

Info: Slack histogram:
Info:  legend: * represents 4 endpoint(s)
Info:          + represents [1,4) endpoint(s)
Info: [ 10149,  11451) |*********+
Info: [ 11451,  12753) |*+
Info: [ 12753,  14055) |********+
Info: [ 14055,  15357) |*****************+
Info: [ 15357,  16659) |******************+
Info: [ 16659,  17961) |************************************************************ 
Info: [ 17961,  19263) | 
Info: [ 19263,  20565) | 
Info: [ 20565,  21867) | 
Info: [ 21867,  23169) | 
Info: [ 23169,  24471) | 
Info: [ 24471,  25773) | 
Info: [ 25773,  27075) |*+
Info: [ 27075,  28377) |+
Info: [ 28377,  29679) |+
Info: [ 29679,  30981) |*+
Info: [ 30981,  32283) |*+
Info: [ 32283,  33585) |*********+
Info: [ 33585,  34887) |**********+
Info: [ 34887,  36189) |*********+
Info: Checksum: 0x391f49f6
Info: Routing globals...
Info:     'clocks.adc_clock' net was routed.
Warning: Failed to route net 'logic_core.adc_rgb[20]' from X37Y10/F6 to X24Y7/D3 using dedicated routing.
Info:     'video_clock' net was routed using global resources only.
Info:     'logic_core.clk_ref' net was routed using global resources only.
Info:     'logic_core.video.core.valid2_LUT3_I1_F_LUT2_I1_F[4]' is routed using segments.
Info:     'logic_core.boot.power_sequence.pg_sync_LUT2_I1_F[4]' is routed using segments.
Info:     'logic_core.video.core.lines.protocol_error_LUT4_I0_F_MUX2_LUT5_I1_O[1]' is routed using segments.
Info:     'logic_core.clocks.restart.hb_sync_DFFR_Q_RESET' is routed using segments.
Info:     'logic_core.video.core.lines.bank1.0.0_DOB[3]' is routed using segments.
Info:     'logic_core.capture.adc_release_DFFNP_D_Q_LUT3_I0_F' is routed using segments.
Info:     'logic_core.video.line_event' is routed using segments.
Info:     'logic_core.video.core.lines.read_bank' is routed using segments.
Info:     'logic_core.video.core.lines.bank0.0.0_DOB[2]' is routed using segments.
Info:     'logic_core.video.front.have_vs_LUT2_I0_F[0]' is routed using segments.
Info:     'logic_core.output_stage.clear' is routed using segments.
Info:     'logic_core.boot.power_sequence.count_DFFRE_Q_CE' is routed using segments.

Info: Routing..
Info: Setting up routing queue.
Info: Routing 5770 arcs.
Info:            |   (re-)routed arcs  |   delta    | remaining|       time spent     |
Info:    IterCnt |  w/ripup   wo/ripup |  w/r  wo/r |      arcs| batch(sec) total(sec)|
Info:       1000 |       79        724 |   79   724 |      4854|       0.68       0.68|
Info:       2000 |       88       1569 |    9   845 |      3863|       0.46       1.14|
Info:       3000 |       90       2472 |    2   903 |      2865|       0.45       1.59|
Info:       4000 |       99       3350 |    9   878 |      1876|       0.53       2.12|
Info:       5000 |      128       4217 |   29   867 |       913|       0.63       2.75|
Info:       5948 |      162       5046 |   34   829 |         0|       0.70       3.45|
Info: Routing complete.
Info: Router1 time 3.45s
Info: Checksum: 0xbf8edb28

Info: Critical path report for clock 'clocks.adc_clock' (posedge -> posedge):
Info:       type curr  total name
Info:   clk-to-q  0.46  0.46 Source logic_core.clocks.restart.hb_sync_DFFR_Q_1_D_ALU_I1_SUM_LUT1_F_I0_DFFC_Q.Q
Info:    routing  0.41  0.87 Net logic_core.clocks.restart.hb_sync_DFFR_Q_1_D_ALU_I1_SUM_LUT1_F_I0 (21,1) -> (22,1)
Info:                          Sink logic_core.clocks.restart.hb_sync_DFFR_Q_1_D_ALU_I1_SUM_ALU_SUM_CIN_ALU_COUT.I1
Info:                          Defined in:
Info:                               /share/gowin/cells_map.v:130.20-130.21
Info:      logic  1.04  1.91 Source logic_core.clocks.restart.hb_sync_DFFR_Q_1_D_ALU_I1_SUM_ALU_SUM_CIN_ALU_COUT.COUT
Info:    routing  0.00  1.91 Net logic_core.clocks.restart.hb_sync_DFFR_Q_1_D_ALU_I1_SUM_ALU_SUM_CIN (22,1) -> (22,1)
Info:                          Sink logic_core.clocks.restart.hb_sync_DFFR_Q_1_D_ALU_I1_SUM_ALU_SUM.CIN
Info:                          Defined in:
Info:                               rtl/pll_restart_control.sv:37.47-37.61
Info:                               /share/gowin/arith_map.v:57.7-63.5
Info:                               /share/gowin/cells_sim.v:1033.25-1033.29
Info:      logic  0.06  1.97 Source logic_core.clocks.restart.hb_sync_DFFR_Q_1_D_ALU_I1_SUM_ALU_SUM.COUT
Info:    routing  0.00  1.97 Net logic_core.clocks.restart.hb_sync_DFFR_Q_1_D_ALU_I1_SUM_ALU_SUM_COUT (22,1) -> (22,1)
Info:                          Sink logic_core.clocks.restart.hb_sync_DFFR_Q_1_D_ALU_I1_SUM_ALU_SUM_1.CIN
Info:                          Defined in:
Info:                               rtl/pll_restart_control.sv:37.47-37.61
Info:                               /share/gowin/arith_map.v:57.7-63.5
Info:                               /share/gowin/cells_sim.v:1033.25-1033.29
Info:      logic  0.06  2.03 Source logic_core.clocks.restart.hb_sync_DFFR_Q_1_D_ALU_I1_SUM_ALU_SUM_1.COUT
Info:    routing  0.00  2.03 Net logic_core.clocks.restart.hb_sync_DFFR_Q_1_D_ALU_I1_SUM_ALU_SUM_1_COUT (22,1) -> (22,1)
Info:                          Sink logic_core.clocks.restart.hb_sync_DFFR_Q_1_D_ALU_I1_SUM_ALU_SUM_4.CIN
Info:                          Defined in:
Info:                               rtl/pll_restart_control.sv:37.47-37.61
Info:                               /share/gowin/arith_map.v:57.7-63.5
Info:                               /share/gowin/cells_sim.v:1033.25-1033.29
Info:      logic  0.06  2.09 Source logic_core.clocks.restart.hb_sync_DFFR_Q_1_D_ALU_I1_SUM_ALU_SUM_4.COUT
Info:    routing  0.00  2.09 Net logic_core.clocks.restart.hb_sync_DFFR_Q_1_D_ALU_I1_SUM_ALU_SUM_4_COUT (22,1) -> (22,1)
Info:                          Sink logic_core.clocks.restart.hb_sync_DFFR_Q_1_D_ALU_I1_SUM_ALU_SUM_2.CIN
Info:                          Defined in:
Info:                               rtl/pll_restart_control.sv:37.47-37.61
Info:                               /share/gowin/arith_map.v:57.7-63.5
Info:                               /share/gowin/cells_sim.v:1033.25-1033.29
Info:      logic  0.06  2.14 Source logic_core.clocks.restart.hb_sync_DFFR_Q_1_D_ALU_I1_SUM_ALU_SUM_2.COUT
Info:    routing  0.00  2.14 Net logic_core.clocks.restart.hb_sync_DFFR_Q_1_D_ALU_I1_SUM_ALU_SUM_2_COUT (22,1) -> (23,1)
Info:                          Sink logic_core.clocks.restart.hb_sync_DFFR_Q_1_D_ALU_I1_SUM_ALU_SUM_3.CIN
Info:                          Defined in:
Info:                               rtl/pll_restart_control.sv:37.47-37.61
Info:                               /share/gowin/arith_map.v:57.7-63.5
Info:                               /share/gowin/cells_sim.v:1033.25-1033.29
Info:      logic  0.06  2.20 Source logic_core.clocks.restart.hb_sync_DFFR_Q_1_D_ALU_I1_SUM_ALU_SUM_3.COUT
Info:    routing  0.00  2.20 Net logic_core.clocks.restart.hb_sync_DFFR_Q_1_D_ALU_I1_SUM_ALU_SUM_3_COUT (23,1) -> (23,1)
Info:                          Sink logic_core.clocks.restart.hb_sync_DFFR_Q_1_D_ALU_I1_SUM_ALU_SUM_5.CIN
Info:                          Defined in:
Info:                               rtl/pll_restart_control.sv:37.47-37.61
Info:                               /share/gowin/arith_map.v:57.7-63.5
Info:                               /share/gowin/cells_sim.v:1033.25-1033.29
Info:      logic  0.06  2.26 Source logic_core.clocks.restart.hb_sync_DFFR_Q_1_D_ALU_I1_SUM_ALU_SUM_5.COUT
Info:    routing  0.00  2.26 Net logic_core.clocks.restart.hb_sync_DFFR_Q_1_D_ALU_I1_SUM_ALU_SUM_5_COUT (23,1) -> (23,1)
Info:                          Sink logic_core.clocks.restart.hb_sync_DFFR_Q_1_D_ALU_I1.CIN
Info:                          Defined in:
Info:                               rtl/pll_restart_control.sv:37.47-37.61
Info:                               /share/gowin/arith_map.v:57.7-63.5
Info:                               /share/gowin/cells_sim.v:1033.25-1033.29
Info:      logic  0.56  2.82 Source logic_core.clocks.restart.hb_sync_DFFR_Q_1_D_ALU_I1.SUM
Info:    routing  0.00  2.82 Net logic_core.clocks.restart.hb_sync_DFFR_Q_1_D_ALU_I1_SUM[7] (23,1) -> (23,1)
Info:                          Sink logic_core.clocks.restart.hb_sync_DFFR_Q_1_D_DFFC_Q.D
Info:                          Defined in:
Info:                               rtl/pll_restart_control.sv:37.47-37.61
Info:                               /share/gowin/arith_map.v:34.28-34.29
Info:      setup  0.40  3.22 Source logic_core.clocks.restart.hb_sync_DFFR_Q_1_D_DFFC_Q.D
Info: 2.81 ns logic, 0.41 ns routing

Info: Critical path report for clock 'video_clock' (posedge -> posedge):
Info:       type curr  total name
Info:   clk-to-q  0.46  0.46 Source logic_core.video.front.v_age_DFFRE_Q_4.Q
Info:    routing  1.28  1.74 Net logic_core.video.front.v_age[2] (6,1) -> (2,1)
Info:                          Sink logic_core.video.front.v_age_DFFRE_Q_3_D_ALU_SUM_COUT_ALU_CIN_COUT_ALU_CIN_COUT_ALU_CIN_COUT_ALU_CIN_COUT_ALU_CIN_COUT_ALU_CIN_COUT_ALU_CIN_COUT_ALU_CIN_COUT_ALU_CIN_COUT_ALU_CIN_COUT_ALU_CIN_COUT_ALU_CIN_COUT_ALU_CIN_COUT_ALU_CIN_COUT_ALU_CIN_COUT_ALU_CIN_COUT_ALU_SUM_CIN_ALU_COUT_I0_ALU_SUM_CIN_ALU_COUT_CIN_ALU_COUT_CIN_ALU_COUT_CIN_ALU_COUT_CIN_ALU_COUT_CIN_ALU_COUT_CIN_ALU_COUT_CIN_ALU_COUT_CIN_ALU_COUT_CIN_ALU_COUT_CIN_ALU_COUT_CIN_ALU_COUT_CIN_ALU_COUT_CIN_ALU_COUT_CIN_ALU_COUT_CIN_ALU_COUT_CIN_ALU_COUT_CIN_ALU_COUT_CIN_ALU_COUT.I1
Info:                          Defined in:
Info:                               rtl/stream_sync_frontend.sv:33.18-33.23
Info:      logic  1.04  2.79 Source logic_core.video.front.v_age_DFFRE_Q_3_D_ALU_SUM_COUT_ALU_CIN_COUT_ALU_CIN_COUT_ALU_CIN_COUT_ALU_CIN_COUT_ALU_CIN_COUT_ALU_CIN_COUT_ALU_CIN_COUT_ALU_CIN_COUT_ALU_CIN_COUT_ALU_CIN_COUT_ALU_CIN_COUT_ALU_CIN_COUT_ALU_CIN_COUT_ALU_CIN_COUT_ALU_CIN_COUT_ALU_CIN_COUT_ALU_SUM_CIN_ALU_COUT_I0_ALU_SUM_CIN_ALU_COUT_CIN_ALU_COUT_CIN_ALU_COUT_CIN_ALU_COUT_CIN_ALU_COUT_CIN_ALU_COUT_CIN_ALU_COUT_CIN_ALU_COUT_CIN_ALU_COUT_CIN_ALU_COUT_CIN_ALU_COUT_CIN_ALU_COUT_CIN_ALU_COUT_CIN_ALU_COUT_CIN_ALU_COUT_CIN_ALU_COUT_CIN_ALU_COUT_CIN_ALU_COUT_CIN_ALU_COUT.COUT
Info:    routing  0.00  2.79 Net logic_core.video.front.v_age_DFFRE_Q_3_D_ALU_SUM_COUT_ALU_CIN_COUT_ALU_CIN_COUT_ALU_CIN_COUT_ALU_CIN_COUT_ALU_CIN_COUT_ALU_CIN_COUT_ALU_CIN_COUT_ALU_CIN_COUT_ALU_CIN_COUT_ALU_CIN_COUT_ALU_CIN_COUT_ALU_CIN_COUT_ALU_CIN_COUT_ALU_CIN_COUT_ALU_CIN_COUT_ALU_CIN_COUT_ALU_SUM_CIN_ALU_COUT_I0_ALU_SUM_CIN_ALU_COUT_CIN_ALU_COUT_CIN_ALU_COUT_CIN_ALU_COUT_CIN_ALU_COUT_CIN_ALU_COUT_CIN_ALU_COUT_CIN_ALU_COUT_CIN_ALU_COUT_CIN_ALU_COUT_CIN_ALU_COUT_CIN_ALU_COUT_CIN_ALU_COUT_CIN_ALU_COUT_CIN_ALU_COUT_CIN_ALU_COUT_CIN_ALU_COUT_CIN_ALU_COUT_CIN (2,1) -> (2,1)
Info:                          Sink logic_core.video.front.v_age_DFFRE_Q_3_D_ALU_SUM_COUT_ALU_CIN_COUT_ALU_CIN_COUT_ALU_CIN_COUT_ALU_CIN_COUT_ALU_CIN_COUT_ALU_CIN_COUT_ALU_CIN_COUT_ALU_CIN_COUT_ALU_CIN_COUT_ALU_CIN_COUT_ALU_CIN_COUT_ALU_CIN_COUT_ALU_CIN_COUT_ALU_CIN_COUT_ALU_CIN_COUT_ALU_CIN_COUT_ALU_SUM_CIN_ALU_COUT_I0_ALU_SUM_CIN_ALU_COUT_CIN_ALU_COUT_CIN_ALU_COUT_CIN_ALU_COUT_CIN_ALU_COUT_CIN_ALU_COUT_CIN_ALU_COUT_CIN_ALU_COUT_CIN_ALU_COUT_CIN_ALU_COUT_CIN_ALU_COUT_CIN_ALU_COUT_CIN_ALU_COUT_CIN_ALU_COUT_CIN_ALU_COUT_CIN_ALU_COUT_CIN_ALU_COUT_CIN_ALU_COUT.CIN
Info:                          Defined in:
Info:                               rtl/stream_sync_frontend.sv:90.31-90.38
Info:                               /share/gowin/arith_map.v:57.7-63.5
Info:                               /share/gowin/cells_sim.v:1033.25-1033.29
Info:      logic  0.06  2.84 Source logic_core.video.front.v_age_DFFRE_Q_3_D_ALU_SUM_COUT_ALU_CIN_COUT_ALU_CIN_COUT_ALU_CIN_COUT_ALU_CIN_COUT_ALU_CIN_COUT_ALU_CIN_COUT_ALU_CIN_COUT_ALU_CIN_COUT_ALU_CIN_COUT_ALU_CIN_COUT_ALU_CIN_COUT_ALU_CIN_COUT_ALU_CIN_COUT_ALU_CIN_COUT_ALU_CIN_COUT_ALU_CIN_COUT_ALU_SUM_CIN_ALU_COUT_I0_ALU_SUM_CIN_ALU_COUT_CIN_ALU_COUT_CIN_ALU_COUT_CIN_ALU_COUT_CIN_ALU_COUT_CIN_ALU_COUT_CIN_ALU_COUT_CIN_ALU_COUT_CIN_ALU_COUT_CIN_ALU_COUT_CIN_ALU_COUT_CIN_ALU_COUT_CIN_ALU_COUT_CIN_ALU_COUT_CIN_ALU_COUT_CIN_ALU_COUT_CIN_ALU_COUT_CIN_ALU_COUT.COUT
Info:    routing  0.00  2.84 Net logic_core.video.front.v_age_DFFRE_Q_3_D_ALU_SUM_COUT_ALU_CIN_COUT_ALU_CIN_COUT_ALU_CIN_COUT_ALU_CIN_COUT_ALU_CIN_COUT_ALU_CIN_COUT_ALU_CIN_COUT_ALU_CIN_COUT_ALU_CIN_COUT_ALU_CIN_COUT_ALU_CIN_COUT_ALU_CIN_COUT_ALU_CIN_COUT_ALU_CIN_COUT_ALU_CIN_COUT_ALU_CIN_COUT_ALU_SUM_CIN_ALU_COUT_I0_ALU_SUM_CIN_ALU_COUT_CIN_ALU_COUT_CIN_ALU_COUT_CIN_ALU_COUT_CIN_ALU_COUT_CIN_ALU_COUT_CIN_ALU_COUT_CIN_ALU_COUT_CIN_ALU_COUT_CIN_ALU_COUT_CIN_ALU_COUT_CIN_ALU_COUT_CIN_ALU_COUT_CIN_ALU_COUT_CIN_ALU_COUT_CIN_ALU_COUT_CIN_ALU_COUT_CIN (2,1) -> (2,1)
Info:                          Sink logic_core.video.front.v_age_DFFRE_Q_3_D_ALU_SUM_COUT_ALU_CIN_COUT_ALU_CIN_COUT_ALU_CIN_COUT_ALU_CIN_COUT_ALU_CIN_COUT_ALU_CIN_COUT_ALU_CIN_COUT_ALU_CIN_COUT_ALU_CIN_COUT_ALU_CIN_COUT_ALU_CIN_COUT_ALU_CIN_COUT_ALU_CIN_COUT_ALU_CIN_COUT_ALU_CIN_COUT_ALU_CIN_COUT_ALU_SUM_CIN_ALU_COUT_I0_ALU_SUM_CIN_ALU_COUT_CIN_ALU_COUT_CIN_ALU_COUT_CIN_ALU_COUT_CIN_ALU_COUT_CIN_ALU_COUT_CIN_ALU_COUT_CIN_ALU_COUT_CIN_ALU_COUT_CIN_ALU_COUT_CIN_ALU_COUT_CIN_ALU_COUT_CIN_ALU_COUT_CIN_ALU_COUT_CIN_ALU_COUT_CIN_ALU_COUT_CIN_ALU_COUT.CIN
Info:                          Defined in:
Info:                               rtl/stream_sync_frontend.sv:90.31-90.38
Info:                               /share/gowin/arith_map.v:57.7-63.5
Info:                               /share/gowin/cells_sim.v:1033.25-1033.29
Info:      logic  0.06  2.90 Source logic_core.video.front.v_age_DFFRE_Q_3_D_ALU_SUM_COUT_ALU_CIN_COUT_ALU_CIN_COUT_ALU_CIN_COUT_ALU_CIN_COUT_ALU_CIN_COUT_ALU_CIN_COUT_ALU_CIN_COUT_ALU_CIN_COUT_ALU_CIN_COUT_ALU_CIN_COUT_ALU_CIN_COUT_ALU_CIN_COUT_ALU_CIN_COUT_ALU_CIN_COUT_ALU_CIN_COUT_ALU_CIN_COUT_ALU_SUM_CIN_ALU_COUT_I0_ALU_SUM_CIN_ALU_COUT_CIN_ALU_COUT_CIN_ALU_COUT_CIN_ALU_COUT_CIN_ALU_COUT_CIN_ALU_COUT_CIN_ALU_COUT_CIN_ALU_COUT_CIN_ALU_COUT_CIN_ALU_COUT_CIN_ALU_COUT_CIN_ALU_COUT_CIN_ALU_COUT_CIN_ALU_COUT_CIN_ALU_COUT_CIN_ALU_COUT_CIN_ALU_COUT.COUT
Info:    routing  0.00  2.90 Net logic_core.video.front.v_age_DFFRE_Q_3_D_ALU_SUM_COUT_ALU_CIN_COUT_ALU_CIN_COUT_ALU_CIN_COUT_ALU_CIN_COUT_ALU_CIN_COUT_ALU_CIN_COUT_ALU_CIN_COUT_ALU_CIN_COUT_ALU_CIN_COUT_ALU_CIN_COUT_ALU_CIN_COUT_ALU_CIN_COUT_ALU_CIN_COUT_ALU_CIN_COUT_ALU_CIN_COUT_ALU_CIN_COUT_ALU_SUM_CIN_ALU_COUT_I0_ALU_SUM_CIN_ALU_COUT_CIN_ALU_COUT_CIN_ALU_COUT_CIN_ALU_COUT_CIN_ALU_COUT_CIN_ALU_COUT_CIN_ALU_COUT_CIN_ALU_COUT_CIN_ALU_COUT_CIN_ALU_COUT_CIN_ALU_COUT_CIN_ALU_COUT_CIN_ALU_COUT_CIN_ALU_COUT_CIN_ALU_COUT_CIN_ALU_COUT_CIN (2,1) -> (3,1)
Info:                          Sink logic_core.video.front.v_age_DFFRE_Q_3_D_ALU_SUM_COUT_ALU_CIN_COUT_ALU_CIN_COUT_ALU_CIN_COUT_ALU_CIN_COUT_ALU_CIN_COUT_ALU_CIN_COUT_ALU_CIN_COUT_ALU_CIN_COUT_ALU_CIN_COUT_ALU_CIN_COUT_ALU_CIN_COUT_ALU_CIN_COUT_ALU_CIN_COUT_ALU_CIN_COUT_ALU_CIN_COUT_ALU_CIN_COUT_ALU_SUM_CIN_ALU_COUT_I0_ALU_SUM_CIN_ALU_COUT_CIN_ALU_COUT_CIN_ALU_COUT_CIN_ALU_COUT_CIN_ALU_COUT_CIN_ALU_COUT_CIN_ALU_COUT_CIN_ALU_COUT_CIN_ALU_COUT_CIN_ALU_COUT_CIN_ALU_COUT_CIN_ALU_COUT_CIN_ALU_COUT_CIN_ALU_COUT_CIN_ALU_COUT_CIN_ALU_COUT.CIN
Info:                          Defined in:
Info:                               rtl/stream_sync_frontend.sv:90.31-90.38
Info:                               /share/gowin/arith_map.v:57.7-63.5
Info:                               /share/gowin/cells_sim.v:1033.25-1033.29
Info:      logic  0.06  2.96 Source logic_core.video.front.v_age_DFFRE_Q_3_D_ALU_SUM_COUT_ALU_CIN_COUT_ALU_CIN_COUT_ALU_CIN_COUT_ALU_CIN_COUT_ALU_CIN_COUT_ALU_CIN_COUT_ALU_CIN_COUT_ALU_CIN_COUT_ALU_CIN_COUT_ALU_CIN_COUT_ALU_CIN_COUT_ALU_CIN_COUT_ALU_CIN_COUT_ALU_CIN_COUT_ALU_CIN_COUT_ALU_CIN_COUT_ALU_SUM_CIN_ALU_COUT_I0_ALU_SUM_CIN_ALU_COUT_CIN_ALU_COUT_CIN_ALU_COUT_CIN_ALU_COUT_CIN_ALU_COUT_CIN_ALU_COUT_CIN_ALU_COUT_CIN_ALU_COUT_CIN_ALU_COUT_CIN_ALU_COUT_CIN_ALU_COUT_CIN_ALU_COUT_CIN_ALU_COUT_CIN_ALU_COUT_CIN_ALU_COUT_CIN_ALU_COUT.COUT
Info:    routing  0.00  2.96 Net logic_core.video.front.v_age_DFFRE_Q_3_D_ALU_SUM_COUT_ALU_CIN_COUT_ALU_CIN_COUT_ALU_CIN_COUT_ALU_CIN_COUT_ALU_CIN_COUT_ALU_CIN_COUT_ALU_CIN_COUT_ALU_CIN_COUT_ALU_CIN_COUT_ALU_CIN_COUT_ALU_CIN_COUT_ALU_CIN_COUT_ALU_CIN_COUT_ALU_CIN_COUT_ALU_CIN_COUT_ALU_CIN_COUT_ALU_SUM_CIN_ALU_COUT_I0_ALU_SUM_CIN_ALU_COUT_CIN_ALU_COUT_CIN_ALU_COUT_CIN_ALU_COUT_CIN_ALU_COUT_CIN_ALU_COUT_CIN_ALU_COUT_CIN_ALU_COUT_CIN_ALU_COUT_CIN_ALU_COUT_CIN_ALU_COUT_CIN_ALU_COUT_CIN_ALU_COUT_CIN_ALU_COUT_CIN_ALU_COUT_CIN (3,1) -> (3,1)
Info:                          Sink logic_core.video.front.v_age_DFFRE_Q_3_D_ALU_SUM_COUT_ALU_CIN_COUT_ALU_CIN_COUT_ALU_CIN_COUT_ALU_CIN_COUT_ALU_CIN_COUT_ALU_CIN_COUT_ALU_CIN_COUT_ALU_CIN_COUT_ALU_CIN_COUT_ALU_CIN_COUT_ALU_CIN_COUT_ALU_CIN_COUT_ALU_CIN_COUT_ALU_CIN_COUT_ALU_CIN_COUT_ALU_CIN_COUT_ALU_SUM_CIN_ALU_COUT_I0_ALU_SUM_CIN_ALU_COUT_CIN_ALU_COUT_CIN_ALU_COUT_CIN_ALU_COUT_CIN_ALU_COUT_CIN_ALU_COUT_CIN_ALU_COUT_CIN_ALU_COUT_CIN_ALU_COUT_CIN_ALU_COUT_CIN_ALU_COUT_CIN_ALU_COUT_CIN_ALU_COUT_CIN_ALU_COUT_CIN_ALU_COUT.CIN
Info:                          Defined in:
Info:                               rtl/stream_sync_frontend.sv:90.31-90.38
Info:                               /share/gowin/arith_map.v:57.7-63.5
Info:                               /share/gowin/cells_sim.v:1033.25-1033.29
Info:      logic  0.06  3.01 Source logic_core.video.front.v_age_DFFRE_Q_3_D_ALU_SUM_COUT_ALU_CIN_COUT_ALU_CIN_COUT_ALU_CIN_COUT_ALU_CIN_COUT_ALU_CIN_COUT_ALU_CIN_COUT_ALU_CIN_COUT_ALU_CIN_COUT_ALU_CIN_COUT_ALU_CIN_COUT_ALU_CIN_COUT_ALU_CIN_COUT_ALU_CIN_COUT_ALU_CIN_COUT_ALU_CIN_COUT_ALU_CIN_COUT_ALU_SUM_CIN_ALU_COUT_I0_ALU_SUM_CIN_ALU_COUT_CIN_ALU_COUT_CIN_ALU_COUT_CIN_ALU_COUT_CIN_ALU_COUT_CIN_ALU_COUT_CIN_ALU_COUT_CIN_ALU_COUT_CIN_ALU_COUT_CIN_ALU_COUT_CIN_ALU_COUT_CIN_ALU_COUT_CIN_ALU_COUT_CIN_ALU_COUT_CIN_ALU_COUT.COUT
Info:    routing  0.00  3.01 Net logic_core.video.front.v_age_DFFRE_Q_3_D_ALU_SUM_COUT_ALU_CIN_COUT_ALU_CIN_COUT_ALU_CIN_COUT_ALU_CIN_COUT_ALU_CIN_COUT_ALU_CIN_COUT_ALU_CIN_COUT_ALU_CIN_COUT_ALU_CIN_COUT_ALU_CIN_COUT_ALU_CIN_COUT_ALU_CIN_COUT_ALU_CIN_COUT_ALU_CIN_COUT_ALU_CIN_COUT_ALU_CIN_COUT_ALU_SUM_CIN_ALU_COUT_I0_ALU_SUM_CIN_ALU_COUT_CIN_ALU_COUT_CIN_ALU_COUT_CIN_ALU_COUT_CIN_ALU_COUT_CIN_ALU_COUT_CIN_ALU_COUT_CIN_ALU_COUT_CIN_ALU_COUT_CIN_ALU_COUT_CIN_ALU_COUT_CIN_ALU_COUT_CIN_ALU_COUT_CIN_ALU_COUT_CIN (3,1) -> (3,1)
Info:                          Sink logic_core.video.front.v_age_DFFRE_Q_3_D_ALU_SUM_COUT_ALU_CIN_COUT_ALU_CIN_COUT_ALU_CIN_COUT_ALU_CIN_COUT_ALU_CIN_COUT_ALU_CIN_COUT_ALU_CIN_COUT_ALU_CIN_COUT_ALU_CIN_COUT_ALU_CIN_COUT_ALU_CIN_COUT_ALU_CIN_COUT_ALU_CIN_COUT_ALU_CIN_COUT_ALU_CIN_COUT_ALU_CIN_COUT_ALU_SUM_CIN_ALU_COUT_I0_ALU_SUM_CIN_ALU_COUT_CIN_ALU_COUT_CIN_ALU_COUT_CIN_ALU_COUT_CIN_ALU_COUT_CIN_ALU_COUT_CIN_ALU_COUT_CIN_ALU_COUT_CIN_ALU_COUT_CIN_ALU_COUT_CIN_ALU_COUT_CIN_ALU_COUT_CIN_ALU_COUT_CIN_ALU_COUT.CIN
Info:                          Defined in:
Info:                               rtl/stream_sync_frontend.sv:90.31-90.38
Info:                               /share/gowin/arith_map.v:57.7-63.5
Info:                               /share/gowin/cells_sim.v:1033.25-1033.29
Info:      logic  0.06  3.07 Source logic_core.video.front.v_age_DFFRE_Q_3_D_ALU_SUM_COUT_ALU_CIN_COUT_ALU_CIN_COUT_ALU_CIN_COUT_ALU_CIN_COUT_ALU_CIN_COUT_ALU_CIN_COUT_ALU_CIN_COUT_ALU_CIN_COUT_ALU_CIN_COUT_ALU_CIN_COUT_ALU_CIN_COUT_ALU_CIN_COUT_ALU_CIN_COUT_ALU_CIN_COUT_ALU_CIN_COUT_ALU_CIN_COUT_ALU_SUM_CIN_ALU_COUT_I0_ALU_SUM_CIN_ALU_COUT_CIN_ALU_COUT_CIN_ALU_COUT_CIN_ALU_COUT_CIN_ALU_COUT_CIN_ALU_COUT_CIN_ALU_COUT_CIN_ALU_COUT_CIN_ALU_COUT_CIN_ALU_COUT_CIN_ALU_COUT_CIN_ALU_COUT_CIN_ALU_COUT_CIN_ALU_COUT.COUT
Info:    routing  0.00  3.07 Net logic_core.video.front.v_age_DFFRE_Q_3_D_ALU_SUM_COUT_ALU_CIN_COUT_ALU_CIN_COUT_ALU_CIN_COUT_ALU_CIN_COUT_ALU_CIN_COUT_ALU_CIN_COUT_ALU_CIN_COUT_ALU_CIN_COUT_ALU_CIN_COUT_ALU_CIN_COUT_ALU_CIN_COUT_ALU_CIN_COUT_ALU_CIN_COUT_ALU_CIN_COUT_ALU_CIN_COUT_ALU_CIN_COUT_ALU_SUM_CIN_ALU_COUT_I0_ALU_SUM_CIN_ALU_COUT_CIN_ALU_COUT_CIN_ALU_COUT_CIN_ALU_COUT_CIN_ALU_COUT_CIN_ALU_COUT_CIN_ALU_COUT_CIN_ALU_COUT_CIN_ALU_COUT_CIN_ALU_COUT_CIN_ALU_COUT_CIN_ALU_COUT_CIN_ALU_COUT_CIN (3,1) -> (3,1)
Info:                          Sink logic_core.video.front.v_age_DFFRE_Q_3_D_ALU_SUM_COUT_ALU_CIN_COUT_ALU_CIN_COUT_ALU_CIN_COUT_ALU_CIN_COUT_ALU_CIN_COUT_ALU_CIN_COUT_ALU_CIN_COUT_ALU_CIN_COUT_ALU_CIN_COUT_ALU_CIN_COUT_ALU_CIN_COUT_ALU_CIN_COUT_ALU_CIN_COUT_ALU_CIN_COUT_ALU_CIN_COUT_ALU_CIN_COUT_ALU_SUM_CIN_ALU_COUT_I0_ALU_SUM_CIN_ALU_COUT_CIN_ALU_COUT_CIN_ALU_COUT_CIN_ALU_COUT_CIN_ALU_COUT_CIN_ALU_COUT_CIN_ALU_COUT_CIN_ALU_COUT_CIN_ALU_COUT_CIN_ALU_COUT_CIN_ALU_COUT_CIN_ALU_COUT_CIN_ALU_COUT.CIN
Info:                          Defined in:
Info:                               rtl/stream_sync_frontend.sv:90.31-90.38
Info:                               /share/gowin/arith_map.v:57.7-63.5
Info:                               /share/gowin/cells_sim.v:1033.25-1033.29
Info:      logic  0.06  3.13 Source logic_core.video.front.v_age_DFFRE_Q_3_D_ALU_SUM_COUT_ALU_CIN_COUT_ALU_CIN_COUT_ALU_CIN_COUT_ALU_CIN_COUT_ALU_CIN_COUT_ALU_CIN_COUT_ALU_CIN_COUT_ALU_CIN_COUT_ALU_CIN_COUT_ALU_CIN_COUT_ALU_CIN_COUT_ALU_CIN_COUT_ALU_CIN_COUT_ALU_CIN_COUT_ALU_CIN_COUT_ALU_CIN_COUT_ALU_SUM_CIN_ALU_COUT_I0_ALU_SUM_CIN_ALU_COUT_CIN_ALU_COUT_CIN_ALU_COUT_CIN_ALU_COUT_CIN_ALU_COUT_CIN_ALU_COUT_CIN_ALU_COUT_CIN_ALU_COUT_CIN_ALU_COUT_CIN_ALU_COUT_CIN_ALU_COUT_CIN_ALU_COUT_CIN_ALU_COUT.COUT
Info:    routing  0.00  3.13 Net logic_core.video.front.v_age_DFFRE_Q_3_D_ALU_SUM_COUT_ALU_CIN_COUT_ALU_CIN_COUT_ALU_CIN_COUT_ALU_CIN_COUT_ALU_CIN_COUT_ALU_CIN_COUT_ALU_CIN_COUT_ALU_CIN_COUT_ALU_CIN_COUT_ALU_CIN_COUT_ALU_CIN_COUT_ALU_CIN_COUT_ALU_CIN_COUT_ALU_CIN_COUT_ALU_CIN_COUT_ALU_CIN_COUT_ALU_SUM_CIN_ALU_COUT_I0_ALU_SUM_CIN_ALU_COUT_CIN_ALU_COUT_CIN_ALU_COUT_CIN_ALU_COUT_CIN_ALU_COUT_CIN_ALU_COUT_CIN_ALU_COUT_CIN_ALU_COUT_CIN_ALU_COUT_CIN_ALU_COUT_CIN_ALU_COUT_CIN_ALU_COUT_CIN (3,1) -> (3,1)
Info:                          Sink logic_core.video.front.v_age_DFFRE_Q_3_D_ALU_SUM_COUT_ALU_CIN_COUT_ALU_CIN_COUT_ALU_CIN_COUT_ALU_CIN_COUT_ALU_CIN_COUT_ALU_CIN_COUT_ALU_CIN_COUT_ALU_CIN_COUT_ALU_CIN_COUT_ALU_CIN_COUT_ALU_CIN_COUT_ALU_CIN_COUT_ALU_CIN_COUT_ALU_CIN_COUT_ALU_CIN_COUT_ALU_CIN_COUT_ALU_SUM_CIN_ALU_COUT_I0_ALU_SUM_CIN_ALU_COUT_CIN_ALU_COUT_CIN_ALU_COUT_CIN_ALU_COUT_CIN_ALU_COUT_CIN_ALU_COUT_CIN_ALU_COUT_CIN_ALU_COUT_CIN_ALU_COUT_CIN_ALU_COUT_CIN_ALU_COUT_CIN_ALU_COUT.CIN
Info:                          Defined in:
Info:                               rtl/stream_sync_frontend.sv:90.31-90.38
Info:                               /share/gowin/arith_map.v:57.7-63.5
Info:                               /share/gowin/cells_sim.v:1033.25-1033.29
Info:      logic  0.06  3.18 Source logic_core.video.front.v_age_DFFRE_Q_3_D_ALU_SUM_COUT_ALU_CIN_COUT_ALU_CIN_COUT_ALU_CIN_COUT_ALU_CIN_COUT_ALU_CIN_COUT_ALU_CIN_COUT_ALU_CIN_COUT_ALU_CIN_COUT_ALU_CIN_COUT_ALU_CIN_COUT_ALU_CIN_COUT_ALU_CIN_COUT_ALU_CIN_COUT_ALU_CIN_COUT_ALU_CIN_COUT_ALU_CIN_COUT_ALU_SUM_CIN_ALU_COUT_I0_ALU_SUM_CIN_ALU_COUT_CIN_ALU_COUT_CIN_ALU_COUT_CIN_ALU_COUT_CIN_ALU_COUT_CIN_ALU_COUT_CIN_ALU_COUT_CIN_ALU_COUT_CIN_ALU_COUT_CIN_ALU_COUT_CIN_ALU_COUT_CIN_ALU_COUT.COUT
Info:    routing  0.00  3.18 Net logic_core.video.front.v_age_DFFRE_Q_3_D_ALU_SUM_COUT_ALU_CIN_COUT_ALU_CIN_COUT_ALU_CIN_COUT_ALU_CIN_COUT_ALU_CIN_COUT_ALU_CIN_COUT_ALU_CIN_COUT_ALU_CIN_COUT_ALU_CIN_COUT_ALU_CIN_COUT_ALU_CIN_COUT_ALU_CIN_COUT_ALU_CIN_COUT_ALU_CIN_COUT_ALU_CIN_COUT_ALU_CIN_COUT_ALU_SUM_CIN_ALU_COUT_I0_ALU_SUM_CIN_ALU_COUT_CIN_ALU_COUT_CIN_ALU_COUT_CIN_ALU_COUT_CIN_ALU_COUT_CIN_ALU_COUT_CIN_ALU_COUT_CIN_ALU_COUT_CIN_ALU_COUT_CIN_ALU_COUT_CIN_ALU_COUT_CIN (3,1) -> (3,1)
Info:                          Sink logic_core.video.front.v_age_DFFRE_Q_3_D_ALU_SUM_COUT_ALU_CIN_COUT_ALU_CIN_COUT_ALU_CIN_COUT_ALU_CIN_COUT_ALU_CIN_COUT_ALU_CIN_COUT_ALU_CIN_COUT_ALU_CIN_COUT_ALU_CIN_COUT_ALU_CIN_COUT_ALU_CIN_COUT_ALU_CIN_COUT_ALU_CIN_COUT_ALU_CIN_COUT_ALU_CIN_COUT_ALU_CIN_COUT_ALU_SUM_CIN_ALU_COUT_I0_ALU_SUM_CIN_ALU_COUT_CIN_ALU_COUT_CIN_ALU_COUT_CIN_ALU_COUT_CIN_ALU_COUT_CIN_ALU_COUT_CIN_ALU_COUT_CIN_ALU_COUT_CIN_ALU_COUT_CIN_ALU_COUT_CIN_ALU_COUT.CIN
Info:                          Defined in:
Info:                               rtl/stream_sync_frontend.sv:90.31-90.38
Info:                               /share/gowin/arith_map.v:57.7-63.5
Info:                               /share/gowin/cells_sim.v:1033.25-1033.29
Info:      logic  0.06  3.24 Source logic_core.video.front.v_age_DFFRE_Q_3_D_ALU_SUM_COUT_ALU_CIN_COUT_ALU_CIN_COUT_ALU_CIN_COUT_ALU_CIN_COUT_ALU_CIN_COUT_ALU_CIN_COUT_ALU_CIN_COUT_ALU_CIN_COUT_ALU_CIN_COUT_ALU_CIN_COUT_ALU_CIN_COUT_ALU_CIN_COUT_ALU_CIN_COUT_ALU_CIN_COUT_ALU_CIN_COUT_ALU_CIN_COUT_ALU_SUM_CIN_ALU_COUT_I0_ALU_SUM_CIN_ALU_COUT_CIN_ALU_COUT_CIN_ALU_COUT_CIN_ALU_COUT_CIN_ALU_COUT_CIN_ALU_COUT_CIN_ALU_COUT_CIN_ALU_COUT_CIN_ALU_COUT_CIN_ALU_COUT_CIN_ALU_COUT.COUT
Info:    routing  0.00  3.24 Net logic_core.video.front.v_age_DFFRE_Q_3_D_ALU_SUM_COUT_ALU_CIN_COUT_ALU_CIN_COUT_ALU_CIN_COUT_ALU_CIN_COUT_ALU_CIN_COUT_ALU_CIN_COUT_ALU_CIN_COUT_ALU_CIN_COUT_ALU_CIN_COUT_ALU_CIN_COUT_ALU_CIN_COUT_ALU_CIN_COUT_ALU_CIN_COUT_ALU_CIN_COUT_ALU_CIN_COUT_ALU_CIN_COUT_ALU_SUM_CIN_ALU_COUT_I0_ALU_SUM_CIN_ALU_COUT_CIN_ALU_COUT_CIN_ALU_COUT_CIN_ALU_COUT_CIN_ALU_COUT_CIN_ALU_COUT_CIN_ALU_COUT_CIN_ALU_COUT_CIN_ALU_COUT_CIN_ALU_COUT_CIN (3,1) -> (4,1)
Info:                          Sink logic_core.video.front.v_age_DFFRE_Q_3_D_ALU_SUM_COUT_ALU_CIN_COUT_ALU_CIN_COUT_ALU_CIN_COUT_ALU_CIN_COUT_ALU_CIN_COUT_ALU_CIN_COUT_ALU_CIN_COUT_ALU_CIN_COUT_ALU_CIN_COUT_ALU_CIN_COUT_ALU_CIN_COUT_ALU_CIN_COUT_ALU_CIN_COUT_ALU_CIN_COUT_ALU_CIN_COUT_ALU_CIN_COUT_ALU_SUM_CIN_ALU_COUT_I0_ALU_SUM_CIN_ALU_COUT_CIN_ALU_COUT_CIN_ALU_COUT_CIN_ALU_COUT_CIN_ALU_COUT_CIN_ALU_COUT_CIN_ALU_COUT_CIN_ALU_COUT_CIN_ALU_COUT_CIN_ALU_COUT.CIN
Info:                          Defined in:
Info:                               rtl/stream_sync_frontend.sv:90.31-90.38
Info:                               /share/gowin/arith_map.v:57.7-63.5
Info:                               /share/gowin/cells_sim.v:1033.25-1033.29
Info:      logic  0.06  3.30 Source logic_core.video.front.v_age_DFFRE_Q_3_D_ALU_SUM_COUT_ALU_CIN_COUT_ALU_CIN_COUT_ALU_CIN_COUT_ALU_CIN_COUT_ALU_CIN_COUT_ALU_CIN_COUT_ALU_CIN_COUT_ALU_CIN_COUT_ALU_CIN_COUT_ALU_CIN_COUT_ALU_CIN_COUT_ALU_CIN_COUT_ALU_CIN_COUT_ALU_CIN_COUT_ALU_CIN_COUT_ALU_CIN_COUT_ALU_SUM_CIN_ALU_COUT_I0_ALU_SUM_CIN_ALU_COUT_CIN_ALU_COUT_CIN_ALU_COUT_CIN_ALU_COUT_CIN_ALU_COUT_CIN_ALU_COUT_CIN_ALU_COUT_CIN_ALU_COUT_CIN_ALU_COUT_CIN_ALU_COUT.COUT
Info:    routing  0.00  3.30 Net logic_core.video.front.v_age_DFFRE_Q_3_D_ALU_SUM_COUT_ALU_CIN_COUT_ALU_CIN_COUT_ALU_CIN_COUT_ALU_CIN_COUT_ALU_CIN_COUT_ALU_CIN_COUT_ALU_CIN_COUT_ALU_CIN_COUT_ALU_CIN_COUT_ALU_CIN_COUT_ALU_CIN_COUT_ALU_CIN_COUT_ALU_CIN_COUT_ALU_CIN_COUT_ALU_CIN_COUT_ALU_CIN_COUT_ALU_SUM_CIN_ALU_COUT_I0_ALU_SUM_CIN_ALU_COUT_CIN_ALU_COUT_CIN_ALU_COUT_CIN_ALU_COUT_CIN_ALU_COUT_CIN_ALU_COUT_CIN_ALU_COUT_CIN_ALU_COUT_CIN_ALU_COUT_CIN (4,1) -> (4,1)
Info:                          Sink logic_core.video.front.v_age_DFFRE_Q_3_D_ALU_SUM_COUT_ALU_CIN_COUT_ALU_CIN_COUT_ALU_CIN_COUT_ALU_CIN_COUT_ALU_CIN_COUT_ALU_CIN_COUT_ALU_CIN_COUT_ALU_CIN_COUT_ALU_CIN_COUT_ALU_CIN_COUT_ALU_CIN_COUT_ALU_CIN_COUT_ALU_CIN_COUT_ALU_CIN_COUT_ALU_CIN_COUT_ALU_CIN_COUT_ALU_SUM_CIN_ALU_COUT_I0_ALU_SUM_CIN_ALU_COUT_CIN_ALU_COUT_CIN_ALU_COUT_CIN_ALU_COUT_CIN_ALU_COUT_CIN_ALU_COUT_CIN_ALU_COUT_CIN_ALU_COUT_CIN_ALU_COUT.CIN
Info:                          Defined in:
Info:                               rtl/stream_sync_frontend.sv:90.31-90.38
Info:                               /share/gowin/arith_map.v:57.7-63.5
Info:                               /share/gowin/cells_sim.v:1033.25-1033.29
Info:      logic  0.06  3.36 Source logic_core.video.front.v_age_DFFRE_Q_3_D_ALU_SUM_COUT_ALU_CIN_COUT_ALU_CIN_COUT_ALU_CIN_COUT_ALU_CIN_COUT_ALU_CIN_COUT_ALU_CIN_COUT_ALU_CIN_COUT_ALU_CIN_COUT_ALU_CIN_COUT_ALU_CIN_COUT_ALU_CIN_COUT_ALU_CIN_COUT_ALU_CIN_COUT_ALU_CIN_COUT_ALU_CIN_COUT_ALU_CIN_COUT_ALU_SUM_CIN_ALU_COUT_I0_ALU_SUM_CIN_ALU_COUT_CIN_ALU_COUT_CIN_ALU_COUT_CIN_ALU_COUT_CIN_ALU_COUT_CIN_ALU_COUT_CIN_ALU_COUT_CIN_ALU_COUT_CIN_ALU_COUT.COUT
Info:    routing  0.00  3.36 Net logic_core.video.front.v_age_DFFRE_Q_3_D_ALU_SUM_COUT_ALU_CIN_COUT_ALU_CIN_COUT_ALU_CIN_COUT_ALU_CIN_COUT_ALU_CIN_COUT_ALU_CIN_COUT_ALU_CIN_COUT_ALU_CIN_COUT_ALU_CIN_COUT_ALU_CIN_COUT_ALU_CIN_COUT_ALU_CIN_COUT_ALU_CIN_COUT_ALU_CIN_COUT_ALU_CIN_COUT_ALU_CIN_COUT_ALU_SUM_CIN_ALU_COUT_I0_ALU_SUM_CIN_ALU_COUT_CIN_ALU_COUT_CIN_ALU_COUT_CIN_ALU_COUT_CIN_ALU_COUT_CIN_ALU_COUT_CIN_ALU_COUT_CIN_ALU_COUT_CIN (4,1) -> (4,1)
Info:                          Sink logic_core.video.front.v_age_DFFRE_Q_3_D_ALU_SUM_COUT_ALU_CIN_COUT_ALU_CIN_COUT_ALU_CIN_COUT_ALU_CIN_COUT_ALU_CIN_COUT_ALU_CIN_COUT_ALU_CIN_COUT_ALU_CIN_COUT_ALU_CIN_COUT_ALU_CIN_COUT_ALU_CIN_COUT_ALU_CIN_COUT_ALU_CIN_COUT_ALU_CIN_COUT_ALU_CIN_COUT_ALU_CIN_COUT_ALU_SUM_CIN_ALU_COUT_I0_ALU_SUM_CIN_ALU_COUT_CIN_ALU_COUT_CIN_ALU_COUT_CIN_ALU_COUT_CIN_ALU_COUT_CIN_ALU_COUT_CIN_ALU_COUT_CIN_ALU_COUT.CIN
Info:                          Defined in:
Info:                               rtl/stream_sync_frontend.sv:90.31-90.38
Info:                               /share/gowin/arith_map.v:57.7-63.5
Info:                               /share/gowin/cells_sim.v:1033.25-1033.29
Info:      logic  0.06  3.41 Source logic_core.video.front.v_age_DFFRE_Q_3_D_ALU_SUM_COUT_ALU_CIN_COUT_ALU_CIN_COUT_ALU_CIN_COUT_ALU_CIN_COUT_ALU_CIN_COUT_ALU_CIN_COUT_ALU_CIN_COUT_ALU_CIN_COUT_ALU_CIN_COUT_ALU_CIN_COUT_ALU_CIN_COUT_ALU_CIN_COUT_ALU_CIN_COUT_ALU_CIN_COUT_ALU_CIN_COUT_ALU_CIN_COUT_ALU_SUM_CIN_ALU_COUT_I0_ALU_SUM_CIN_ALU_COUT_CIN_ALU_COUT_CIN_ALU_COUT_CIN_ALU_COUT_CIN_ALU_COUT_CIN_ALU_COUT_CIN_ALU_COUT_CIN_ALU_COUT.COUT
Info:    routing  0.00  3.41 Net logic_core.video.front.v_age_DFFRE_Q_3_D_ALU_SUM_COUT_ALU_CIN_COUT_ALU_CIN_COUT_ALU_CIN_COUT_ALU_CIN_COUT_ALU_CIN_COUT_ALU_CIN_COUT_ALU_CIN_COUT_ALU_CIN_COUT_ALU_CIN_COUT_ALU_CIN_COUT_ALU_CIN_COUT_ALU_CIN_COUT_ALU_CIN_COUT_ALU_CIN_COUT_ALU_CIN_COUT_ALU_CIN_COUT_ALU_SUM_CIN_ALU_COUT_I0_ALU_SUM_CIN_ALU_COUT_CIN_ALU_COUT_CIN_ALU_COUT_CIN_ALU_COUT_CIN_ALU_COUT_CIN_ALU_COUT_CIN_ALU_COUT_CIN (4,1) -> (4,1)
Info:                          Sink logic_core.video.front.v_age_DFFRE_Q_3_D_ALU_SUM_COUT_ALU_CIN_COUT_ALU_CIN_COUT_ALU_CIN_COUT_ALU_CIN_COUT_ALU_CIN_COUT_ALU_CIN_COUT_ALU_CIN_COUT_ALU_CIN_COUT_ALU_CIN_COUT_ALU_CIN_COUT_ALU_CIN_COUT_ALU_CIN_COUT_ALU_CIN_COUT_ALU_CIN_COUT_ALU_CIN_COUT_ALU_CIN_COUT_ALU_SUM_CIN_ALU_COUT_I0_ALU_SUM_CIN_ALU_COUT_CIN_ALU_COUT_CIN_ALU_COUT_CIN_ALU_COUT_CIN_ALU_COUT_CIN_ALU_COUT_CIN_ALU_COUT.CIN
Info:                          Defined in:
Info:                               rtl/stream_sync_frontend.sv:90.31-90.38
Info:                               /share/gowin/arith_map.v:57.7-63.5
Info:                               /share/gowin/cells_sim.v:1033.25-1033.29
Info:      logic  0.06  3.47 Source logic_core.video.front.v_age_DFFRE_Q_3_D_ALU_SUM_COUT_ALU_CIN_COUT_ALU_CIN_COUT_ALU_CIN_COUT_ALU_CIN_COUT_ALU_CIN_COUT_ALU_CIN_COUT_ALU_CIN_COUT_ALU_CIN_COUT_ALU_CIN_COUT_ALU_CIN_COUT_ALU_CIN_COUT_ALU_CIN_COUT_ALU_CIN_COUT_ALU_CIN_COUT_ALU_CIN_COUT_ALU_CIN_COUT_ALU_SUM_CIN_ALU_COUT_I0_ALU_SUM_CIN_ALU_COUT_CIN_ALU_COUT_CIN_ALU_COUT_CIN_ALU_COUT_CIN_ALU_COUT_CIN_ALU_COUT_CIN_ALU_COUT.COUT
Info:    routing  0.00  3.47 Net logic_core.video.front.v_age_DFFRE_Q_3_D_ALU_SUM_COUT_ALU_CIN_COUT_ALU_CIN_COUT_ALU_CIN_COUT_ALU_CIN_COUT_ALU_CIN_COUT_ALU_CIN_COUT_ALU_CIN_COUT_ALU_CIN_COUT_ALU_CIN_COUT_ALU_CIN_COUT_ALU_CIN_COUT_ALU_CIN_COUT_ALU_CIN_COUT_ALU_CIN_COUT_ALU_CIN_COUT_ALU_CIN_COUT_ALU_SUM_CIN_ALU_COUT_I0_ALU_SUM_CIN_ALU_COUT_CIN_ALU_COUT_CIN_ALU_COUT_CIN_ALU_COUT_CIN_ALU_COUT_CIN_ALU_COUT_CIN (4,1) -> (4,1)
Info:                          Sink logic_core.video.front.v_age_DFFRE_Q_3_D_ALU_SUM_COUT_ALU_CIN_COUT_ALU_CIN_COUT_ALU_CIN_COUT_ALU_CIN_COUT_ALU_CIN_COUT_ALU_CIN_COUT_ALU_CIN_COUT_ALU_CIN_COUT_ALU_CIN_COUT_ALU_CIN_COUT_ALU_CIN_COUT_ALU_CIN_COUT_ALU_CIN_COUT_ALU_CIN_COUT_ALU_CIN_COUT_ALU_CIN_COUT_ALU_SUM_CIN_ALU_COUT_I0_ALU_SUM_CIN_ALU_COUT_CIN_ALU_COUT_CIN_ALU_COUT_CIN_ALU_COUT_CIN_ALU_COUT_CIN_ALU_COUT.CIN
Info:                          Defined in:
Info:                               rtl/stream_sync_frontend.sv:90.31-90.38
Info:                               /share/gowin/arith_map.v:57.7-63.5
Info:                               /share/gowin/cells_sim.v:1033.25-1033.29
Info:      logic  0.06  3.53 Source logic_core.video.front.v_age_DFFRE_Q_3_D_ALU_SUM_COUT_ALU_CIN_COUT_ALU_CIN_COUT_ALU_CIN_COUT_ALU_CIN_COUT_ALU_CIN_COUT_ALU_CIN_COUT_ALU_CIN_COUT_ALU_CIN_COUT_ALU_CIN_COUT_ALU_CIN_COUT_ALU_CIN_COUT_ALU_CIN_COUT_ALU_CIN_COUT_ALU_CIN_COUT_ALU_CIN_COUT_ALU_CIN_COUT_ALU_SUM_CIN_ALU_COUT_I0_ALU_SUM_CIN_ALU_COUT_CIN_ALU_COUT_CIN_ALU_COUT_CIN_ALU_COUT_CIN_ALU_COUT_CIN_ALU_COUT.COUT
Info:    routing  0.00  3.53 Net logic_core.video.front.v_age_DFFRE_Q_3_D_ALU_SUM_COUT_ALU_CIN_COUT_ALU_CIN_COUT_ALU_CIN_COUT_ALU_CIN_COUT_ALU_CIN_COUT_ALU_CIN_COUT_ALU_CIN_COUT_ALU_CIN_COUT_ALU_CIN_COUT_ALU_CIN_COUT_ALU_CIN_COUT_ALU_CIN_COUT_ALU_CIN_COUT_ALU_CIN_COUT_ALU_CIN_COUT_ALU_CIN_COUT_ALU_SUM_CIN_ALU_COUT_I0_ALU_SUM_CIN_ALU_COUT_CIN_ALU_COUT_CIN_ALU_COUT_CIN_ALU_COUT_CIN_ALU_COUT_CIN (4,1) -> (4,1)
Info:                          Sink logic_core.video.front.v_age_DFFRE_Q_3_D_ALU_SUM_COUT_ALU_CIN_COUT_ALU_CIN_COUT_ALU_CIN_COUT_ALU_CIN_COUT_ALU_CIN_COUT_ALU_CIN_COUT_ALU_CIN_COUT_ALU_CIN_COUT_ALU_CIN_COUT_ALU_CIN_COUT_ALU_CIN_COUT_ALU_CIN_COUT_ALU_CIN_COUT_ALU_CIN_COUT_ALU_CIN_COUT_ALU_CIN_COUT_ALU_SUM_CIN_ALU_COUT_I0_ALU_SUM_CIN_ALU_COUT_CIN_ALU_COUT_CIN_ALU_COUT_CIN_ALU_COUT_CIN_ALU_COUT.CIN
Info:                          Defined in:
Info:                               rtl/stream_sync_frontend.sv:90.31-90.38
Info:                               /share/gowin/arith_map.v:57.7-63.5
Info:                               /share/gowin/cells_sim.v:1033.25-1033.29
Info:      logic  0.06  3.58 Source logic_core.video.front.v_age_DFFRE_Q_3_D_ALU_SUM_COUT_ALU_CIN_COUT_ALU_CIN_COUT_ALU_CIN_COUT_ALU_CIN_COUT_ALU_CIN_COUT_ALU_CIN_COUT_ALU_CIN_COUT_ALU_CIN_COUT_ALU_CIN_COUT_ALU_CIN_COUT_ALU_CIN_COUT_ALU_CIN_COUT_ALU_CIN_COUT_ALU_CIN_COUT_ALU_CIN_COUT_ALU_CIN_COUT_ALU_SUM_CIN_ALU_COUT_I0_ALU_SUM_CIN_ALU_COUT_CIN_ALU_COUT_CIN_ALU_COUT_CIN_ALU_COUT_CIN_ALU_COUT.COUT
Info:    routing  0.00  3.58 Net logic_core.video.front.v_age_DFFRE_Q_3_D_ALU_SUM_COUT_ALU_CIN_COUT_ALU_CIN_COUT_ALU_CIN_COUT_ALU_CIN_COUT_ALU_CIN_COUT_ALU_CIN_COUT_ALU_CIN_COUT_ALU_CIN_COUT_ALU_CIN_COUT_ALU_CIN_COUT_ALU_CIN_COUT_ALU_CIN_COUT_ALU_CIN_COUT_ALU_CIN_COUT_ALU_CIN_COUT_ALU_CIN_COUT_ALU_SUM_CIN_ALU_COUT_I0_ALU_SUM_CIN_ALU_COUT_CIN_ALU_COUT_CIN_ALU_COUT_CIN_ALU_COUT_CIN (4,1) -> (5,1)
Info:                          Sink logic_core.video.front.v_age_DFFRE_Q_3_D_ALU_SUM_COUT_ALU_CIN_COUT_ALU_CIN_COUT_ALU_CIN_COUT_ALU_CIN_COUT_ALU_CIN_COUT_ALU_CIN_COUT_ALU_CIN_COUT_ALU_CIN_COUT_ALU_CIN_COUT_ALU_CIN_COUT_ALU_CIN_COUT_ALU_CIN_COUT_ALU_CIN_COUT_ALU_CIN_COUT_ALU_CIN_COUT_ALU_CIN_COUT_ALU_SUM_CIN_ALU_COUT_I0_ALU_SUM_CIN_ALU_COUT_CIN_ALU_COUT_CIN_ALU_COUT_CIN_ALU_COUT.CIN
Info:                          Defined in:
Info:                               rtl/stream_sync_frontend.sv:90.31-90.38
Info:                               /share/gowin/arith_map.v:57.7-63.5
Info:                               /share/gowin/cells_sim.v:1033.25-1033.29
Info:      logic  0.56  4.15 Source logic_core.video.front.v_age_DFFRE_Q_3_D_ALU_SUM_COUT_ALU_CIN_COUT_ALU_CIN_COUT_ALU_CIN_COUT_ALU_CIN_COUT_ALU_CIN_COUT_ALU_CIN_COUT_ALU_CIN_COUT_ALU_CIN_COUT_ALU_CIN_COUT_ALU_CIN_COUT_ALU_CIN_COUT_ALU_CIN_COUT_ALU_CIN_COUT_ALU_CIN_COUT_ALU_CIN_COUT_ALU_CIN_COUT_ALU_SUM_CIN_ALU_COUT_I0_ALU_SUM_CIN_ALU_COUT_CIN_ALU_COUT_CIN_ALU_COUT_CIN_ALU_COUT.SUM
Info:    routing  1.22  5.36 Net logic_core.video.front.v_age_DFFRE_Q_3_D_ALU_SUM_COUT_ALU_CIN_COUT_ALU_CIN_COUT_ALU_CIN_COUT_ALU_CIN_COUT_ALU_CIN_COUT_ALU_CIN_COUT_ALU_CIN_COUT_ALU_CIN_COUT_ALU_CIN_COUT_ALU_CIN_COUT_ALU_CIN_COUT_ALU_CIN_COUT_ALU_CIN_COUT_ALU_CIN_COUT_ALU_CIN_COUT_ALU_CIN_COUT_ALU_SUM_CIN_ALU_COUT_I0_ALU_SUM_CIN_ALU_COUT_CIN_ALU_COUT_CIN_ALU_COUT_CIN_ALU_COUT_SUM (5,1) -> (6,2)
Info:                          Sink logic_core.video.front.v_age_DFFRE_Q_3_D_ALU_SUM_COUT_ALU_CIN_COUT_ALU_CIN_COUT_ALU_CIN_COUT_ALU_CIN_COUT_ALU_CIN_COUT_ALU_CIN_COUT_ALU_CIN_COUT_ALU_CIN_COUT_ALU_CIN_COUT_ALU_CIN_COUT_ALU_CIN_COUT_ALU_CIN_COUT_ALU_CIN_COUT_ALU_CIN_COUT_ALU_CIN_COUT_ALU_CIN_COUT_ALU_SUM_CIN_ALU_COUT_CIN_ALU_COUT_CIN_ALU_COUT_CIN_ALU_COUT_CIN_ALU_COUT.I0
Info:      logic  0.96  6.32 Source logic_core.video.front.v_age_DFFRE_Q_3_D_ALU_SUM_COUT_ALU_CIN_COUT_ALU_CIN_COUT_ALU_CIN_COUT_ALU_CIN_COUT_ALU_CIN_COUT_ALU_CIN_COUT_ALU_CIN_COUT_ALU_CIN_COUT_ALU_CIN_COUT_ALU_CIN_COUT_ALU_CIN_COUT_ALU_CIN_COUT_ALU_CIN_COUT_ALU_CIN_COUT_ALU_CIN_COUT_ALU_CIN_COUT_ALU_SUM_CIN_ALU_COUT_CIN_ALU_COUT_CIN_ALU_COUT_CIN_ALU_COUT_CIN_ALU_COUT.COUT
Info:    routing  0.00  6.32 Net logic_core.video.front.v_age_DFFRE_Q_3_D_ALU_SUM_COUT_ALU_CIN_COUT_ALU_CIN_COUT_ALU_CIN_COUT_ALU_CIN_COUT_ALU_CIN_COUT_ALU_CIN_COUT_ALU_CIN_COUT_ALU_CIN_COUT_ALU_CIN_COUT_ALU_CIN_COUT_ALU_CIN_COUT_ALU_CIN_COUT_ALU_CIN_COUT_ALU_CIN_COUT_ALU_CIN_COUT_ALU_CIN_COUT_ALU_SUM_CIN_ALU_COUT_CIN_ALU_COUT_CIN_ALU_COUT_CIN_ALU_COUT_CIN (6,2) -> (6,2)
Info:                          Sink logic_core.video.front.v_age_DFFRE_Q_3_D_ALU_SUM_COUT_ALU_CIN_COUT_ALU_CIN_COUT_ALU_CIN_COUT_ALU_CIN_COUT_ALU_CIN_COUT_ALU_CIN_COUT_ALU_CIN_COUT_ALU_CIN_COUT_ALU_CIN_COUT_ALU_CIN_COUT_ALU_CIN_COUT_ALU_CIN_COUT_ALU_CIN_COUT_ALU_CIN_COUT_ALU_CIN_COUT_ALU_CIN_COUT_ALU_SUM_CIN_ALU_COUT_CIN_ALU_COUT_CIN_ALU_COUT_CIN_ALU_COUT.CIN
Info:                          Defined in:
Info:                               rtl/stream_sync_frontend.sv:90.31-90.56
Info:                               /share/gowin/arith_map.v:57.7-63.5
Info:                               /share/gowin/cells_sim.v:1033.25-1033.29
Info:      logic  0.06  6.38 Source logic_core.video.front.v_age_DFFRE_Q_3_D_ALU_SUM_COUT_ALU_CIN_COUT_ALU_CIN_COUT_ALU_CIN_COUT_ALU_CIN_COUT_ALU_CIN_COUT_ALU_CIN_COUT_ALU_CIN_COUT_ALU_CIN_COUT_ALU_CIN_COUT_ALU_CIN_COUT_ALU_CIN_COUT_ALU_CIN_COUT_ALU_CIN_COUT_ALU_CIN_COUT_ALU_CIN_COUT_ALU_CIN_COUT_ALU_SUM_CIN_ALU_COUT_CIN_ALU_COUT_CIN_ALU_COUT_CIN_ALU_COUT.COUT
Info:    routing  0.00  6.38 Net logic_core.video.front.v_age_DFFRE_Q_3_D_ALU_SUM_COUT_ALU_CIN_COUT_ALU_CIN_COUT_ALU_CIN_COUT_ALU_CIN_COUT_ALU_CIN_COUT_ALU_CIN_COUT_ALU_CIN_COUT_ALU_CIN_COUT_ALU_CIN_COUT_ALU_CIN_COUT_ALU_CIN_COUT_ALU_CIN_COUT_ALU_CIN_COUT_ALU_CIN_COUT_ALU_CIN_COUT_ALU_CIN_COUT_ALU_SUM_CIN_ALU_COUT_CIN_ALU_COUT_CIN_ALU_COUT_CIN (6,2) -> (6,2)
Info:                          Sink logic_core.video.front.v_age_DFFRE_Q_3_D_ALU_SUM_COUT_ALU_CIN_COUT_ALU_CIN_COUT_ALU_CIN_COUT_ALU_CIN_COUT_ALU_CIN_COUT_ALU_CIN_COUT_ALU_CIN_COUT_ALU_CIN_COUT_ALU_CIN_COUT_ALU_CIN_COUT_ALU_CIN_COUT_ALU_CIN_COUT_ALU_CIN_COUT_ALU_CIN_COUT_ALU_CIN_COUT_ALU_CIN_COUT_ALU_SUM_CIN_ALU_COUT_CIN_ALU_COUT_CIN_ALU_COUT.CIN
Info:                          Defined in:
Info:                               rtl/stream_sync_frontend.sv:90.31-90.56
Info:                               /share/gowin/arith_map.v:57.7-63.5
Info:                               /share/gowin/cells_sim.v:1033.25-1033.29
Info:      logic  0.06  6.44 Source logic_core.video.front.v_age_DFFRE_Q_3_D_ALU_SUM_COUT_ALU_CIN_COUT_ALU_CIN_COUT_ALU_CIN_COUT_ALU_CIN_COUT_ALU_CIN_COUT_ALU_CIN_COUT_ALU_CIN_COUT_ALU_CIN_COUT_ALU_CIN_COUT_ALU_CIN_COUT_ALU_CIN_COUT_ALU_CIN_COUT_ALU_CIN_COUT_ALU_CIN_COUT_ALU_CIN_COUT_ALU_CIN_COUT_ALU_SUM_CIN_ALU_COUT_CIN_ALU_COUT_CIN_ALU_COUT.COUT
Info:    routing  0.00  6.44 Net logic_core.video.front.v_age_DFFRE_Q_3_D_ALU_SUM_COUT_ALU_CIN_COUT_ALU_CIN_COUT_ALU_CIN_COUT_ALU_CIN_COUT_ALU_CIN_COUT_ALU_CIN_COUT_ALU_CIN_COUT_ALU_CIN_COUT_ALU_CIN_COUT_ALU_CIN_COUT_ALU_CIN_COUT_ALU_CIN_COUT_ALU_CIN_COUT_ALU_CIN_COUT_ALU_CIN_COUT_ALU_CIN_COUT_ALU_SUM_CIN_ALU_COUT_CIN_ALU_COUT_CIN (6,2) -> (6,2)
Info:                          Sink logic_core.video.front.v_age_DFFRE_Q_3_D_ALU_SUM_COUT_ALU_CIN_COUT_ALU_CIN_COUT_ALU_CIN_COUT_ALU_CIN_COUT_ALU_CIN_COUT_ALU_CIN_COUT_ALU_CIN_COUT_ALU_CIN_COUT_ALU_CIN_COUT_ALU_CIN_COUT_ALU_CIN_COUT_ALU_CIN_COUT_ALU_CIN_COUT_ALU_CIN_COUT_ALU_CIN_COUT_ALU_CIN_COUT_ALU_SUM_CIN_ALU_COUT_CIN_ALU_COUT.CIN
Info:                          Defined in:
Info:                               rtl/stream_sync_frontend.sv:90.31-90.56
Info:                               /share/gowin/arith_map.v:57.7-63.5
Info:                               /share/gowin/cells_sim.v:1033.25-1033.29
Info:      logic  0.06  6.49 Source logic_core.video.front.v_age_DFFRE_Q_3_D_ALU_SUM_COUT_ALU_CIN_COUT_ALU_CIN_COUT_ALU_CIN_COUT_ALU_CIN_COUT_ALU_CIN_COUT_ALU_CIN_COUT_ALU_CIN_COUT_ALU_CIN_COUT_ALU_CIN_COUT_ALU_CIN_COUT_ALU_CIN_COUT_ALU_CIN_COUT_ALU_CIN_COUT_ALU_CIN_COUT_ALU_CIN_COUT_ALU_CIN_COUT_ALU_SUM_CIN_ALU_COUT_CIN_ALU_COUT.COUT
Info:    routing  0.00  6.49 Net logic_core.video.front.v_age_DFFRE_Q_3_D_ALU_SUM_COUT_ALU_CIN_COUT_ALU_CIN_COUT_ALU_CIN_COUT_ALU_CIN_COUT_ALU_CIN_COUT_ALU_CIN_COUT_ALU_CIN_COUT_ALU_CIN_COUT_ALU_CIN_COUT_ALU_CIN_COUT_ALU_CIN_COUT_ALU_CIN_COUT_ALU_CIN_COUT_ALU_CIN_COUT_ALU_CIN_COUT_ALU_CIN_COUT_ALU_SUM_CIN_ALU_COUT_CIN (6,2) -> (6,2)
Info:                          Sink logic_core.video.front.v_age_DFFRE_Q_3_D_ALU_SUM_COUT_ALU_CIN_COUT_ALU_CIN_COUT_ALU_CIN_COUT_ALU_CIN_COUT_ALU_CIN_COUT_ALU_CIN_COUT_ALU_CIN_COUT_ALU_CIN_COUT_ALU_CIN_COUT_ALU_CIN_COUT_ALU_CIN_COUT_ALU_CIN_COUT_ALU_CIN_COUT_ALU_CIN_COUT_ALU_CIN_COUT_ALU_CIN_COUT_ALU_SUM_CIN_ALU_COUT.CIN
Info:                          Defined in:
Info:                               rtl/stream_sync_frontend.sv:90.31-90.56
Info:                               /share/gowin/arith_map.v:57.7-63.5
Info:                               /share/gowin/cells_sim.v:1033.25-1033.29
Info:      logic  0.06  6.55 Source logic_core.video.front.v_age_DFFRE_Q_3_D_ALU_SUM_COUT_ALU_CIN_COUT_ALU_CIN_COUT_ALU_CIN_COUT_ALU_CIN_COUT_ALU_CIN_COUT_ALU_CIN_COUT_ALU_CIN_COUT_ALU_CIN_COUT_ALU_CIN_COUT_ALU_CIN_COUT_ALU_CIN_COUT_ALU_CIN_COUT_ALU_CIN_COUT_ALU_CIN_COUT_ALU_CIN_COUT_ALU_CIN_COUT_ALU_SUM_CIN_ALU_COUT.COUT
Info:    routing  0.00  6.55 Net logic_core.video.front.v_age_DFFRE_Q_3_D_ALU_SUM_COUT_ALU_CIN_COUT_ALU_CIN_COUT_ALU_CIN_COUT_ALU_CIN_COUT_ALU_CIN_COUT_ALU_CIN_COUT_ALU_CIN_COUT_ALU_CIN_COUT_ALU_CIN_COUT_ALU_CIN_COUT_ALU_CIN_COUT_ALU_CIN_COUT_ALU_CIN_COUT_ALU_CIN_COUT_ALU_CIN_COUT_ALU_CIN_COUT_ALU_SUM_CIN (6,2) -> (7,2)
Info:                          Sink logic_core.video.front.v_age_DFFRE_Q_3_D_ALU_SUM_COUT_ALU_CIN_COUT_ALU_CIN_COUT_ALU_CIN_COUT_ALU_CIN_COUT_ALU_CIN_COUT_ALU_CIN_COUT_ALU_CIN_COUT_ALU_CIN_COUT_ALU_CIN_COUT_ALU_CIN_COUT_ALU_CIN_COUT_ALU_CIN_COUT_ALU_CIN_COUT_ALU_CIN_COUT_ALU_CIN_COUT_ALU_CIN_COUT_ALU_SUM.CIN
Info:                          Defined in:
Info:                               rtl/stream_sync_frontend.sv:90.31-90.56
Info:                               /share/gowin/arith_map.v:57.7-63.5
Info:                               /share/gowin/cells_sim.v:1033.25-1033.29
Info:      logic  0.56  7.11 Source logic_core.video.front.v_age_DFFRE_Q_3_D_ALU_SUM_COUT_ALU_CIN_COUT_ALU_CIN_COUT_ALU_CIN_COUT_ALU_CIN_COUT_ALU_CIN_COUT_ALU_CIN_COUT_ALU_CIN_COUT_ALU_CIN_COUT_ALU_CIN_COUT_ALU_CIN_COUT_ALU_CIN_COUT_ALU_CIN_COUT_ALU_CIN_COUT_ALU_CIN_COUT_ALU_CIN_COUT_ALU_CIN_COUT_ALU_SUM.SUM
Info:    routing  0.33  7.44 Net logic_core.video.front.v_age_DFFRE_Q_3_D_ALU_SUM_COUT_ALU_CIN_COUT_ALU_CIN_COUT_ALU_CIN_COUT_ALU_CIN_COUT_ALU_CIN_COUT_ALU_CIN_COUT_ALU_CIN_COUT_ALU_CIN_COUT_ALU_CIN_COUT_ALU_CIN_COUT_ALU_CIN_COUT_ALU_CIN_COUT_ALU_CIN_COUT_ALU_CIN_COUT_ALU_CIN_COUT_ALU_CIN_COUT[4] (7,2) -> (7,2)
Info:                          Sink logic_core.video.front.have_vs_LUT4_I0_F_MUX2_LUT5_I0.S0
Info:                          Defined in:
Info:                               /share/gowin/cells_map.v:130.20-130.21
Info:      logic  0.18  7.62 Source logic_core.video.front.have_vs_LUT4_I0_F_MUX2_LUT5_I0.O
Info:    routing  0.89  8.51 Net logic_core.video.front.have_vs_LUT4_I0_F_MUX2_LUT5_I0_O[3] (7,2) -> (8,2)
Info:                          Sink logic_core.video.front.vs_delay_DFFRE_Q_CE_MUX2_LUT5_O_I1_LUT4_F.I3
Info:                          Defined in:
Info:                               /share/gowin/cells_map.v:130.20-130.21
Info:      logic  0.62  9.13 Source logic_core.video.front.vs_delay_DFFRE_Q_CE_MUX2_LUT5_O_I1_LUT4_F.F
Info:    routing  0.00  9.13 Net logic_core.video.front.vs_delay_DFFRE_Q_CE_MUX2_LUT5_O_I1 (8,2) -> (8,2)
Info:                          Sink logic_core.video.front.vs_delay_DFFRE_Q_CE_MUX2_LUT5_O.I1
Info:                          Defined in:
Info:                               /share/gowin/cells_map.v:151.13-151.15
Info:      logic  0.50  9.63 Source logic_core.video.front.vs_delay_DFFRE_Q_CE_MUX2_LUT5_O.O
Info:    routing  1.70  11.33 Net logic_core.video.front.vs_delay_DFFRE_Q_CE (8,2) -> (8,2)
Info:                          Sink logic_core.video.front.vs_delay_DFFRE_Q_3.CE
Info:      setup  0.04  11.37 Source logic_core.video.front.vs_delay_DFFRE_Q_3.CE
Info: 5.96 ns logic, 5.41 ns routing

Info: Critical path report for clock 'logic_core.clk_ref' (posedge -> posedge):
Info:       type curr  total name
Info:   clk-to-q  0.46  0.46 Source startup.released_DFF_Q_1.Q
Info:    routing  0.41  0.87 Net startup.released[31] (14,4) -> (14,5)
Info:                          Sink clocks.locked_LUT4_I0.I1
Info:                          Defined in:
Info:                               rtl/configuration_reset.sv:7.22-7.30
Info:      logic  1.10  1.97 Source clocks.locked_LUT4_I0.F
Info:    routing  0.00  1.97 Net clocks.locked_LUT4_I0_F (14,5) -> (14,5)
Info:                          Sink clocks.locked_LUT4_I0_F_MUX2_LUT5_I1.I1
Info:                          Defined in:
Info:                               /share/gowin/cells_map.v:171.43-171.68
Info:                               /share/gowin/cells_map.v:164.41-164.66
Info:                               /share/gowin/cells_map.v:158.41-158.66
Info:                               /share/gowin/cells_map.v:151.13-151.15
Info:      logic  0.50  2.47 Source clocks.locked_LUT4_I0_F_MUX2_LUT5_I1.O
Info:    routing  0.00  2.47 Net clocks.locked_LUT4_I0_F_MUX2_LUT5_I1_O (14,5) -> (14,5)
Info:                          Sink clocks.locked_LUT4_I0_F_MUX2_LUT5_I1_O_MUX2_LUT6_I0.I0
Info:                          Defined in:
Info:                               /share/gowin/cells_map.v:171.43-171.68
Info:                               /share/gowin/cells_map.v:164.41-164.66
Info:                               /share/gowin/cells_map.v:157.9-157.11
Info:      logic  0.47  2.94 Source clocks.locked_LUT4_I0_F_MUX2_LUT5_I1_O_MUX2_LUT6_I0.O
Info:    routing  0.00  2.94 Net clocks.locked_LUT4_I0_F_MUX2_LUT5_I1_O_MUX2_LUT6_I0_O (14,5) -> (14,5)
Info:                          Sink clocks.locked_LUT4_I0_F_MUX2_LUT5_I1_O_MUX2_LUT6_I0_O_MUX2_LUT7_I0.I0
Info:                          Defined in:
Info:                               /share/gowin/cells_map.v:171.43-171.68
Info:                               /share/gowin/cells_map.v:163.9-163.11
Info:      logic  0.47  3.41 Source clocks.locked_LUT4_I0_F_MUX2_LUT5_I1_O_MUX2_LUT6_I0_O_MUX2_LUT7_I0.O
Info:    routing  0.00  3.41 Net clocks.locked_LUT4_I0_F_MUX2_LUT5_I1_O_MUX2_LUT6_I0_O_MUX2_LUT7_I0_O (14,5) -> (14,5)
Info:                          Sink clocks.locked_LUT4_I0_F_MUX2_LUT5_I1_O_MUX2_LUT6_I0_O_MUX2_LUT7_I0_O_MUX2_LUT8_I1.I1
Info:                          Defined in:
Info:                               /share/gowin/cells_map.v:169.13-169.15
Info:      logic  0.50  3.91 Source clocks.locked_LUT4_I0_F_MUX2_LUT5_I1_O_MUX2_LUT6_I0_O_MUX2_LUT7_I0_O_MUX2_LUT8_I1.O
Info:    routing  0.81  4.72 Net clocks.locked_LUT4_I0_F_MUX2_LUT5_I1_O_MUX2_LUT6_I0_O_MUX2_LUT7_I0_O_MUX2_LUT8_I1_O[0] (14,5) -> (13,5)
Info:                          Sink logic_core.clocks.guard.heartbeat_sync_LUT3_I0_F_LUT3_I0_I2_ALU_SUM_CIN_ALU_COUT_SUM_ALU_SUM_2_I0_DFFC_Q.CLEAR
Info:                          Defined in:
Info:                               /share/gowin/cells_map.v:130.20-130.21
Info:      logic  1.86  6.58 Source logic_core.clocks.guard.heartbeat_sync_LUT3_I0_F_LUT3_I0_I2_ALU_SUM_CIN_ALU_COUT_SUM_ALU_SUM_2_I0_DFFC_Q.Q
Info:    routing  0.89  7.47 Net logic_core.clocks.guard.heartbeat_sync_LUT3_I0_F_LUT3_I0_I2_ALU_SUM_CIN_ALU_COUT_SUM_ALU_SUM_2_I0 (13,5) -> (13,4)
Info:                          Sink logic_core.clocks.guard.heartbeat_sync_LUT3_I0_F_LUT3_I0_I2_ALU_SUM_CIN_ALU_COUT_SUM_ALU_SUM_2.I0
Info:      logic  0.96  8.43 Source logic_core.clocks.guard.heartbeat_sync_LUT3_I0_F_LUT3_I0_I2_ALU_SUM_CIN_ALU_COUT_SUM_ALU_SUM_2.COUT
Info:    routing  0.00  8.43 Net logic_core.clocks.guard.heartbeat_sync_LUT3_I0_F_LUT3_I0_I2_ALU_SUM_CIN_ALU_COUT_SUM_ALU_SUM_2_COUT (13,4) -> (13,4)
Info:                          Sink logic_core.clocks.guard.heartbeat_sync_LUT3_I0_F_LUT3_I0_I2_ALU_SUM_CIN_ALU_COUT_SUM_ALU_SUM.CIN
Info:                          Defined in:
Info:                               rtl/video_clock_guard.sv:59.25-59.47
Info:                               /share/gowin/arith_map.v:57.7-63.5
Info:                               /share/gowin/cells_sim.v:1033.25-1033.29
Info:      logic  0.06  8.48 Source logic_core.clocks.guard.heartbeat_sync_LUT3_I0_F_LUT3_I0_I2_ALU_SUM_CIN_ALU_COUT_SUM_ALU_SUM.COUT
Info:    routing  0.00  8.48 Net logic_core.clocks.guard.heartbeat_sync_LUT3_I0_F_LUT3_I0_I2_ALU_SUM_CIN_ALU_COUT_SUM_ALU_SUM_COUT (13,4) -> (13,4)
Info:                          Sink logic_core.clocks.guard.heartbeat_sync_LUT3_I0_F_LUT3_I0_I2_ALU_SUM_CIN_ALU_COUT_SUM_ALU_SUM_1.CIN
Info:                          Defined in:
Info:                               rtl/video_clock_guard.sv:59.25-59.47
Info:                               /share/gowin/arith_map.v:57.7-63.5
Info:                               /share/gowin/cells_sim.v:1033.25-1033.29
Info:      logic  0.56  9.05 Source logic_core.clocks.guard.heartbeat_sync_LUT3_I0_F_LUT3_I0_I2_ALU_SUM_CIN_ALU_COUT_SUM_ALU_SUM_1.SUM
Info:    routing  1.28  10.33 Net logic_core.clocks.guard.heartbeat_sync_LUT3_I0_F_LUT3_I0_I2_ALU_SUM_CIN_ALU_COUT_SUM[3] (13,4) -> (15,6)
Info:                          Sink logic_core.clocks.guard.heartbeat_sync_LUT3_I0_F_LUT3_I0_I2_ALU_SUM_COUT_ALU_CIN_SUM_ALU_I0_CIN_ALU_COUT_CIN_ALU_COUT_CIN_ALU_COUT_CIN_ALU_COUT.I0
Info:                          Defined in:
Info:                               /share/gowin/cells_map.v:130.20-130.21
Info:      logic  0.96  11.29 Source logic_core.clocks.guard.heartbeat_sync_LUT3_I0_F_LUT3_I0_I2_ALU_SUM_COUT_ALU_CIN_SUM_ALU_I0_CIN_ALU_COUT_CIN_ALU_COUT_CIN_ALU_COUT_CIN_ALU_COUT.COUT
Info:    routing  0.00  11.29 Net logic_core.clocks.guard.heartbeat_sync_LUT3_I0_F_LUT3_I0_I2_ALU_SUM_COUT_ALU_CIN_SUM_ALU_I0_CIN_ALU_COUT_CIN_ALU_COUT_CIN_ALU_COUT_CIN (15,6) -> (15,6)
Info:                          Sink logic_core.clocks.guard.heartbeat_sync_LUT3_I0_F_LUT3_I0_I2_ALU_SUM_COUT_ALU_CIN_SUM_ALU_I0_CIN_ALU_COUT_CIN_ALU_COUT_CIN_ALU_COUT.CIN
Info:                          Defined in:
Info:                               rtl/video_clock_guard.sv:55.33-55.55
Info:                               /share/gowin/arith_map.v:57.7-63.5
Info:                               /share/gowin/cells_sim.v:1033.25-1033.29
Info:      logic  0.06  11.35 Source logic_core.clocks.guard.heartbeat_sync_LUT3_I0_F_LUT3_I0_I2_ALU_SUM_COUT_ALU_CIN_SUM_ALU_I0_CIN_ALU_COUT_CIN_ALU_COUT_CIN_ALU_COUT.COUT
Info:    routing  0.00  11.35 Net logic_core.clocks.guard.heartbeat_sync_LUT3_I0_F_LUT3_I0_I2_ALU_SUM_COUT_ALU_CIN_SUM_ALU_I0_CIN_ALU_COUT_CIN_ALU_COUT_CIN (15,6) -> (15,6)
Info:                          Sink logic_core.clocks.guard.heartbeat_sync_LUT3_I0_F_LUT3_I0_I2_ALU_SUM_COUT_ALU_CIN_SUM_ALU_I0_CIN_ALU_COUT_CIN_ALU_COUT.CIN
Info:                          Defined in:
Info:                               rtl/video_clock_guard.sv:55.33-55.55
Info:                               /share/gowin/arith_map.v:57.7-63.5
Info:                               /share/gowin/cells_sim.v:1033.25-1033.29
Info:      logic  0.06  11.40 Source logic_core.clocks.guard.heartbeat_sync_LUT3_I0_F_LUT3_I0_I2_ALU_SUM_COUT_ALU_CIN_SUM_ALU_I0_CIN_ALU_COUT_CIN_ALU_COUT.COUT
Info:    routing  0.00  11.40 Net logic_core.clocks.guard.heartbeat_sync_LUT3_I0_F_LUT3_I0_I2_ALU_SUM_COUT_ALU_CIN_SUM_ALU_I0_CIN_ALU_COUT_CIN (15,6) -> (15,6)
Info:                          Sink logic_core.clocks.guard.heartbeat_sync_LUT3_I0_F_LUT3_I0_I2_ALU_SUM_COUT_ALU_CIN_SUM_ALU_I0_CIN_ALU_COUT.CIN
Info:                          Defined in:
Info:                               rtl/video_clock_guard.sv:55.33-55.55
Info:                               /share/gowin/arith_map.v:57.7-63.5
Info:                               /share/gowin/cells_sim.v:1033.25-1033.29
Info:      logic  0.06  11.46 Source logic_core.clocks.guard.heartbeat_sync_LUT3_I0_F_LUT3_I0_I2_ALU_SUM_COUT_ALU_CIN_SUM_ALU_I0_CIN_ALU_COUT.COUT
Info:    routing  0.00  11.46 Net logic_core.clocks.guard.heartbeat_sync_LUT3_I0_F_LUT3_I0_I2_ALU_SUM_COUT_ALU_CIN_SUM_ALU_I0_CIN (15,6) -> (15,6)
Info:                          Sink logic_core.clocks.guard.heartbeat_sync_LUT3_I0_F_LUT3_I0_I2_ALU_SUM_COUT_ALU_CIN_SUM_ALU_I0.CIN
Info:                          Defined in:
Info:                               rtl/video_clock_guard.sv:55.33-55.55
Info:                               /share/gowin/arith_map.v:57.7-63.5
Info:                               /share/gowin/cells_sim.v:1033.25-1033.29
Info:      logic  0.06  11.52 Source logic_core.clocks.guard.heartbeat_sync_LUT3_I0_F_LUT3_I0_I2_ALU_SUM_COUT_ALU_CIN_SUM_ALU_I0.COUT
Info:    routing  0.00  11.52 Net logic_core.clocks.guard.heartbeat_sync_LUT3_I0_F_LUT3_I0_I2_ALU_SUM_COUT_ALU_CIN_SUM_ALU_I0_COUT (15,6) -> (16,6)
Info:                          Sink logic_core.clocks.guard.heartbeat_sync_LUT3_I0_F_LUT3_I0_I2_ALU_SUM_COUT_ALU_CIN_SUM_ALU_I0_COUT_ALU_CIN.CIN
Info:                          Defined in:
Info:                               rtl/video_clock_guard.sv:55.33-55.55
Info:                               /share/gowin/arith_map.v:57.7-63.5
Info:                               /share/gowin/cells_sim.v:1033.25-1033.29
Info:      logic  0.56  12.08 Source logic_core.clocks.guard.heartbeat_sync_LUT3_I0_F_LUT3_I0_I2_ALU_SUM_COUT_ALU_CIN_SUM_ALU_I0_COUT_ALU_CIN.SUM
Info:    routing  0.33  12.41 Net logic_core.clocks.guard.heartbeat_sync_LUT3_I0_F_LUT3_I0_I2_ALU_SUM_COUT_ALU_CIN_SUM_ALU_I0_COUT_ALU_CIN_SUM[2] (16,6) -> (16,6)
Info:                          Sink clocks.locked_LUT4_I0_F_MUX2_LUT5_I1_O_MUX2_LUT6_I0_O_MUX2_LUT7_I0_O_MUX2_LUT8_I1_O_DFFCE_Q_CE_LUT3_F_I0_ALU_COUT_I0_LUT3_I0_F_DFFCE_CE_Q_LUT4_F.I2
Info:                          Defined in:
Info:                               /share/gowin/cells_map.v:130.20-130.21
Info:      logic  0.82  13.23 Source clocks.locked_LUT4_I0_F_MUX2_LUT5_I1_O_MUX2_LUT6_I0_O_MUX2_LUT7_I0_O_MUX2_LUT8_I1_O_DFFCE_Q_CE_LUT3_F_I0_ALU_COUT_I0_LUT3_I0_F_DFFCE_CE_Q_LUT4_F.F
Info:    routing  0.00  13.23 Net clocks.locked_LUT4_I0_F_MUX2_LUT5_I1_O_MUX2_LUT6_I0_O_MUX2_LUT7_I0_O_MUX2_LUT8_I1_O_DFFCE_Q_CE_LUT3_F_I0_ALU_COUT_CIN_ALU_COUT_SUM[1] (16,6) -> (16,6)
Info:                          Sink clocks.locked_LUT4_I0_F_MUX2_LUT5_I1_O_MUX2_LUT6_I0_O_MUX2_LUT7_I0_O_MUX2_LUT8_I1_O_DFFCE_Q.D
Info:                          Defined in:
Info:                               /share/gowin/cells_map.v:130.20-130.21
Info:      setup  0.40  13.63 Source clocks.locked_LUT4_I0_F_MUX2_LUT5_I1_O_MUX2_LUT6_I0_O_MUX2_LUT7_I0_O_MUX2_LUT8_I1_O_DFFCE_Q.D
Info: 9.91 ns logic, 3.72 ns routing

Info: Critical path report for cross-domain path 'posedge video_clock' -> 'posedge logic_core.clk_ref':
Info:       type curr  total name
Info:   clk-to-q  0.46  0.46 Source logic_core.clocks.guard.release_pipe_DFFP_Q.Q
Info:    routing  0.81  1.26 Net logic_core.clocks.guard.permit_LUT1_I0_F_DFFP_PRESET_Q[2] (10,8) -> (10,6)
Info:                          Sink logic_core.output_stage.permit_LUT4_F.I2
Info:                          Defined in:
Info:                               rtl/video_clock_guard.sv:69.38-69.50
Info:      logic  0.82  2.09 Source logic_core.output_stage.permit_LUT4_F.F
Info:    routing  0.00  2.09 Net logic_core.permit (10,6) -> (10,6)
Info:                          Sink logic_core.clocks.guard.ready_sync_DFFC_Q.D
Info:                          Defined in:
Info:                               rtl/amiga_logic_core.sv:23.45-23.51
Info:      setup  0.40  2.48 Source logic_core.clocks.guard.ready_sync_DFFC_Q.D
Info: 1.68 ns logic, 0.81 ns routing

Info: Max frequency for clock   'clocks.adc_clock': 310.75 MHz (PASS at 28.38 MHz)
Info: Max frequency for clock        'video_clock': 87.94 MHz (PASS at 56.75 MHz)
Info: Max frequency for clock 'logic_core.clk_ref': 73.38 MHz (PASS at 27.00 MHz)

Info: Max delay posedge video_clock -> posedge logic_core.clk_ref: 2.48 ns

Info: Slack histogram:
Info:  legend: * represents 2 endpoint(s)
Info:          + represents [1,2) endpoint(s)
Info: [  6249,   7671) |**+
Info: [  7671,   9093) |***************+
Info: [  9093,  10515) |*+
Info: [ 10515,  11937) |******+
Info: [ 11937,  13359) |*******+
Info: [ 13359,  14781) |***************************+
Info: [ 14781,  16203) |************************************************************ 
Info: [ 16203,  17625) |***********+
Info: [ 17625,  19047) | 
Info: [ 19047,  20469) | 
Info: [ 20469,  21891) | 
Info: [ 21891,  23313) | 
Info: [ 23313,  24735) |***+
Info: [ 24735,  26157) | 
Info: [ 26157,  27579) |+
Info: [ 27579,  29001) |+
Info: [ 29001,  30423) |*+
Info: [ 30423,  31845) |*************+
Info: [ 31845,  33267) |***************+
Info: [ 33267,  34689) |***+

1 warning, 0 errors

Info: Program finished normally.
