
 /----------------------------------------------------------------------------\
 |  yosys -- Yosys Open SYnthesis Suite                                       |
 |  Copyright (C) 2012 - 2026  Claire Xenia Wolf <claire@yosyshq.com>         |
 |  Distributed under an ISC-like license, type "license" to see terms        |
 \----------------------------------------------------------------------------/
 Yosys 0.69 (git sha1 9f75ca1f9, Release, Clang /workspace/YoWASP/yosys/wasi-sdk-33.0-x86_64-linux/share/cmake/../..//bin/clang++ 22.1.0)

-- Executing script file `synthesis/reset_32.ys' --

1. Executing Verilog-2005 frontend: rtl/configuration_reset.sv
Parsing SystemVerilog input from `rtl/configuration_reset.sv' to AST representation.
Storing AST representation for module `$abstract\configuration_reset'.
Successfully finished Verilog frontend.
Parameter \CYCLES = 32

2. Executing AST frontend in derive mode using pre-parsed AST for module `\configuration_reset'.
Parameter \CYCLES = 32
Generating RTLIL representation for module `$paramod\configuration_reset\CYCLES=s32'00000000000000000000000000100000'.

3. Executing SYNTH_GOWIN pass.

3.1. Executing Verilog-2005 frontend: /share/gowin/cells_sim.v
Parsing Verilog input from `/share/gowin/cells_sim.v' to AST representation.
Generating RTLIL representation for module `\LUT1'.
Generating RTLIL representation for module `\LUT2'.
Generating RTLIL representation for module `\LUT3'.
Generating RTLIL representation for module `\LUT4'.
Generating RTLIL representation for module `\__APICULA_LUT5'.
Generating RTLIL representation for module `\__APICULA_LUT6'.
Generating RTLIL representation for module `\__APICULA_LUT7'.
Generating RTLIL representation for module `\__APICULA_LUT8'.
Generating RTLIL representation for module `\MUX2'.
Generating RTLIL representation for module `\MUX2_LUT5'.
Generating RTLIL representation for module `\MUX2_LUT6'.
Generating RTLIL representation for module `\MUX2_LUT7'.
Generating RTLIL representation for module `\MUX2_LUT8'.
Generating RTLIL representation for module `\DFF'.
Generating RTLIL representation for module `\DFFE'.
Generating RTLIL representation for module `\DFFS'.
Generating RTLIL representation for module `\DFFSE'.
Generating RTLIL representation for module `\DFFR'.
Generating RTLIL representation for module `\DFFRE'.
Generating RTLIL representation for module `\DFFP'.
Generating RTLIL representation for module `\DFFPE'.
Generating RTLIL representation for module `\DFFC'.
Generating RTLIL representation for module `\DFFCE'.
Generating RTLIL representation for module `\DFFN'.
Generating RTLIL representation for module `\DFFNE'.
Generating RTLIL representation for module `\DFFNS'.
Generating RTLIL representation for module `\DFFNSE'.
Generating RTLIL representation for module `\DFFNR'.
Generating RTLIL representation for module `\DFFNRE'.
Generating RTLIL representation for module `\DFFNP'.
Generating RTLIL representation for module `\DFFNPE'.
Generating RTLIL representation for module `\DFFNC'.
Generating RTLIL representation for module `\DFFNCE'.
Generating RTLIL representation for module `\DL'.
Generating RTLIL representation for module `\DLN'.
Generating RTLIL representation for module `\DLE'.
Generating RTLIL representation for module `\DLNE'.
Generating RTLIL representation for module `\DLC'.
Generating RTLIL representation for module `\DLCE'.
Generating RTLIL representation for module `\DLNC'.
Generating RTLIL representation for module `\DLNCE'.
Generating RTLIL representation for module `\DLP'.
Generating RTLIL representation for module `\DLPE'.
Generating RTLIL representation for module `\DLNP'.
Generating RTLIL representation for module `\DLNPE'.
Generating RTLIL representation for module `\VCC'.
Generating RTLIL representation for module `\GND'.
Generating RTLIL representation for module `\IBUF'.
Generating RTLIL representation for module `\OBUF'.
Generating RTLIL representation for module `\TBUF'.
Generating RTLIL representation for module `\IOBUF'.
Generating RTLIL representation for module `\ELVDS_OBUF'.
Generating RTLIL representation for module `\TLVDS_OBUF'.
Generating RTLIL representation for module `\OSER4'.
Generating RTLIL representation for module `\OSER4_MEM'.
Generating RTLIL representation for module `\OSER8'.
Generating RTLIL representation for module `\OSER10'.
Generating RTLIL representation for module `\OVIDEO'.
Generating RTLIL representation for module `\OSER16'.
Generating RTLIL representation for module `\IDES4'.
Generating RTLIL representation for module `\IDES4_MEM'.
Generating RTLIL representation for module `\IDES8'.
Generating RTLIL representation for module `\IDES10'.
Generating RTLIL representation for module `\IVIDEO'.
Generating RTLIL representation for module `\IDES16'.
Generating RTLIL representation for module `\IDDR'.
Generating RTLIL representation for module `\IDDRC'.
Generating RTLIL representation for module `\DQS'.
Generating RTLIL representation for module `\ODDR'.
Generating RTLIL representation for module `\ODDRC'.
Generating RTLIL representation for module `\GSR'.
Generating RTLIL representation for module `\BANDGAP'.
Generating RTLIL representation for module `\ALU'.
Generating RTLIL representation for module `\RAM16S1'.
Generating RTLIL representation for module `\RAM16S2'.
Generating RTLIL representation for module `\RAM16S4'.
Generating RTLIL representation for module `\RAM16SDP1'.
Generating RTLIL representation for module `\RAM16SDP2'.
Generating RTLIL representation for module `\RAM16SDP4'.
Generating RTLIL representation for module `\SP'.
Generating RTLIL representation for module `\SPX9'.
Generating RTLIL representation for module `\SDP'.
Generating RTLIL representation for module `\SDPX9'.
Generating RTLIL representation for module `\DP'.
Generating RTLIL representation for module `\DPX9'.
Generating RTLIL representation for module `\rPLL'.
Generating RTLIL representation for module `\PLLVR'.
Generating RTLIL representation for module `\OSC'.
Generating RTLIL representation for module `\OSCZ'.
Generating RTLIL representation for module `\OSCF'.
Generating RTLIL representation for module `\OSCH'.
Generating RTLIL representation for module `\OSCW'.
Generating RTLIL representation for module `\OSCO'.
Generating RTLIL representation for module `\EMCU'.
Successfully finished Verilog frontend.

3.2. Executing Verilog-2005 frontend: /share/gowin/cells_xtra_gw1n.v
Parsing Verilog input from `/share/gowin/cells_xtra_gw1n.v' to AST representation.
Generating RTLIL representation for module `\LUT5'.
Generating RTLIL representation for module `\LUT6'.
Generating RTLIL representation for module `\LUT7'.
Generating RTLIL representation for module `\LUT8'.
Generating RTLIL representation for module `\INV'.
Generating RTLIL representation for module `\IODELAY'.
Generating RTLIL representation for module `\IEM'.
Generating RTLIL representation for module `\ROM16'.
Generating RTLIL representation for module `\ROM'.
Generating RTLIL representation for module `\ROMX9'.
Generating RTLIL representation for module `\pROM'.
Generating RTLIL representation for module `\pROMX9'.
Generating RTLIL representation for module `\SDPB'.
Generating RTLIL representation for module `\SDPX9B'.
Generating RTLIL representation for module `\DPB'.
Generating RTLIL representation for module `\DPX9B'.
Generating RTLIL representation for module `\PADD18'.
Generating RTLIL representation for module `\PADD9'.
Generating RTLIL representation for module `\MULT9X9'.
Generating RTLIL representation for module `\MULT18X18'.
Generating RTLIL representation for module `\MULT36X36'.
Generating RTLIL representation for module `\MULTALU36X18'.
Generating RTLIL representation for module `\MULTADDALU18X18'.
Generating RTLIL representation for module `\MULTALU18X18'.
Generating RTLIL representation for module `\ALU54D'.
Generating RTLIL representation for module `\BUFG'.
Generating RTLIL representation for module `\BUFS'.
Generating RTLIL representation for module `\PLL'.
Generating RTLIL representation for module `\TLVDS_IBUF'.
Generating RTLIL representation for module `\TLVDS_TBUF'.
Generating RTLIL representation for module `\TLVDS_IOBUF'.
Generating RTLIL representation for module `\ELVDS_IBUF'.
Generating RTLIL representation for module `\ELVDS_TBUF'.
Generating RTLIL representation for module `\ELVDS_IOBUF'.
Generating RTLIL representation for module `\MIPI_IBUF'.
Generating RTLIL representation for module `\MIPI_IBUF_HS'.
Generating RTLIL representation for module `\MIPI_IBUF_LP'.
Generating RTLIL representation for module `\MIPI_OBUF'.
Generating RTLIL representation for module `\MIPI_OBUF_A'.
Generating RTLIL representation for module `\ELVDS_IBUF_MIPI'.
Generating RTLIL representation for module `\I3C_IOBUF'.
Generating RTLIL representation for module `\CLKDIV'.
Generating RTLIL representation for module `\DHCEN'.
Generating RTLIL representation for module `\DLLDLY'.
Generating RTLIL representation for module `\FLASH96K'.
Generating RTLIL representation for module `\FLASH256K'.
Generating RTLIL representation for module `\FLASH608K'.
Generating RTLIL representation for module `\DCS'.
Generating RTLIL representation for module `\DQCE'.
Generating RTLIL representation for module `\CLKDIV2'.
Generating RTLIL representation for module `\DHCENC'.
Generating RTLIL representation for module `\FLASH64K'.
Generating RTLIL representation for module `\FLASH64KZ'.
Successfully finished Verilog frontend.

3.3. Executing HIERARCHY pass (managing design hierarchy).

3.4. Executing AST frontend in derive mode using pre-parsed AST for module `\configuration_reset'.
Generating RTLIL representation for module `\configuration_reset'.

3.4.1. Analyzing design hierarchy..
Top module:  \configuration_reset

3.4.2. Analyzing design hierarchy..
Top module:  \configuration_reset
Removing unused module `$abstract\configuration_reset'.
Removed 1 unused modules.

3.5. Executing PROC pass (convert processes to netlists).

3.5.1. Executing PROC_CLEAN pass (remove empty switches from decision trees).
Found and cleaned up 1 empty switch in `\configuration_reset.$proc$rtl/configuration_reset.sv:8$346'.
Removing empty process `configuration_reset.$proc$rtl/configuration_reset.sv:8$346'.
Cleaned up 1 empty switch.

3.5.2. Executing PROC_RMDEAD pass (remove dead branches from decision trees).
Removed a total of 0 dead cases.

3.5.3. Executing PROC_PRUNE pass (remove redundant assignments in processes).
Removed 0 redundant assignments.
Promoted 2 assignments to connections.

3.5.4. Executing PROC_INIT pass (extract init attributes).
Found init rule in `\configuration_reset.$proc$rtl/configuration_reset.sv:7$345'.
  Set init value: \released = 0

3.5.5. Executing PROC_ARST pass (detect async resets in processes).

3.5.6. Executing PROC_ROM pass (convert switches to ROMs).
Converted 0 switches.

3.5.7. Executing PROC_MUX pass (convert decision trees to multiplexers).
Creating decoders for process `\configuration_reset.$proc$rtl/configuration_reset.sv:7$345'.
Creating decoders for process `\configuration_reset.$proc$rtl/configuration_reset.sv:9$343'.

3.5.8. Executing PROC_DLATCH pass (convert process syncs to latches).

3.5.9. Executing PROC_DFF pass (convert process syncs to FFs).
Creating register for signal `\configuration_reset.\released' using process `\configuration_reset.$proc$rtl/configuration_reset.sv:9$343'.
  created $dff cell `$procdff$347' with positive edge clock.

3.5.10. Executing PROC_MEMWR pass (convert process memory writes to cells).

3.5.11. Executing PROC_CLEAN pass (remove empty switches from decision trees).
Removing empty process `configuration_reset.$proc$rtl/configuration_reset.sv:7$345'.
Removing empty process `configuration_reset.$proc$rtl/configuration_reset.sv:9$343'.
Cleaned up 0 empty switches.

3.5.12. Executing OPT_EXPR pass (perform const folding).
Optimizing module configuration_reset.

3.6. Executing CHECK pass (checking for obvious problems).
Checking module configuration_reset...
Found and reported 0 problems.

3.7. Executing FLATTEN pass (flatten design).

3.8. Executing TRIBUF pass.

3.9. Executing DEMINOUT pass (demote inout ports to input or output).

3.10. Executing OPT_EXPR pass (perform const folding).
Optimizing module configuration_reset.

3.11. Executing OPT_CLEAN pass (remove unused cells and wires).
Finding unused cells or wires in module \configuration_reset..
Removed 0 unused cells and 3 unused wires.
<suppressed ~1 debug messages>

3.12. Executing CHECK pass (checking for obvious problems).
Checking module configuration_reset...
Found and reported 0 problems.

3.13. Executing OPT pass (performing simple optimizations).

3.13.1. Executing OPT_EXPR pass (perform const folding).
Optimizing module configuration_reset.

3.13.2. Executing OPT_MERGE pass (detect identical cells).
Finding identical cells in module `\configuration_reset'.
Computing hashes of 2 cells of `\configuration_reset'.
Finding duplicate cells in `\configuration_reset'.
Removed a total of 0 cells.

3.13.3. Executing OPT_MUXTREE pass (detect dead branches in mux trees).
Running muxtree optimizer on module \configuration_reset..
  Creating internal representation of mux trees.
  No muxes found in this module.
Removed 0 multiplexer ports.

3.13.4. Executing OPT_REDUCE pass (consolidate $*mux and $reduce_* inputs).
  Optimizing cells in module \configuration_reset.
Performed a total of 0 changes.

3.13.5. Executing OPT_MERGE pass (detect identical cells).
Finding identical cells in module `\configuration_reset'.
Computing hashes of 2 cells of `\configuration_reset'.
Finding duplicate cells in `\configuration_reset'.
Removed a total of 0 cells.

3.13.6. Executing OPT_DFF pass (perform DFF optimizations).

3.13.7. Executing OPT_CLEAN pass (remove unused cells and wires).
Finding unused cells or wires in module \configuration_reset..

3.13.8. Executing OPT_EXPR pass (perform const folding).
Optimizing module configuration_reset.

3.13.9. Finished fast OPT passes. (There is nothing left to do.)

3.14. Executing FSM pass (extract and optimize FSM).

3.14.1. Executing FSM_DETECT pass (finding FSMs in design).

3.14.2. Executing FSM_EXTRACT pass (extracting FSM from design).

3.14.3. Executing FSM_OPT pass (simple optimizations of FSMs).

3.14.4. Executing OPT_CLEAN pass (remove unused cells and wires).
Finding unused cells or wires in module \configuration_reset..

3.14.5. Executing FSM_OPT pass (simple optimizations of FSMs).

3.14.6. Executing FSM_RECODE pass (re-assigning FSM state encoding).

3.14.7. Executing FSM_INFO pass (dumping all available information on FSM cells).

3.14.8. Executing FSM_MAP pass (mapping FSMs to basic logic).

3.15. Executing OPT pass (performing simple optimizations).

3.15.1. Executing OPT_EXPR pass (perform const folding).
Optimizing module configuration_reset.

3.15.2. Executing OPT_MERGE pass (detect identical cells).
Finding identical cells in module `\configuration_reset'.
Computing hashes of 2 cells of `\configuration_reset'.
Finding duplicate cells in `\configuration_reset'.
Removed a total of 0 cells.

3.15.3. Executing OPT_MUXTREE pass (detect dead branches in mux trees).
Running muxtree optimizer on module \configuration_reset..
  Creating internal representation of mux trees.
  No muxes found in this module.
Removed 0 multiplexer ports.

3.15.4. Executing OPT_REDUCE pass (consolidate $*mux and $reduce_* inputs).
  Optimizing cells in module \configuration_reset.
Performed a total of 0 changes.

3.15.5. Executing OPT_MERGE pass (detect identical cells).
Finding identical cells in module `\configuration_reset'.
Computing hashes of 2 cells of `\configuration_reset'.
Finding duplicate cells in `\configuration_reset'.
Removed a total of 0 cells.

3.15.6. Executing OPT_DFF pass (perform DFF optimizations).

3.15.7. Executing OPT_CLEAN pass (remove unused cells and wires).
Finding unused cells or wires in module \configuration_reset..

3.15.8. Executing OPT_EXPR pass (perform const folding).
Optimizing module configuration_reset.

3.15.9. Finished fast OPT passes. (There is nothing left to do.)

3.16. Executing WREDUCE pass (reducing word size of cells).

3.17. Executing PEEPOPT pass (run peephole optimizers).

3.18. Executing OPT_CLEAN pass (remove unused cells and wires).
Finding unused cells or wires in module \configuration_reset..

3.19. Executing SHARE pass (SAT-based resource sharing).

3.20. Executing TECHMAP pass (map to technology primitives).

3.20.1. Executing Verilog-2005 frontend: /share/mul2dsp.v
Parsing Verilog input from `/share/mul2dsp.v' to AST representation.
Generating RTLIL representation for module `\_80_mul'.
Generating RTLIL representation for module `\_90_soft_mul'.
Successfully finished Verilog frontend.

3.20.2. Continuing TECHMAP pass.
No more expansions possible.
<suppressed ~4 debug messages>

3.21. Executing TECHMAP pass (map to technology primitives).

3.21.1. Executing Verilog-2005 frontend: /share/mul2dsp.v
Parsing Verilog input from `/share/mul2dsp.v' to AST representation.
Generating RTLIL representation for module `\_80_mul'.
Generating RTLIL representation for module `\_90_soft_mul'.
Successfully finished Verilog frontend.

3.21.2. Continuing TECHMAP pass.
No more expansions possible.
<suppressed ~4 debug messages>

3.22. Executing TECHMAP pass (map to technology primitives).

3.22.1. Executing Verilog-2005 frontend: /share/mul2dsp.v
Parsing Verilog input from `/share/mul2dsp.v' to AST representation.
Generating RTLIL representation for module `\_80_mul'.
Generating RTLIL representation for module `\_90_soft_mul'.
Successfully finished Verilog frontend.

3.22.2. Continuing TECHMAP pass.
No more expansions possible.
<suppressed ~4 debug messages>

3.23. Executing TECHMAP pass (map to technology primitives).

3.23.1. Executing Verilog-2005 frontend: /share/mul2dsp.v
Parsing Verilog input from `/share/mul2dsp.v' to AST representation.
Generating RTLIL representation for module `\_80_mul'.
Generating RTLIL representation for module `\_90_soft_mul'.
Successfully finished Verilog frontend.

3.23.2. Continuing TECHMAP pass.
No more expansions possible.
<suppressed ~4 debug messages>

3.24. Executing TECHMAP pass (map to technology primitives).

3.24.1. Executing Verilog-2005 frontend: /share/gowin/dsp_map.v
Parsing Verilog input from `/share/gowin/dsp_map.v' to AST representation.
Generating RTLIL representation for module `$__MUL9X9'.
Generating RTLIL representation for module `$__MUL18X18'.
Generating RTLIL representation for module `$__MUL36X36'.
Successfully finished Verilog frontend.

3.24.2. Continuing TECHMAP pass.
No more expansions possible.
<suppressed ~5 debug messages>

3.25. Executing ALUMACC pass (create $alu and $macc cells).
Extracting $alu and $macc cells in module configuration_reset:
  created 0 $alu and 0 $macc cells.

3.26. Executing OPT pass (performing simple optimizations).

3.26.1. Executing OPT_EXPR pass (perform const folding).
Optimizing module configuration_reset.

3.26.2. Executing OPT_MERGE pass (detect identical cells).
Finding identical cells in module `\configuration_reset'.
Computing hashes of 2 cells of `\configuration_reset'.
Finding duplicate cells in `\configuration_reset'.
Removed a total of 0 cells.

3.26.3. Executing OPT_MUXTREE pass (detect dead branches in mux trees).
Running muxtree optimizer on module \configuration_reset..
  Creating internal representation of mux trees.
  No muxes found in this module.
Removed 0 multiplexer ports.

3.26.4. Executing OPT_REDUCE pass (consolidate $*mux and $reduce_* inputs).
  Optimizing cells in module \configuration_reset.
Performed a total of 0 changes.

3.26.5. Executing OPT_MERGE pass (detect identical cells).
Finding identical cells in module `\configuration_reset'.
Computing hashes of 2 cells of `\configuration_reset'.
Finding duplicate cells in `\configuration_reset'.
Removed a total of 0 cells.

3.26.6. Executing OPT_DFF pass (perform DFF optimizations).

3.26.7. Executing OPT_CLEAN pass (remove unused cells and wires).
Finding unused cells or wires in module \configuration_reset..

3.26.8. Executing OPT_EXPR pass (perform const folding).
Optimizing module configuration_reset.

3.26.9. Finished fast OPT passes. (There is nothing left to do.)

3.27. Executing MEMORY pass.

3.27.1. Executing OPT_MEM pass (optimize memories).
Performed a total of 0 transformations.

3.27.2. Executing OPT_MEM_PRIORITY pass (removing unnecessary memory write priority relations).
Performed a total of 0 transformations.

3.27.3. Executing OPT_MEM_FEEDBACK pass (finding memory read-to-write feedback paths).

3.27.4. Executing MEMORY_BMUX2ROM pass (converting muxes to ROMs).

3.27.5. Executing MEMORY_DFF pass (merging $dff cells to $memrd).

3.27.6. Executing OPT_CLEAN pass (remove unused cells and wires).
Finding unused cells or wires in module \configuration_reset..

3.27.7. Executing MEMORY_SHARE pass (consolidating $memrd/$memwr cells).

3.27.8. Executing OPT_MEM_WIDEN pass (optimize memories where all ports are wide).
Performed a total of 0 transformations.

3.27.9. Executing OPT_CLEAN pass (remove unused cells and wires).
Finding unused cells or wires in module \configuration_reset..

3.27.10. Executing MEMORY_COLLECT pass (generating $mem cells).

3.28. Executing OPT_CLEAN pass (remove unused cells and wires).
Finding unused cells or wires in module \configuration_reset..

3.29. Executing MEMORY_LIBMAP pass (mapping memories to cells).

3.30. Executing TECHMAP pass (map to technology primitives).

3.30.1. Executing Verilog-2005 frontend: /share/gowin/lutrams_map.v
Parsing Verilog input from `/share/gowin/lutrams_map.v' to AST representation.
Generating RTLIL representation for module `$__GOWIN_LUTRAM_'.
Successfully finished Verilog frontend.

3.30.2. Executing Verilog-2005 frontend: /share/gowin/brams_map.v
Parsing Verilog input from `/share/gowin/brams_map.v' to AST representation.
Generating RTLIL representation for module `$__GOWIN_SP_'.
Generating RTLIL representation for module `$__GOWIN_DP_'.
Generating RTLIL representation for module `$__GOWIN_SDP_'.
Successfully finished Verilog frontend.

3.30.3. Continuing TECHMAP pass.
No more expansions possible.
<suppressed ~6 debug messages>

3.31. Executing OPT pass (performing simple optimizations).

3.31.1. Executing OPT_EXPR pass (perform const folding).
Optimizing module configuration_reset.

3.31.2. Executing OPT_MERGE pass (detect identical cells).
Finding identical cells in module `\configuration_reset'.
Computing hashes of 2 cells of `\configuration_reset'.
Finding duplicate cells in `\configuration_reset'.
Removed a total of 0 cells.

3.31.3. Executing OPT_DFF pass (perform DFF optimizations).

3.31.4. Executing OPT_CLEAN pass (remove unused cells and wires).
Finding unused cells or wires in module \configuration_reset..

3.31.5. Finished fast OPT passes.

3.32. Executing MEMORY_MAP pass (converting memories to logic and flip-flops).

3.33. Executing OPT pass (performing simple optimizations).

3.33.1. Executing OPT_EXPR pass (perform const folding).
Optimizing module configuration_reset.

3.33.2. Executing OPT_MERGE pass (detect identical cells).
Finding identical cells in module `\configuration_reset'.
Computing hashes of 2 cells of `\configuration_reset'.
Finding duplicate cells in `\configuration_reset'.
Removed a total of 0 cells.

3.33.3. Executing OPT_MUXTREE pass (detect dead branches in mux trees).
Running muxtree optimizer on module \configuration_reset..
  Creating internal representation of mux trees.
  No muxes found in this module.
Removed 0 multiplexer ports.

3.33.4. Executing OPT_REDUCE pass (consolidate $*mux and $reduce_* inputs).
  Optimizing cells in module \configuration_reset.
Performed a total of 0 changes.

3.33.5. Executing OPT_MERGE pass (detect identical cells).
Finding identical cells in module `\configuration_reset'.
Computing hashes of 2 cells of `\configuration_reset'.
Finding duplicate cells in `\configuration_reset'.
Removed a total of 0 cells.

3.33.6. Executing OPT_DFF pass (perform DFF optimizations).

3.33.7. Executing OPT_CLEAN pass (remove unused cells and wires).
Finding unused cells or wires in module \configuration_reset..

3.33.8. Executing OPT_EXPR pass (perform const folding).
Optimizing module configuration_reset.

3.33.9. Finished fast OPT passes. (There is nothing left to do.)

3.34. Executing TECHMAP pass (map to technology primitives).

3.34.1. Executing Verilog-2005 frontend: /share/techmap.v
Parsing Verilog input from `/share/techmap.v' to AST representation.
Generating RTLIL representation for module `\_90_simplemap_bool_ops'.
Generating RTLIL representation for module `\_90_simplemap_reduce_ops'.
Generating RTLIL representation for module `\_90_simplemap_logic_ops'.
Generating RTLIL representation for module `\_90_simplemap_compare_ops'.
Generating RTLIL representation for module `\_90_simplemap_various'.
Generating RTLIL representation for module `\_90_simplemap_registers'.
Generating RTLIL representation for module `\_90_shift_ops_shr_shl_sshl_sshr'.
Generating RTLIL representation for module `\_90_shift_shiftx'.
Generating RTLIL representation for module `\_90_fa'.
Generating RTLIL representation for module `\_90_lcu_brent_kung'.
Generating RTLIL representation for module `\_90_alu'.
Generating RTLIL representation for module `\_90_macc'.
Generating RTLIL representation for module `\_90_alumacc'.
Generating RTLIL representation for module `$__div_mod_u'.
Generating RTLIL representation for module `$__div_mod_trunc'.
Generating RTLIL representation for module `\_90_div'.
Generating RTLIL representation for module `\_90_mod'.
Generating RTLIL representation for module `$__div_mod_floor'.
Generating RTLIL representation for module `\_90_divfloor'.
Generating RTLIL representation for module `\_90_modfloor'.
Generating RTLIL representation for module `\_90_pow'.
Generating RTLIL representation for module `\_90_demux'.
Generating RTLIL representation for module `\_90_lut'.
Generating RTLIL representation for module `$connect'.
Generating RTLIL representation for module `$input_port'.
Successfully finished Verilog frontend.

3.34.2. Executing Verilog-2005 frontend: /share/gowin/arith_map.v
Parsing Verilog input from `/share/gowin/arith_map.v' to AST representation.
Generating RTLIL representation for module `\_80_gw1n_alu'.
Successfully finished Verilog frontend.

3.34.3. Continuing TECHMAP pass.
Using extmapper simplemap for cells of type $logic_not.
Using extmapper simplemap for cells of type $dff.
No more expansions possible.
<suppressed ~79 debug messages>

3.35. Executing OPT pass (performing simple optimizations).

3.35.1. Executing OPT_EXPR pass (perform const folding).
Optimizing module configuration_reset.

3.35.2. Executing OPT_MERGE pass (detect identical cells).
Finding identical cells in module `\configuration_reset'.
Computing hashes of 33 cells of `\configuration_reset'.
Finding duplicate cells in `\configuration_reset'.
Removed a total of 0 cells.

3.35.3. Executing OPT_DFF pass (perform DFF optimizations).

3.35.4. Executing OPT_CLEAN pass (remove unused cells and wires).
Finding unused cells or wires in module \configuration_reset..

3.35.5. Finished fast OPT passes.

3.36. Executing OPT_CLEAN pass (remove unused cells and wires).
Finding unused cells or wires in module \configuration_reset..

3.37. Executing DFFLEGALIZE pass (convert FFs and LATCHes to types supported by the target).

3.38. Executing TECHMAP pass (map to technology primitives).

3.38.1. Executing Verilog-2005 frontend: /share/gowin/cells_map.v
Parsing Verilog input from `/share/gowin/cells_map.v' to AST representation.
Generating RTLIL representation for module `$_DFF_N_'.
Generating RTLIL representation for module `$_DFF_P_'.
Generating RTLIL representation for module `$_DFFE_PP_'.
Generating RTLIL representation for module `$_DFFE_NP_'.
Generating RTLIL representation for module `$_SDFF_PP0_'.
Generating RTLIL representation for module `$_SDFF_NP0_'.
Generating RTLIL representation for module `$_SDFFE_PP0P_'.
Generating RTLIL representation for module `$_SDFFE_NP0P_'.
Generating RTLIL representation for module `$_SDFF_PP1_'.
Generating RTLIL representation for module `$_SDFF_NP1_'.
Generating RTLIL representation for module `$_SDFFE_PP1P_'.
Generating RTLIL representation for module `$_SDFFE_NP1P_'.
Generating RTLIL representation for module `$_DFF_PP1_'.
Generating RTLIL representation for module `$_DFF_NP1_'.
Generating RTLIL representation for module `$_DFF_PP0_'.
Generating RTLIL representation for module `$_DFF_NP0_'.
Generating RTLIL representation for module `$_DFFE_PP1P_'.
Generating RTLIL representation for module `$_DFFE_NP1P_'.
Generating RTLIL representation for module `$_DFFE_PP0P_'.
Generating RTLIL representation for module `$_DFFE_NP0P_'.
Generating RTLIL representation for module `$lut'.
Successfully finished Verilog frontend.

3.38.2. Continuing TECHMAP pass.
Using template $_DFF_P_ for cells of type $_DFF_P_.
No more expansions possible.
<suppressed ~55 debug messages>

3.39. Executing TECHMAP pass (map to technology primitives).

3.39.1. Executing Verilog-2005 frontend: /share/gowin/cells_latch.v
Parsing Verilog input from `/share/gowin/cells_latch.v' to AST representation.
Generating RTLIL representation for module `$_DLATCH_P_'.
Generating RTLIL representation for module `$_DLATCH_N_'.
Generating RTLIL representation for module `$_DLATCH_PP0_'.
Generating RTLIL representation for module `$_DLATCH_NP0_'.
Generating RTLIL representation for module `$_DLATCH_PP1_'.
Generating RTLIL representation for module `$_DLATCH_NP1_'.
Successfully finished Verilog frontend.

3.39.2. Continuing TECHMAP pass.
No more expansions possible.
<suppressed ~8 debug messages>

3.40. Executing OPT_EXPR pass (perform const folding).
Optimizing module configuration_reset.

3.41. Executing SIMPLEMAP pass (map simple cells to gate primitives).

3.42. Executing SORT pass.

3.43. Executing Verilog-2005 frontend: /share/abc9_model.v
Parsing Verilog input from `/share/abc9_model.v' to AST representation.
Generating RTLIL representation for module `$__ABC9_DELAY'.
Generating RTLIL representation for module `$__ABC9_SCC_BREAKER'.
Generating RTLIL representation for module `$__DFF_N__$abc9_flop'.
Generating RTLIL representation for module `$__DFF_P__$abc9_flop'.
Successfully finished Verilog frontend.

3.44. Executing ABC9 pass.

3.44.1. Executing ABC9_OPS pass (helper functions for ABC9).

3.44.2. Executing ABC9_OPS pass (helper functions for ABC9).

3.44.3. Executing SCC pass (detecting logic loops).
Found 0 SCCs in module configuration_reset.
Found 0 SCCs.

3.44.4. Executing ABC9_OPS pass (helper functions for ABC9).

3.44.5. Executing TECHMAP pass (map to technology primitives).

3.44.5.1. Executing Verilog-2005 frontend: /share/techmap.v
Parsing Verilog input from `/share/techmap.v' to AST representation.
Generating RTLIL representation for module `\_90_simplemap_bool_ops'.
Generating RTLIL representation for module `\_90_simplemap_reduce_ops'.
Generating RTLIL representation for module `\_90_simplemap_logic_ops'.
Generating RTLIL representation for module `\_90_simplemap_compare_ops'.
Generating RTLIL representation for module `\_90_simplemap_various'.
Generating RTLIL representation for module `\_90_simplemap_registers'.
Generating RTLIL representation for module `\_90_shift_ops_shr_shl_sshl_sshr'.
Generating RTLIL representation for module `\_90_shift_shiftx'.
Generating RTLIL representation for module `\_90_fa'.
Generating RTLIL representation for module `\_90_lcu_brent_kung'.
Generating RTLIL representation for module `\_90_alu'.
Generating RTLIL representation for module `\_90_macc'.
Generating RTLIL representation for module `\_90_alumacc'.
Generating RTLIL representation for module `$__div_mod_u'.
Generating RTLIL representation for module `$__div_mod_trunc'.
Generating RTLIL representation for module `\_90_div'.
Generating RTLIL representation for module `\_90_mod'.
Generating RTLIL representation for module `$__div_mod_floor'.
Generating RTLIL representation for module `\_90_divfloor'.
Generating RTLIL representation for module `\_90_modfloor'.
Generating RTLIL representation for module `\_90_pow'.
Generating RTLIL representation for module `\_90_demux'.
Generating RTLIL representation for module `\_90_lut'.
Generating RTLIL representation for module `$connect'.
Generating RTLIL representation for module `$input_port'.
Successfully finished Verilog frontend.

3.44.5.2. Continuing TECHMAP pass.
No more expansions possible.
<suppressed ~229 debug messages>

3.44.6. Executing OPT pass (performing simple optimizations).

3.44.6.1. Executing OPT_EXPR pass (perform const folding).

3.44.6.2. Executing OPT_MERGE pass (detect identical cells).
Removed a total of 0 cells.

3.44.6.3. Executing OPT_MUXTREE pass (detect dead branches in mux trees).
Removed 0 multiplexer ports.

3.44.6.4. Executing OPT_REDUCE pass (consolidate $*mux and $reduce_* inputs).
Performed a total of 0 changes.

3.44.6.5. Executing OPT_MERGE pass (detect identical cells).
Removed a total of 0 cells.

3.44.6.6. Executing OPT_DFF pass (perform DFF optimizations).

3.44.6.7. Executing OPT_CLEAN pass (remove unused cells and wires).

3.44.6.8. Executing OPT_EXPR pass (perform const folding).

3.44.6.9. Finished fast OPT passes. (There is nothing left to do.)

3.44.7. Executing TECHMAP pass (map to technology primitives).

3.44.7.1. Executing Verilog-2005 frontend: /share/abc9_map.v
Parsing Verilog input from `/share/abc9_map.v' to AST representation.
Successfully finished Verilog frontend.

3.44.7.2. Continuing TECHMAP pass.
No more expansions possible.
<suppressed ~2 debug messages>

3.44.8. Executing Verilog-2005 frontend: /share/abc9_model.v
Parsing Verilog input from `/share/abc9_model.v' to AST representation.
Replacing existing blackbox module `$__ABC9_DELAY' at /share/abc9_model.v:2.1-7.10.
Generating RTLIL representation for module `$__ABC9_DELAY'.
Replacing existing blackbox module `$__ABC9_SCC_BREAKER' at /share/abc9_model.v:9.1-11.10.
Generating RTLIL representation for module `$__ABC9_SCC_BREAKER'.
Replacing existing module `$__DFF_N__$abc9_flop' at /share/abc9_model.v:14.1-20.10.
Generating RTLIL representation for module `$__DFF_N__$abc9_flop'.
Replacing existing module `$__DFF_P__$abc9_flop' at /share/abc9_model.v:23.1-29.10.
Generating RTLIL representation for module `$__DFF_P__$abc9_flop'.
Successfully finished Verilog frontend.

3.44.9. Executing ABC9_OPS pass (helper functions for ABC9).
<suppressed ~34 debug messages>

3.44.10. Executing ABC9_OPS pass (helper functions for ABC9).

3.44.11. Executing ABC9_OPS pass (helper functions for ABC9).
<suppressed ~2 debug messages>

3.44.12. Executing TECHMAP pass (map to technology primitives).

3.44.12.1. Executing Verilog-2005 frontend: /share/techmap.v
Parsing Verilog input from `/share/techmap.v' to AST representation.
Generating RTLIL representation for module `\_90_simplemap_bool_ops'.
Generating RTLIL representation for module `\_90_simplemap_reduce_ops'.
Generating RTLIL representation for module `\_90_simplemap_logic_ops'.
Generating RTLIL representation for module `\_90_simplemap_compare_ops'.
Generating RTLIL representation for module `\_90_simplemap_various'.
Generating RTLIL representation for module `\_90_simplemap_registers'.
Generating RTLIL representation for module `\_90_shift_ops_shr_shl_sshl_sshr'.
Generating RTLIL representation for module `\_90_shift_shiftx'.
Generating RTLIL representation for module `\_90_fa'.
Generating RTLIL representation for module `\_90_lcu_brent_kung'.
Generating RTLIL representation for module `\_90_alu'.
Generating RTLIL representation for module `\_90_macc'.
Generating RTLIL representation for module `\_90_alumacc'.
Generating RTLIL representation for module `$__div_mod_u'.
Generating RTLIL representation for module `$__div_mod_trunc'.
Generating RTLIL representation for module `\_90_div'.
Generating RTLIL representation for module `\_90_mod'.
Generating RTLIL representation for module `$__div_mod_floor'.
Generating RTLIL representation for module `\_90_divfloor'.
Generating RTLIL representation for module `\_90_modfloor'.
Generating RTLIL representation for module `\_90_pow'.
Generating RTLIL representation for module `\_90_demux'.
Generating RTLIL representation for module `\_90_lut'.
Generating RTLIL representation for module `$connect'.
Generating RTLIL representation for module `$input_port'.
Successfully finished Verilog frontend.

3.44.12.2. Continuing TECHMAP pass.
No more expansions possible.
<suppressed ~230 debug messages>

3.44.13. Executing OPT pass (performing simple optimizations).

3.44.13.1. Executing OPT_EXPR pass (perform const folding).
Optimizing module configuration_reset.

3.44.13.2. Executing OPT_MERGE pass (detect identical cells).
Finding identical cells in module `\configuration_reset'.
Computing hashes of 0 cells of `\configuration_reset'.
Finding duplicate cells in `\configuration_reset'.
Removed a total of 0 cells.

3.44.13.3. Executing OPT_MUXTREE pass (detect dead branches in mux trees).
Running muxtree optimizer on module \configuration_reset..
  Creating internal representation of mux trees.
  No muxes found in this module.
Removed 0 multiplexer ports.

3.44.13.4. Executing OPT_REDUCE pass (consolidate $*mux and $reduce_* inputs).
  Optimizing cells in module \configuration_reset.
Performed a total of 0 changes.

3.44.13.5. Executing OPT_MERGE pass (detect identical cells).
Finding identical cells in module `\configuration_reset'.
Computing hashes of 0 cells of `\configuration_reset'.
Finding duplicate cells in `\configuration_reset'.
Removed a total of 0 cells.

3.44.13.6. Executing OPT_DFF pass (perform DFF optimizations).

3.44.13.7. Executing OPT_CLEAN pass (remove unused cells and wires).
Finding unused cells or wires in module \configuration_reset..

3.44.13.8. Executing OPT_EXPR pass (perform const folding).
Optimizing module configuration_reset.

3.44.13.9. Finished fast OPT passes. (There is nothing left to do.)

3.44.14. Executing AIGMAP pass (map logic to AIG).

3.44.15. Executing AIGMAP pass (map logic to AIG).
Module configuration_reset: replaced 0 cells with 0 new cells, skipped 65 cells.
  not replaced 3 cell types:
       1 $_NOT_
      32 DFF
      32 $paramod$__ABC9_DELAY\DELAY=32'00000000000000000000001001000000

3.44.15.1. Executing ABC9_OPS pass (helper functions for ABC9).

3.44.15.2. Executing ABC9_OPS pass (helper functions for ABC9).

3.44.15.3. Executing XAIGER backend.
<suppressed ~43 debug messages>
Extracted 0 AND gates and 68 wires from module `configuration_reset' to a netlist network with 33 inputs and 33 outputs.

3.44.15.4. Executing ABC9_EXE pass (technology mapping using ABC9).

3.44.15.5. Executing ABC9.
Running ABC command: "/yosys-abc" -s -f <abc-temp-dir>/abc.script 2>&1

3.44.15.6. Executing AIGER frontend.
<suppressed ~11 debug messages>
Removed 0 unused cells and 131 unused wires.

3.44.15.7. Executing ABC_OPS_REINTEGRATE pass (reintegrate ABC mapped design into module).
ABC RESULTS:              $lut cells:        1
ABC RESULTS:           input signals:        2
ABC RESULTS:          output signals:       33
<suppressed ~132 debug messages>
Removing temp directory.

3.44.16. Executing TECHMAP pass (map to technology primitives).

3.44.16.1. Executing Verilog-2005 frontend: /share/abc9_unmap.v
Parsing Verilog input from `/share/abc9_unmap.v' to AST representation.
Generating RTLIL representation for module `$__DFF_x__$abc9_flop'.
Generating RTLIL representation for module `$__ABC9_SCC_BREAKER'.
Successfully finished Verilog frontend.

3.44.16.2. Continuing TECHMAP pass.
No more expansions possible.
<suppressed ~5 debug messages>
Removed 0 unused cells and 229 unused wires.

3.45. Executing TECHMAP pass (map to technology primitives).

3.45.1. Executing Verilog-2005 frontend: /share/gowin/cells_map.v
Parsing Verilog input from `/share/gowin/cells_map.v' to AST representation.
Generating RTLIL representation for module `$_DFF_N_'.
Generating RTLIL representation for module `$_DFF_P_'.
Generating RTLIL representation for module `$_DFFE_PP_'.
Generating RTLIL representation for module `$_DFFE_NP_'.
Generating RTLIL representation for module `$_SDFF_PP0_'.
Generating RTLIL representation for module `$_SDFF_NP0_'.
Generating RTLIL representation for module `$_SDFFE_PP0P_'.
Generating RTLIL representation for module `$_SDFFE_NP0P_'.
Generating RTLIL representation for module `$_SDFF_PP1_'.
Generating RTLIL representation for module `$_SDFF_NP1_'.
Generating RTLIL representation for module `$_SDFFE_PP1P_'.
Generating RTLIL representation for module `$_SDFFE_NP1P_'.
Generating RTLIL representation for module `$_DFF_PP1_'.
Generating RTLIL representation for module `$_DFF_NP1_'.
Generating RTLIL representation for module `$_DFF_PP0_'.
Generating RTLIL representation for module `$_DFF_NP0_'.
Generating RTLIL representation for module `$_DFFE_PP1P_'.
Generating RTLIL representation for module `$_DFFE_NP1P_'.
Generating RTLIL representation for module `$_DFFE_PP0P_'.
Generating RTLIL representation for module `$_DFFE_NP0P_'.
Generating RTLIL representation for module `$lut'.
Successfully finished Verilog frontend.

3.45.2. Continuing TECHMAP pass.
Using template $paramod$lut\WIDTH=32'00000000000000000000000000000001\LUT=2'01 for cells of type $lut.
No more expansions possible.
<suppressed ~35 debug messages>

3.46. Executing OPT_LUT_INS pass (discard unused LUT inputs).
Optimizing LUTs in configuration_reset.

3.47. Executing HILOMAP pass (mapping to constant drivers).
Removed 0 unused cells and 2 unused wires.

3.48. Executing AUTONAME pass.
Renamed 35 objects in module configuration_reset.
<suppressed ~35 debug messages>

3.49. Executing HIERARCHY pass (managing design hierarchy).
Attribute `top' found on module `configuration_reset'. Setting top module to configuration_reset.

3.49.1. Analyzing design hierarchy..
Top module:  \configuration_reset

3.49.2. Analyzing design hierarchy..
Top module:  \configuration_reset
Removed 0 unused modules.

3.50. Printing statistics.

=== configuration_reset ===

        +----------Local Count, excluding submodules.
        | 
        4 wires
       35 wire bits
        4 public wires
       35 public wire bits
        2 ports
        2 port bits
        2 cells
        1   LUT1
        1   VCC
       32 submodules
       32   DFF

=== design hierarchy ===

        +----------Count including submodules.
        | 
        2 configuration_reset

        +----------Count including submodules.
        | 
        4 wires
       35 wire bits
        4 public wires
       35 public wire bits
        2 ports
        2 port bits
        - memories
        - memory bits
        - processes
        2 cells
        1   LUT1
        1   VCC
       32 submodules
       32   DFF

3.51. Executing CHECK pass (checking for obvious problems).
Checking module configuration_reset...
Found and reported 0 problems.

3.52. Executing JSON backend.

4. Executing Verilog backend.

4.1. Executing BMUXMAP pass.

4.2. Executing DEMUXMAP pass.
Dumping module `\configuration_reset'.

End of script. Logfile hash: 94b0b998ea, time: 0.67s, user: 0.67s, system: 0.00s
Yosys 0.69 (git sha1 9f75ca1f9, Release, Clang /workspace/YoWASP/yosys/wasi-sdk-33.0-x86_64-linux/share/cmake/../..//bin/clang++ 22.1.0)
Time spent: 24% 26x read_verilog (0 sec), 19% 1x abc9_exe (0 sec), ...
