Info: Using uarch 'gowin' for device 'GW1N-LV4QN88C6/I5'
Info: constraining clock net 'logic_core.clk_ref' to 27.00 MHz
Info: constraining clock net 'clocks.adc_clock' to 28.38 MHz
Info: constraining clock net 'video_clock' to 56.75 MHz

Info: Reading constraints...
Info: Create constant nets...
Info: Modify LUTs...
Info: Pack IOBs...
Info: Pack I3C IOs...
Info: Pack MIPI IOs...
Info: Pack diff IOBs...
Info: Pack FFs into IO cells...
Info: Pack IODELAY...
Info: Pack Input Edge Monitors...
Info: Pack IO logic...
Info: Pack DESER16 logic...
Info: Pack GSR...
Info: Pack HCLK cells...
Info: Pack DLLDLYs...
Info: Pack wide LUTs...
Info: Packed MUX2_LUT8:3, MUX2_LU7:2, MUX2_LUT6:3, MUX2_LUT5:71
Info: Pack ALUs...
Info: Pack SSRAMs...
Info: Constrained 298 LUTFF pairs.
Info: Pack PLL...
Info: Pack ADC...
Info: Pack GW JTAG...
Info: Pack BSRAMs...
Info: Pack DSP...
Info: Pack INV...
Info: Pack buffered nets...
Info: Pack EMCU and UserFlash cells...
Info: Pack UserFlash cells...
Info: Pack DQCE cells...
Info: Pack DCS cells...
Info: Checksum: 0x7da0e6ec

Info: Device utilisation:
Info: 	                 VCC:       1/      1   100%
Info: 	                 IOB:      60/    218    27%
Info: 	                LUT4:    1313/   4608    28%
Info: 	            IOLOGICI:       0/    198     0%
Info: 	            IOLOGICO:       1/    198     0%
Info: 	           MUX2_LUT5:     109/   2304     4%
Info: 	           MUX2_LUT6:      19/   1152     1%
Info: 	           MUX2_LUT7:       8/    576     1%
Info: 	           MUX2_LUT8:       3/    576     0%
Info: 	                 ALU:     534/   3456    15%
Info: 	                 GND:       1/      1   100%
Info: 	                 DFF:     703/   3456    20%
Info: 	               BSRAM:       6/     10    60%
Info: 	              ALU54D:       0/      8     0%
Info: 	     MULTADDALU18X18:       0/      8     0%
Info: 	        MULTALU18X18:       0/      8     0%
Info: 	        MULTALU36X18:       0/      8     0%
Info: 	           MULT36X36:       0/      4     0%
Info: 	           MULT18X18:       0/     16     0%
Info: 	             MULT9X9:       0/     32     0%
Info: 	              PADD18:       0/     16     0%
Info: 	               PADD9:       0/     32     0%
Info: 	                 GSR:       1/      1   100%
Info: 	                 OSC:       0/      1     0%
Info: 	                rPLL:       1/      2    50%
Info: 	           FLASH256K:       0/      1     0%
Info: 	                BUFG:       1/     17     5%
Info: 	                DQCE:       0/     12     0%
Info: 	                 DCS:       0/      4     0%
Info: 	               DHCEN:       0/     18     0%
Info: 	              CLKDIV:       0/      6     0%
Info: 	             CLKDIV2:       0/     12     0%

Info: Running custom HCLK placer...
Info: Placed 0 cells based on constraints.
Info: Creating initial analytic placement for 1095 cells, random placement wirelen = 34724.
Info:     at initial placer iter 0, wirelen = 2195
Info:     at initial placer iter 1, wirelen = 2008
Info:     at initial placer iter 2, wirelen = 1955
Info:     at initial placer iter 3, wirelen = 1974
Info: Running main analytical placer, max placement attempts per cell = 954271.
Info:     at iteration #1, type ALL: wirelen solved = 1969, spread = 6893, legal = 10197; time = 0.09s
Info:     at iteration #2, type ALL: wirelen solved = 2125, spread = 7044, legal = 9643; time = 0.07s
Info:     at iteration #3, type ALL: wirelen solved = 2332, spread = 7167, legal = 8970; time = 0.06s
Info:     at iteration #4, type ALL: wirelen solved = 2486, spread = 6709, legal = 8582; time = 0.06s
Info:     at iteration #5, type ALL: wirelen solved = 2584, spread = 6348, legal = 7728; time = 0.07s
Info:     at iteration #6, type ALL: wirelen solved = 2689, spread = 6366, legal = 7652; time = 0.06s
Info:     at iteration #7, type ALL: wirelen solved = 2772, spread = 5938, legal = 7408; time = 0.05s
Info:     at iteration #8, type ALL: wirelen solved = 2921, spread = 6318, legal = 7820; time = 0.06s
Info:     at iteration #9, type ALL: wirelen solved = 2954, spread = 5864, legal = 7491; time = 0.06s
Info:     at iteration #10, type ALL: wirelen solved = 2997, spread = 5925, legal = 7636; time = 0.07s
Info:     at iteration #11, type ALL: wirelen solved = 3112, spread = 6097, legal = 7710; time = 0.09s
Info:     at iteration #12, type ALL: wirelen solved = 3208, spread = 6082, legal = 7960; time = 0.08s
Info: HeAP Placer Time: 1.19s
Info:   of which solving equations: 0.71s
Info:   of which spreading cells: 0.05s
Info:   of which strict legalisation: 0.25s

Info: Running simulated annealing placer for refinement.
Info:   at iteration #1: temp = 0.000000, timing cost = 46, wirelen = 7408
Info:   at iteration #5: temp = 0.000000, timing cost = 24, wirelen = 6257
Info:   at iteration #10: temp = 0.000000, timing cost = 19, wirelen = 5680
Info:   at iteration #15: temp = 0.000000, timing cost = 18, wirelen = 5488
Info:   at iteration #20: temp = 0.000000, timing cost = 18, wirelen = 5345
Info:   at iteration #25: temp = 0.000000, timing cost = 17, wirelen = 5269
Info:   at iteration #30: temp = 0.000000, timing cost = 17, wirelen = 5252
Info:   at iteration #32: temp = 0.000000, timing cost = 17, wirelen = 5246 
Info: SA placement time 4.15s

Info: Max frequency for clock   'clocks.adc_clock': 332.67 MHz (PASS at 28.38 MHz)
Info: Max frequency for clock        'video_clock': 127.03 MHz (PASS at 56.75 MHz)
Info: Max frequency for clock 'logic_core.clk_ref': 91.89 MHz (PASS at 27.00 MHz)

Info: Max delay posedge clocks.adc_clock -> posedge logic_core.clk_ref: 0.96 ns
Info: Max delay negedge clocks.adc_clock -> posedge video_clock       : 0.86 ns
Info: Max delay posedge video_clock      -> posedge logic_core.clk_ref: 1.96 ns

Info: Slack histogram:
Info:  legend: * represents 5 endpoint(s)
Info:          + represents [1,5) endpoint(s)
Info: [  9749,  11071) |*+
Info: [ 11071,  12393) |********+
Info: [ 12393,  13715) |**+
Info: [ 13715,  15037) |*********+
Info: [ 15037,  16359) |*********************+
Info: [ 16359,  17681) |************************************************************ 
Info: [ 17681,  19003) | 
Info: [ 19003,  20325) | 
Info: [ 20325,  21647) | 
Info: [ 21647,  22969) | 
Info: [ 22969,  24291) | 
Info: [ 24291,  25613) | 
Info: [ 25613,  26935) |*+
Info: [ 26935,  28257) | 
Info: [ 28257,  29579) |+
Info: [ 29579,  30901) |*+
Info: [ 30901,  32223) |+
Info: [ 32223,  33545) |**********+
Info: [ 33545,  34867) |********+
Info: [ 34867,  36189) |*********+
Info: Checksum: 0xd110b351
Info: Routing globals...
Info:     'clocks.adc_clock' net was routed.
Warning: Failed to route net 'logic_core.adc_rgb[20]' from X37Y10/F6 to X28Y10/D3 using dedicated routing.
Info:     'video_clock' net was routed using global resources only.
Info:     'logic_core.clk_ref' net was routed using global resources only.
Info:     'logic_core.video.core.valid2_LUT3_I1_F_LUT2_I1_F[4]' is routed using segments.
Info:     'logic_core.video.core.lines.protocol_error_LUT4_I0_1_F_MUX2_LUT5_I1_O[1]' is routed using segments.
Info:     'logic_core.output_stage.clear' is routed using segments.
Info:     'logic_core.capture.adc_release_DFFNP_D_Q_LUT3_I0_F' is routed using segments.
Info:     'logic_core.boot.power_sequence.pg_sync_LUT2_I1_F[4]' is routed using segments.
Info:     'logic_core.video.core.field_delayed' is routed using segments.
Info:     'logic_core.video.core.line_sol' is routed using segments.
Info:     'logic_core.boot.start_LUT3_I0_I2_LUT2_I1_F[4]' is routed using segments.
Info:     'logic_core.clocks.restart.hb_sync_DFFR_Q_RESET' is routed using segments.
Info:     'logic_core.clocks.guard.permit_LUT1_I0_F_DFFP_PRESET_Q[2]' is routed using segments.
Info:     'logic_core.video.front.h_locked_LUT4_I0_F_MUX2_LUT5_I0_O_MUX2_LUT6_I1_O_MUX2_LUT7_I1_O' is routed using segments.

Info: Routing..
Info: Setting up routing queue.
Info: Routing 5839 arcs.
Info:            |   (re-)routed arcs  |   delta    | remaining|       time spent     |
Info:    IterCnt |  w/ripup   wo/ripup |  w/r  wo/r |      arcs| batch(sec) total(sec)|
Info:       1000 |       36        744 |   36   744 |      4879|       0.38       0.38|
Info:       2000 |       39       1608 |    3   864 |      3882|       0.27       0.65|
Info:       3000 |       41       2501 |    2   893 |      2884|       0.29       0.94|
Info:       4000 |       48       3394 |    7   893 |      1891|       0.39       1.33|
Info:       5000 |       62       4293 |   14   899 |       906|       0.46       1.80|
Info:       5924 |       78       5103 |   16   810 |         0|       0.50       2.30|
Info: Routing complete.
Info: Router1 time 2.30s
Info: Checksum: 0x18dd949f

Info: Critical path report for clock 'clocks.adc_clock' (posedge -> posedge):
Info:       type curr  total name
Info:   clk-to-q  0.46  0.46 Source logic_core.clocks.restart.hb_sync_DFFR_Q_1_D_ALU_I1_SUM_LUT1_F_I0_DFFC_Q.Q
Info:    routing  0.41  0.87 Net logic_core.clocks.restart.hb_sync_DFFR_Q_1_D_ALU_I1_SUM_LUT1_F_I0 (24,6) -> (23,6)
Info:                          Sink logic_core.clocks.restart.hb_sync_DFFR_Q_1_D_ALU_I1_SUM_ALU_SUM_1_CIN_ALU_COUT.I1
Info:                          Defined in:
Info:                               /opt/oss/oss-cad-suite/lib/../share/yosys/gowin/cells_map.v:130.20-130.21
Info:      logic  1.04  1.91 Source logic_core.clocks.restart.hb_sync_DFFR_Q_1_D_ALU_I1_SUM_ALU_SUM_1_CIN_ALU_COUT.COUT
Info:    routing  0.00  1.91 Net logic_core.clocks.restart.hb_sync_DFFR_Q_1_D_ALU_I1_SUM_ALU_SUM_1_CIN (23,6) -> (23,6)
Info:                          Sink logic_core.clocks.restart.hb_sync_DFFR_Q_1_D_ALU_I1_SUM_ALU_SUM_1.CIN
Info:                          Defined in:
Info:                               rtl/pll_restart_control.sv:37.47-37.61
Info:                               /opt/oss/oss-cad-suite/lib/../share/yosys/gowin/arith_map.v:57.7-63.5
Info:                               /opt/oss/oss-cad-suite/lib/../share/yosys/gowin/cells_sim.v:1033.25-1033.29
Info:      logic  0.06  1.97 Source logic_core.clocks.restart.hb_sync_DFFR_Q_1_D_ALU_I1_SUM_ALU_SUM_1.COUT
Info:    routing  0.00  1.97 Net logic_core.clocks.restart.hb_sync_DFFR_Q_1_D_ALU_I1_SUM_ALU_SUM_1_COUT (23,6) -> (23,6)
Info:                          Sink logic_core.clocks.restart.hb_sync_DFFR_Q_1_D_ALU_I1_SUM_ALU_SUM_2.CIN
Info:                          Defined in:
Info:                               rtl/pll_restart_control.sv:37.47-37.61
Info:                               /opt/oss/oss-cad-suite/lib/../share/yosys/gowin/arith_map.v:57.7-63.5
Info:                               /opt/oss/oss-cad-suite/lib/../share/yosys/gowin/cells_sim.v:1033.25-1033.29
Info:      logic  0.06  2.03 Source logic_core.clocks.restart.hb_sync_DFFR_Q_1_D_ALU_I1_SUM_ALU_SUM_2.COUT
Info:    routing  0.00  2.03 Net logic_core.clocks.restart.hb_sync_DFFR_Q_1_D_ALU_I1_SUM_ALU_SUM_2_COUT (23,6) -> (23,6)
Info:                          Sink logic_core.clocks.restart.hb_sync_DFFR_Q_1_D_ALU_I1_SUM_ALU_SUM_3.CIN
Info:                          Defined in:
Info:                               rtl/pll_restart_control.sv:37.47-37.61
Info:                               /opt/oss/oss-cad-suite/lib/../share/yosys/gowin/arith_map.v:57.7-63.5
Info:                               /opt/oss/oss-cad-suite/lib/../share/yosys/gowin/cells_sim.v:1033.25-1033.29
Info:      logic  0.06  2.09 Source logic_core.clocks.restart.hb_sync_DFFR_Q_1_D_ALU_I1_SUM_ALU_SUM_3.COUT
Info:    routing  0.00  2.09 Net logic_core.clocks.restart.hb_sync_DFFR_Q_1_D_ALU_I1_SUM_ALU_SUM_3_COUT (23,6) -> (23,6)
Info:                          Sink logic_core.clocks.restart.hb_sync_DFFR_Q_1_D_ALU_I1_SUM_ALU_SUM_4.CIN
Info:                          Defined in:
Info:                               rtl/pll_restart_control.sv:37.47-37.61
Info:                               /opt/oss/oss-cad-suite/lib/../share/yosys/gowin/arith_map.v:57.7-63.5
Info:                               /opt/oss/oss-cad-suite/lib/../share/yosys/gowin/cells_sim.v:1033.25-1033.29
Info:      logic  0.06  2.14 Source logic_core.clocks.restart.hb_sync_DFFR_Q_1_D_ALU_I1_SUM_ALU_SUM_4.COUT
Info:    routing  0.00  2.14 Net logic_core.clocks.restart.hb_sync_DFFR_Q_1_D_ALU_I1_SUM_ALU_SUM_4_COUT (23,6) -> (24,6)
Info:                          Sink logic_core.clocks.restart.hb_sync_DFFR_Q_1_D_ALU_I1_SUM_ALU_SUM_5.CIN
Info:                          Defined in:
Info:                               rtl/pll_restart_control.sv:37.47-37.61
Info:                               /opt/oss/oss-cad-suite/lib/../share/yosys/gowin/arith_map.v:57.7-63.5
Info:                               /opt/oss/oss-cad-suite/lib/../share/yosys/gowin/cells_sim.v:1033.25-1033.29
Info:      logic  0.06  2.20 Source logic_core.clocks.restart.hb_sync_DFFR_Q_1_D_ALU_I1_SUM_ALU_SUM_5.COUT
Info:    routing  0.00  2.20 Net logic_core.clocks.restart.hb_sync_DFFR_Q_1_D_ALU_I1_SUM_ALU_SUM_5_COUT (24,6) -> (24,6)
Info:                          Sink logic_core.clocks.restart.hb_sync_DFFR_Q_1_D_ALU_I1_SUM_ALU_SUM.CIN
Info:                          Defined in:
Info:                               rtl/pll_restart_control.sv:37.47-37.61
Info:                               /opt/oss/oss-cad-suite/lib/../share/yosys/gowin/arith_map.v:57.7-63.5
Info:                               /opt/oss/oss-cad-suite/lib/../share/yosys/gowin/cells_sim.v:1033.25-1033.29
Info:      logic  0.06  2.26 Source logic_core.clocks.restart.hb_sync_DFFR_Q_1_D_ALU_I1_SUM_ALU_SUM.COUT
Info:    routing  0.00  2.26 Net logic_core.clocks.restart.hb_sync_DFFR_Q_1_D_ALU_I1_SUM_ALU_SUM_COUT (24,6) -> (24,6)
Info:                          Sink logic_core.clocks.restart.hb_sync_DFFR_Q_1_D_ALU_I1.CIN
Info:                          Defined in:
Info:                               rtl/pll_restart_control.sv:37.47-37.61
Info:                               /opt/oss/oss-cad-suite/lib/../share/yosys/gowin/arith_map.v:57.7-63.5
Info:                               /opt/oss/oss-cad-suite/lib/../share/yosys/gowin/cells_sim.v:1033.25-1033.29
Info:      logic  0.56  2.82 Source logic_core.clocks.restart.hb_sync_DFFR_Q_1_D_ALU_I1.SUM
Info:    routing  0.00  2.82 Net logic_core.clocks.restart.hb_sync_DFFR_Q_1_D_ALU_I1_SUM[7] (24,6) -> (24,6)
Info:                          Sink logic_core.clocks.restart.hb_sync_DFFR_Q_1_D_DFFC_Q.D
Info:                          Defined in:
Info:                               rtl/pll_restart_control.sv:37.47-37.61
Info:                               /opt/oss/oss-cad-suite/lib/../share/yosys/gowin/arith_map.v:34.28-34.29
Info:      setup  0.40  3.22 Source logic_core.clocks.restart.hb_sync_DFFR_Q_1_D_DFFC_Q.D
Info: 2.81 ns logic, 0.41 ns routing

Info: Critical path report for clock 'video_clock' (posedge -> posedge):
Info:       type curr  total name
Info:   clk-to-q  0.46  0.46 Source logic_core.video.front.v_age_DFFRE_Q_13.Q
Info:    routing  1.37  1.83 Net logic_core.video.front.v_age[6] (12,3) -> (9,4)
Info:                          Sink logic_core.video.front.v_age_DFFRE_Q_8_D_ALU_SUM_COUT_ALU_CIN_COUT_ALU_CIN_COUT_ALU_CIN_COUT_ALU_CIN_COUT_ALU_CIN_COUT_ALU_CIN_COUT_ALU_CIN_COUT_ALU_CIN_COUT_ALU_SUM_CIN_ALU_COUT_I0_ALU_SUM_CIN_ALU_COUT_CIN_ALU_COUT_CIN_ALU_COUT_CIN_ALU_COUT_CIN_ALU_COUT_CIN_ALU_COUT_CIN_ALU_COUT_CIN_ALU_COUT_CIN_ALU_COUT_CIN_ALU_COUT_CIN_ALU_COUT_CIN_ALU_COUT_CIN_ALU_COUT_CIN_ALU_COUT_CIN_ALU_COUT.I1
Info:                          Defined in:
Info:                               rtl/stream_sync_frontend.sv:33.18-33.23
Info:      logic  1.04  2.87 Source logic_core.video.front.v_age_DFFRE_Q_8_D_ALU_SUM_COUT_ALU_CIN_COUT_ALU_CIN_COUT_ALU_CIN_COUT_ALU_CIN_COUT_ALU_CIN_COUT_ALU_CIN_COUT_ALU_CIN_COUT_ALU_CIN_COUT_ALU_SUM_CIN_ALU_COUT_I0_ALU_SUM_CIN_ALU_COUT_CIN_ALU_COUT_CIN_ALU_COUT_CIN_ALU_COUT_CIN_ALU_COUT_CIN_ALU_COUT_CIN_ALU_COUT_CIN_ALU_COUT_CIN_ALU_COUT_CIN_ALU_COUT_CIN_ALU_COUT_CIN_ALU_COUT_CIN_ALU_COUT_CIN_ALU_COUT_CIN_ALU_COUT.COUT
Info:    routing  0.00  2.87 Net logic_core.video.front.v_age_DFFRE_Q_8_D_ALU_SUM_COUT_ALU_CIN_COUT_ALU_CIN_COUT_ALU_CIN_COUT_ALU_CIN_COUT_ALU_CIN_COUT_ALU_CIN_COUT_ALU_CIN_COUT_ALU_CIN_COUT_ALU_SUM_CIN_ALU_COUT_I0_ALU_SUM_CIN_ALU_COUT_CIN_ALU_COUT_CIN_ALU_COUT_CIN_ALU_COUT_CIN_ALU_COUT_CIN_ALU_COUT_CIN_ALU_COUT_CIN_ALU_COUT_CIN_ALU_COUT_CIN_ALU_COUT_CIN_ALU_COUT_CIN_ALU_COUT_CIN_ALU_COUT_CIN_ALU_COUT_CIN (9,4) -> (9,4)
Info:                          Sink logic_core.video.front.v_age_DFFRE_Q_8_D_ALU_SUM_COUT_ALU_CIN_COUT_ALU_CIN_COUT_ALU_CIN_COUT_ALU_CIN_COUT_ALU_CIN_COUT_ALU_CIN_COUT_ALU_CIN_COUT_ALU_CIN_COUT_ALU_SUM_CIN_ALU_COUT_I0_ALU_SUM_CIN_ALU_COUT_CIN_ALU_COUT_CIN_ALU_COUT_CIN_ALU_COUT_CIN_ALU_COUT_CIN_ALU_COUT_CIN_ALU_COUT_CIN_ALU_COUT_CIN_ALU_COUT_CIN_ALU_COUT_CIN_ALU_COUT_CIN_ALU_COUT_CIN_ALU_COUT_CIN_ALU_COUT.CIN
Info:                          Defined in:
Info:                               rtl/stream_sync_frontend.sv:90.31-90.38
Info:                               /opt/oss/oss-cad-suite/lib/../share/yosys/gowin/arith_map.v:57.7-63.5
Info:                               /opt/oss/oss-cad-suite/lib/../share/yosys/gowin/cells_sim.v:1033.25-1033.29
Info:      logic  0.06  2.93 Source logic_core.video.front.v_age_DFFRE_Q_8_D_ALU_SUM_COUT_ALU_CIN_COUT_ALU_CIN_COUT_ALU_CIN_COUT_ALU_CIN_COUT_ALU_CIN_COUT_ALU_CIN_COUT_ALU_CIN_COUT_ALU_CIN_COUT_ALU_SUM_CIN_ALU_COUT_I0_ALU_SUM_CIN_ALU_COUT_CIN_ALU_COUT_CIN_ALU_COUT_CIN_ALU_COUT_CIN_ALU_COUT_CIN_ALU_COUT_CIN_ALU_COUT_CIN_ALU_COUT_CIN_ALU_COUT_CIN_ALU_COUT_CIN_ALU_COUT_CIN_ALU_COUT_CIN_ALU_COUT_CIN_ALU_COUT.COUT
Info:    routing  0.00  2.93 Net logic_core.video.front.v_age_DFFRE_Q_8_D_ALU_SUM_COUT_ALU_CIN_COUT_ALU_CIN_COUT_ALU_CIN_COUT_ALU_CIN_COUT_ALU_CIN_COUT_ALU_CIN_COUT_ALU_CIN_COUT_ALU_CIN_COUT_ALU_SUM_CIN_ALU_COUT_I0_ALU_SUM_CIN_ALU_COUT_CIN_ALU_COUT_CIN_ALU_COUT_CIN_ALU_COUT_CIN_ALU_COUT_CIN_ALU_COUT_CIN_ALU_COUT_CIN_ALU_COUT_CIN_ALU_COUT_CIN_ALU_COUT_CIN_ALU_COUT_CIN_ALU_COUT_CIN_ALU_COUT_CIN (9,4) -> (9,4)
Info:                          Sink logic_core.video.front.v_age_DFFRE_Q_8_D_ALU_SUM_COUT_ALU_CIN_COUT_ALU_CIN_COUT_ALU_CIN_COUT_ALU_CIN_COUT_ALU_CIN_COUT_ALU_CIN_COUT_ALU_CIN_COUT_ALU_CIN_COUT_ALU_SUM_CIN_ALU_COUT_I0_ALU_SUM_CIN_ALU_COUT_CIN_ALU_COUT_CIN_ALU_COUT_CIN_ALU_COUT_CIN_ALU_COUT_CIN_ALU_COUT_CIN_ALU_COUT_CIN_ALU_COUT_CIN_ALU_COUT_CIN_ALU_COUT_CIN_ALU_COUT_CIN_ALU_COUT_CIN_ALU_COUT.CIN
Info:                          Defined in:
Info:                               rtl/stream_sync_frontend.sv:90.31-90.38
Info:                               /opt/oss/oss-cad-suite/lib/../share/yosys/gowin/arith_map.v:57.7-63.5
Info:                               /opt/oss/oss-cad-suite/lib/../share/yosys/gowin/cells_sim.v:1033.25-1033.29
Info:      logic  0.06  2.99 Source logic_core.video.front.v_age_DFFRE_Q_8_D_ALU_SUM_COUT_ALU_CIN_COUT_ALU_CIN_COUT_ALU_CIN_COUT_ALU_CIN_COUT_ALU_CIN_COUT_ALU_CIN_COUT_ALU_CIN_COUT_ALU_CIN_COUT_ALU_SUM_CIN_ALU_COUT_I0_ALU_SUM_CIN_ALU_COUT_CIN_ALU_COUT_CIN_ALU_COUT_CIN_ALU_COUT_CIN_ALU_COUT_CIN_ALU_COUT_CIN_ALU_COUT_CIN_ALU_COUT_CIN_ALU_COUT_CIN_ALU_COUT_CIN_ALU_COUT_CIN_ALU_COUT_CIN_ALU_COUT.COUT
Info:    routing  0.00  2.99 Net logic_core.video.front.v_age_DFFRE_Q_8_D_ALU_SUM_COUT_ALU_CIN_COUT_ALU_CIN_COUT_ALU_CIN_COUT_ALU_CIN_COUT_ALU_CIN_COUT_ALU_CIN_COUT_ALU_CIN_COUT_ALU_CIN_COUT_ALU_SUM_CIN_ALU_COUT_I0_ALU_SUM_CIN_ALU_COUT_CIN_ALU_COUT_CIN_ALU_COUT_CIN_ALU_COUT_CIN_ALU_COUT_CIN_ALU_COUT_CIN_ALU_COUT_CIN_ALU_COUT_CIN_ALU_COUT_CIN_ALU_COUT_CIN_ALU_COUT_CIN_ALU_COUT_CIN (9,4) -> (9,4)
Info:                          Sink logic_core.video.front.v_age_DFFRE_Q_8_D_ALU_SUM_COUT_ALU_CIN_COUT_ALU_CIN_COUT_ALU_CIN_COUT_ALU_CIN_COUT_ALU_CIN_COUT_ALU_CIN_COUT_ALU_CIN_COUT_ALU_CIN_COUT_ALU_SUM_CIN_ALU_COUT_I0_ALU_SUM_CIN_ALU_COUT_CIN_ALU_COUT_CIN_ALU_COUT_CIN_ALU_COUT_CIN_ALU_COUT_CIN_ALU_COUT_CIN_ALU_COUT_CIN_ALU_COUT_CIN_ALU_COUT_CIN_ALU_COUT_CIN_ALU_COUT_CIN_ALU_COUT.CIN
Info:                          Defined in:
Info:                               rtl/stream_sync_frontend.sv:90.31-90.38
Info:                               /opt/oss/oss-cad-suite/lib/../share/yosys/gowin/arith_map.v:57.7-63.5
Info:                               /opt/oss/oss-cad-suite/lib/../share/yosys/gowin/cells_sim.v:1033.25-1033.29
Info:      logic  0.06  3.04 Source logic_core.video.front.v_age_DFFRE_Q_8_D_ALU_SUM_COUT_ALU_CIN_COUT_ALU_CIN_COUT_ALU_CIN_COUT_ALU_CIN_COUT_ALU_CIN_COUT_ALU_CIN_COUT_ALU_CIN_COUT_ALU_CIN_COUT_ALU_SUM_CIN_ALU_COUT_I0_ALU_SUM_CIN_ALU_COUT_CIN_ALU_COUT_CIN_ALU_COUT_CIN_ALU_COUT_CIN_ALU_COUT_CIN_ALU_COUT_CIN_ALU_COUT_CIN_ALU_COUT_CIN_ALU_COUT_CIN_ALU_COUT_CIN_ALU_COUT_CIN_ALU_COUT.COUT
Info:    routing  0.00  3.04 Net logic_core.video.front.v_age_DFFRE_Q_8_D_ALU_SUM_COUT_ALU_CIN_COUT_ALU_CIN_COUT_ALU_CIN_COUT_ALU_CIN_COUT_ALU_CIN_COUT_ALU_CIN_COUT_ALU_CIN_COUT_ALU_CIN_COUT_ALU_SUM_CIN_ALU_COUT_I0_ALU_SUM_CIN_ALU_COUT_CIN_ALU_COUT_CIN_ALU_COUT_CIN_ALU_COUT_CIN_ALU_COUT_CIN_ALU_COUT_CIN_ALU_COUT_CIN_ALU_COUT_CIN_ALU_COUT_CIN_ALU_COUT_CIN_ALU_COUT_CIN (9,4) -> (9,4)
Info:                          Sink logic_core.video.front.v_age_DFFRE_Q_8_D_ALU_SUM_COUT_ALU_CIN_COUT_ALU_CIN_COUT_ALU_CIN_COUT_ALU_CIN_COUT_ALU_CIN_COUT_ALU_CIN_COUT_ALU_CIN_COUT_ALU_CIN_COUT_ALU_SUM_CIN_ALU_COUT_I0_ALU_SUM_CIN_ALU_COUT_CIN_ALU_COUT_CIN_ALU_COUT_CIN_ALU_COUT_CIN_ALU_COUT_CIN_ALU_COUT_CIN_ALU_COUT_CIN_ALU_COUT_CIN_ALU_COUT_CIN_ALU_COUT_CIN_ALU_COUT.CIN
Info:                          Defined in:
Info:                               rtl/stream_sync_frontend.sv:90.31-90.38
Info:                               /opt/oss/oss-cad-suite/lib/../share/yosys/gowin/arith_map.v:57.7-63.5
Info:                               /opt/oss/oss-cad-suite/lib/../share/yosys/gowin/cells_sim.v:1033.25-1033.29
Info:      logic  0.06  3.10 Source logic_core.video.front.v_age_DFFRE_Q_8_D_ALU_SUM_COUT_ALU_CIN_COUT_ALU_CIN_COUT_ALU_CIN_COUT_ALU_CIN_COUT_ALU_CIN_COUT_ALU_CIN_COUT_ALU_CIN_COUT_ALU_CIN_COUT_ALU_SUM_CIN_ALU_COUT_I0_ALU_SUM_CIN_ALU_COUT_CIN_ALU_COUT_CIN_ALU_COUT_CIN_ALU_COUT_CIN_ALU_COUT_CIN_ALU_COUT_CIN_ALU_COUT_CIN_ALU_COUT_CIN_ALU_COUT_CIN_ALU_COUT_CIN_ALU_COUT.COUT
Info:    routing  0.00  3.10 Net logic_core.video.front.v_age_DFFRE_Q_8_D_ALU_SUM_COUT_ALU_CIN_COUT_ALU_CIN_COUT_ALU_CIN_COUT_ALU_CIN_COUT_ALU_CIN_COUT_ALU_CIN_COUT_ALU_CIN_COUT_ALU_CIN_COUT_ALU_SUM_CIN_ALU_COUT_I0_ALU_SUM_CIN_ALU_COUT_CIN_ALU_COUT_CIN_ALU_COUT_CIN_ALU_COUT_CIN_ALU_COUT_CIN_ALU_COUT_CIN_ALU_COUT_CIN_ALU_COUT_CIN_ALU_COUT_CIN_ALU_COUT_CIN (9,4) -> (10,4)
Info:                          Sink logic_core.video.front.v_age_DFFRE_Q_8_D_ALU_SUM_COUT_ALU_CIN_COUT_ALU_CIN_COUT_ALU_CIN_COUT_ALU_CIN_COUT_ALU_CIN_COUT_ALU_CIN_COUT_ALU_CIN_COUT_ALU_CIN_COUT_ALU_SUM_CIN_ALU_COUT_I0_ALU_SUM_CIN_ALU_COUT_CIN_ALU_COUT_CIN_ALU_COUT_CIN_ALU_COUT_CIN_ALU_COUT_CIN_ALU_COUT_CIN_ALU_COUT_CIN_ALU_COUT_CIN_ALU_COUT_CIN_ALU_COUT.CIN
Info:                          Defined in:
Info:                               rtl/stream_sync_frontend.sv:90.31-90.38
Info:                               /opt/oss/oss-cad-suite/lib/../share/yosys/gowin/arith_map.v:57.7-63.5
Info:                               /opt/oss/oss-cad-suite/lib/../share/yosys/gowin/cells_sim.v:1033.25-1033.29
Info:      logic  0.06  3.16 Source logic_core.video.front.v_age_DFFRE_Q_8_D_ALU_SUM_COUT_ALU_CIN_COUT_ALU_CIN_COUT_ALU_CIN_COUT_ALU_CIN_COUT_ALU_CIN_COUT_ALU_CIN_COUT_ALU_CIN_COUT_ALU_CIN_COUT_ALU_SUM_CIN_ALU_COUT_I0_ALU_SUM_CIN_ALU_COUT_CIN_ALU_COUT_CIN_ALU_COUT_CIN_ALU_COUT_CIN_ALU_COUT_CIN_ALU_COUT_CIN_ALU_COUT_CIN_ALU_COUT_CIN_ALU_COUT_CIN_ALU_COUT.COUT
Info:    routing  0.00  3.16 Net logic_core.video.front.v_age_DFFRE_Q_8_D_ALU_SUM_COUT_ALU_CIN_COUT_ALU_CIN_COUT_ALU_CIN_COUT_ALU_CIN_COUT_ALU_CIN_COUT_ALU_CIN_COUT_ALU_CIN_COUT_ALU_CIN_COUT_ALU_SUM_CIN_ALU_COUT_I0_ALU_SUM_CIN_ALU_COUT_CIN_ALU_COUT_CIN_ALU_COUT_CIN_ALU_COUT_CIN_ALU_COUT_CIN_ALU_COUT_CIN_ALU_COUT_CIN_ALU_COUT_CIN_ALU_COUT_CIN (10,4) -> (10,4)
Info:                          Sink logic_core.video.front.v_age_DFFRE_Q_8_D_ALU_SUM_COUT_ALU_CIN_COUT_ALU_CIN_COUT_ALU_CIN_COUT_ALU_CIN_COUT_ALU_CIN_COUT_ALU_CIN_COUT_ALU_CIN_COUT_ALU_CIN_COUT_ALU_SUM_CIN_ALU_COUT_I0_ALU_SUM_CIN_ALU_COUT_CIN_ALU_COUT_CIN_ALU_COUT_CIN_ALU_COUT_CIN_ALU_COUT_CIN_ALU_COUT_CIN_ALU_COUT_CIN_ALU_COUT_CIN_ALU_COUT.CIN
Info:                          Defined in:
Info:                               rtl/stream_sync_frontend.sv:90.31-90.38
Info:                               /opt/oss/oss-cad-suite/lib/../share/yosys/gowin/arith_map.v:57.7-63.5
Info:                               /opt/oss/oss-cad-suite/lib/../share/yosys/gowin/cells_sim.v:1033.25-1033.29
Info:      logic  0.06  3.21 Source logic_core.video.front.v_age_DFFRE_Q_8_D_ALU_SUM_COUT_ALU_CIN_COUT_ALU_CIN_COUT_ALU_CIN_COUT_ALU_CIN_COUT_ALU_CIN_COUT_ALU_CIN_COUT_ALU_CIN_COUT_ALU_CIN_COUT_ALU_SUM_CIN_ALU_COUT_I0_ALU_SUM_CIN_ALU_COUT_CIN_ALU_COUT_CIN_ALU_COUT_CIN_ALU_COUT_CIN_ALU_COUT_CIN_ALU_COUT_CIN_ALU_COUT_CIN_ALU_COUT_CIN_ALU_COUT.COUT
Info:    routing  0.00  3.21 Net logic_core.video.front.v_age_DFFRE_Q_8_D_ALU_SUM_COUT_ALU_CIN_COUT_ALU_CIN_COUT_ALU_CIN_COUT_ALU_CIN_COUT_ALU_CIN_COUT_ALU_CIN_COUT_ALU_CIN_COUT_ALU_CIN_COUT_ALU_SUM_CIN_ALU_COUT_I0_ALU_SUM_CIN_ALU_COUT_CIN_ALU_COUT_CIN_ALU_COUT_CIN_ALU_COUT_CIN_ALU_COUT_CIN_ALU_COUT_CIN_ALU_COUT_CIN_ALU_COUT_CIN (10,4) -> (10,4)
Info:                          Sink logic_core.video.front.v_age_DFFRE_Q_8_D_ALU_SUM_COUT_ALU_CIN_COUT_ALU_CIN_COUT_ALU_CIN_COUT_ALU_CIN_COUT_ALU_CIN_COUT_ALU_CIN_COUT_ALU_CIN_COUT_ALU_CIN_COUT_ALU_SUM_CIN_ALU_COUT_I0_ALU_SUM_CIN_ALU_COUT_CIN_ALU_COUT_CIN_ALU_COUT_CIN_ALU_COUT_CIN_ALU_COUT_CIN_ALU_COUT_CIN_ALU_COUT_CIN_ALU_COUT.CIN
Info:                          Defined in:
Info:                               rtl/stream_sync_frontend.sv:90.31-90.38
Info:                               /opt/oss/oss-cad-suite/lib/../share/yosys/gowin/arith_map.v:57.7-63.5
Info:                               /opt/oss/oss-cad-suite/lib/../share/yosys/gowin/cells_sim.v:1033.25-1033.29
Info:      logic  0.06  3.27 Source logic_core.video.front.v_age_DFFRE_Q_8_D_ALU_SUM_COUT_ALU_CIN_COUT_ALU_CIN_COUT_ALU_CIN_COUT_ALU_CIN_COUT_ALU_CIN_COUT_ALU_CIN_COUT_ALU_CIN_COUT_ALU_CIN_COUT_ALU_SUM_CIN_ALU_COUT_I0_ALU_SUM_CIN_ALU_COUT_CIN_ALU_COUT_CIN_ALU_COUT_CIN_ALU_COUT_CIN_ALU_COUT_CIN_ALU_COUT_CIN_ALU_COUT_CIN_ALU_COUT.COUT
Info:    routing  0.00  3.27 Net logic_core.video.front.v_age_DFFRE_Q_8_D_ALU_SUM_COUT_ALU_CIN_COUT_ALU_CIN_COUT_ALU_CIN_COUT_ALU_CIN_COUT_ALU_CIN_COUT_ALU_CIN_COUT_ALU_CIN_COUT_ALU_CIN_COUT_ALU_SUM_CIN_ALU_COUT_I0_ALU_SUM_CIN_ALU_COUT_CIN_ALU_COUT_CIN_ALU_COUT_CIN_ALU_COUT_CIN_ALU_COUT_CIN_ALU_COUT_CIN_ALU_COUT_CIN (10,4) -> (10,4)
Info:                          Sink logic_core.video.front.v_age_DFFRE_Q_8_D_ALU_SUM_COUT_ALU_CIN_COUT_ALU_CIN_COUT_ALU_CIN_COUT_ALU_CIN_COUT_ALU_CIN_COUT_ALU_CIN_COUT_ALU_CIN_COUT_ALU_CIN_COUT_ALU_SUM_CIN_ALU_COUT_I0_ALU_SUM_CIN_ALU_COUT_CIN_ALU_COUT_CIN_ALU_COUT_CIN_ALU_COUT_CIN_ALU_COUT_CIN_ALU_COUT_CIN_ALU_COUT.CIN
Info:                          Defined in:
Info:                               rtl/stream_sync_frontend.sv:90.31-90.38
Info:                               /opt/oss/oss-cad-suite/lib/../share/yosys/gowin/arith_map.v:57.7-63.5
Info:                               /opt/oss/oss-cad-suite/lib/../share/yosys/gowin/cells_sim.v:1033.25-1033.29
Info:      logic  0.06  3.33 Source logic_core.video.front.v_age_DFFRE_Q_8_D_ALU_SUM_COUT_ALU_CIN_COUT_ALU_CIN_COUT_ALU_CIN_COUT_ALU_CIN_COUT_ALU_CIN_COUT_ALU_CIN_COUT_ALU_CIN_COUT_ALU_CIN_COUT_ALU_SUM_CIN_ALU_COUT_I0_ALU_SUM_CIN_ALU_COUT_CIN_ALU_COUT_CIN_ALU_COUT_CIN_ALU_COUT_CIN_ALU_COUT_CIN_ALU_COUT_CIN_ALU_COUT.COUT
Info:    routing  0.00  3.33 Net logic_core.video.front.v_age_DFFRE_Q_8_D_ALU_SUM_COUT_ALU_CIN_COUT_ALU_CIN_COUT_ALU_CIN_COUT_ALU_CIN_COUT_ALU_CIN_COUT_ALU_CIN_COUT_ALU_CIN_COUT_ALU_CIN_COUT_ALU_SUM_CIN_ALU_COUT_I0_ALU_SUM_CIN_ALU_COUT_CIN_ALU_COUT_CIN_ALU_COUT_CIN_ALU_COUT_CIN_ALU_COUT_CIN_ALU_COUT_CIN (10,4) -> (10,4)
Info:                          Sink logic_core.video.front.v_age_DFFRE_Q_8_D_ALU_SUM_COUT_ALU_CIN_COUT_ALU_CIN_COUT_ALU_CIN_COUT_ALU_CIN_COUT_ALU_CIN_COUT_ALU_CIN_COUT_ALU_CIN_COUT_ALU_CIN_COUT_ALU_SUM_CIN_ALU_COUT_I0_ALU_SUM_CIN_ALU_COUT_CIN_ALU_COUT_CIN_ALU_COUT_CIN_ALU_COUT_CIN_ALU_COUT_CIN_ALU_COUT.CIN
Info:                          Defined in:
Info:                               rtl/stream_sync_frontend.sv:90.31-90.38
Info:                               /opt/oss/oss-cad-suite/lib/../share/yosys/gowin/arith_map.v:57.7-63.5
Info:                               /opt/oss/oss-cad-suite/lib/../share/yosys/gowin/cells_sim.v:1033.25-1033.29
Info:      logic  0.06  3.38 Source logic_core.video.front.v_age_DFFRE_Q_8_D_ALU_SUM_COUT_ALU_CIN_COUT_ALU_CIN_COUT_ALU_CIN_COUT_ALU_CIN_COUT_ALU_CIN_COUT_ALU_CIN_COUT_ALU_CIN_COUT_ALU_CIN_COUT_ALU_SUM_CIN_ALU_COUT_I0_ALU_SUM_CIN_ALU_COUT_CIN_ALU_COUT_CIN_ALU_COUT_CIN_ALU_COUT_CIN_ALU_COUT_CIN_ALU_COUT.COUT
Info:    routing  0.00  3.38 Net logic_core.video.front.v_age_DFFRE_Q_8_D_ALU_SUM_COUT_ALU_CIN_COUT_ALU_CIN_COUT_ALU_CIN_COUT_ALU_CIN_COUT_ALU_CIN_COUT_ALU_CIN_COUT_ALU_CIN_COUT_ALU_CIN_COUT_ALU_SUM_CIN_ALU_COUT_I0_ALU_SUM_CIN_ALU_COUT_CIN_ALU_COUT_CIN_ALU_COUT_CIN_ALU_COUT_CIN_ALU_COUT_CIN (10,4) -> (10,4)
Info:                          Sink logic_core.video.front.v_age_DFFRE_Q_8_D_ALU_SUM_COUT_ALU_CIN_COUT_ALU_CIN_COUT_ALU_CIN_COUT_ALU_CIN_COUT_ALU_CIN_COUT_ALU_CIN_COUT_ALU_CIN_COUT_ALU_CIN_COUT_ALU_SUM_CIN_ALU_COUT_I0_ALU_SUM_CIN_ALU_COUT_CIN_ALU_COUT_CIN_ALU_COUT_CIN_ALU_COUT_CIN_ALU_COUT.CIN
Info:                          Defined in:
Info:                               rtl/stream_sync_frontend.sv:90.31-90.38
Info:                               /opt/oss/oss-cad-suite/lib/../share/yosys/gowin/arith_map.v:57.7-63.5
Info:                               /opt/oss/oss-cad-suite/lib/../share/yosys/gowin/cells_sim.v:1033.25-1033.29
Info:      logic  0.06  3.44 Source logic_core.video.front.v_age_DFFRE_Q_8_D_ALU_SUM_COUT_ALU_CIN_COUT_ALU_CIN_COUT_ALU_CIN_COUT_ALU_CIN_COUT_ALU_CIN_COUT_ALU_CIN_COUT_ALU_CIN_COUT_ALU_CIN_COUT_ALU_SUM_CIN_ALU_COUT_I0_ALU_SUM_CIN_ALU_COUT_CIN_ALU_COUT_CIN_ALU_COUT_CIN_ALU_COUT_CIN_ALU_COUT.COUT
Info:    routing  0.00  3.44 Net logic_core.video.front.v_age_DFFRE_Q_8_D_ALU_SUM_COUT_ALU_CIN_COUT_ALU_CIN_COUT_ALU_CIN_COUT_ALU_CIN_COUT_ALU_CIN_COUT_ALU_CIN_COUT_ALU_CIN_COUT_ALU_CIN_COUT_ALU_SUM_CIN_ALU_COUT_I0_ALU_SUM_CIN_ALU_COUT_CIN_ALU_COUT_CIN_ALU_COUT_CIN_ALU_COUT_CIN (10,4) -> (11,4)
Info:                          Sink logic_core.video.front.v_age_DFFRE_Q_8_D_ALU_SUM_COUT_ALU_CIN_COUT_ALU_CIN_COUT_ALU_CIN_COUT_ALU_CIN_COUT_ALU_CIN_COUT_ALU_CIN_COUT_ALU_CIN_COUT_ALU_CIN_COUT_ALU_SUM_CIN_ALU_COUT_I0_ALU_SUM_CIN_ALU_COUT_CIN_ALU_COUT_CIN_ALU_COUT_CIN_ALU_COUT.CIN
Info:                          Defined in:
Info:                               rtl/stream_sync_frontend.sv:90.31-90.38
Info:                               /opt/oss/oss-cad-suite/lib/../share/yosys/gowin/arith_map.v:57.7-63.5
Info:                               /opt/oss/oss-cad-suite/lib/../share/yosys/gowin/cells_sim.v:1033.25-1033.29
Info:      logic  0.06  3.50 Source logic_core.video.front.v_age_DFFRE_Q_8_D_ALU_SUM_COUT_ALU_CIN_COUT_ALU_CIN_COUT_ALU_CIN_COUT_ALU_CIN_COUT_ALU_CIN_COUT_ALU_CIN_COUT_ALU_CIN_COUT_ALU_CIN_COUT_ALU_SUM_CIN_ALU_COUT_I0_ALU_SUM_CIN_ALU_COUT_CIN_ALU_COUT_CIN_ALU_COUT_CIN_ALU_COUT.COUT
Info:    routing  0.00  3.50 Net logic_core.video.front.v_age_DFFRE_Q_8_D_ALU_SUM_COUT_ALU_CIN_COUT_ALU_CIN_COUT_ALU_CIN_COUT_ALU_CIN_COUT_ALU_CIN_COUT_ALU_CIN_COUT_ALU_CIN_COUT_ALU_CIN_COUT_ALU_SUM_CIN_ALU_COUT_I0_ALU_SUM_CIN_ALU_COUT_CIN_ALU_COUT_CIN_ALU_COUT_CIN (11,4) -> (11,4)
Info:                          Sink logic_core.video.front.v_age_DFFRE_Q_8_D_ALU_SUM_COUT_ALU_CIN_COUT_ALU_CIN_COUT_ALU_CIN_COUT_ALU_CIN_COUT_ALU_CIN_COUT_ALU_CIN_COUT_ALU_CIN_COUT_ALU_CIN_COUT_ALU_SUM_CIN_ALU_COUT_I0_ALU_SUM_CIN_ALU_COUT_CIN_ALU_COUT_CIN_ALU_COUT.CIN
Info:                          Defined in:
Info:                               rtl/stream_sync_frontend.sv:90.31-90.38
Info:                               /opt/oss/oss-cad-suite/lib/../share/yosys/gowin/arith_map.v:57.7-63.5
Info:                               /opt/oss/oss-cad-suite/lib/../share/yosys/gowin/cells_sim.v:1033.25-1033.29
Info:      logic  0.06  3.56 Source logic_core.video.front.v_age_DFFRE_Q_8_D_ALU_SUM_COUT_ALU_CIN_COUT_ALU_CIN_COUT_ALU_CIN_COUT_ALU_CIN_COUT_ALU_CIN_COUT_ALU_CIN_COUT_ALU_CIN_COUT_ALU_CIN_COUT_ALU_SUM_CIN_ALU_COUT_I0_ALU_SUM_CIN_ALU_COUT_CIN_ALU_COUT_CIN_ALU_COUT.COUT
Info:    routing  0.00  3.56 Net logic_core.video.front.v_age_DFFRE_Q_8_D_ALU_SUM_COUT_ALU_CIN_COUT_ALU_CIN_COUT_ALU_CIN_COUT_ALU_CIN_COUT_ALU_CIN_COUT_ALU_CIN_COUT_ALU_CIN_COUT_ALU_CIN_COUT_ALU_SUM_CIN_ALU_COUT_I0_ALU_SUM_CIN_ALU_COUT_CIN_ALU_COUT_CIN (11,4) -> (11,4)
Info:                          Sink logic_core.video.front.v_age_DFFRE_Q_8_D_ALU_SUM_COUT_ALU_CIN_COUT_ALU_CIN_COUT_ALU_CIN_COUT_ALU_CIN_COUT_ALU_CIN_COUT_ALU_CIN_COUT_ALU_CIN_COUT_ALU_CIN_COUT_ALU_SUM_CIN_ALU_COUT_I0_ALU_SUM_CIN_ALU_COUT_CIN_ALU_COUT.CIN
Info:                          Defined in:
Info:                               rtl/stream_sync_frontend.sv:90.31-90.38
Info:                               /opt/oss/oss-cad-suite/lib/../share/yosys/gowin/arith_map.v:57.7-63.5
Info:                               /opt/oss/oss-cad-suite/lib/../share/yosys/gowin/cells_sim.v:1033.25-1033.29
Info:      logic  0.06  3.61 Source logic_core.video.front.v_age_DFFRE_Q_8_D_ALU_SUM_COUT_ALU_CIN_COUT_ALU_CIN_COUT_ALU_CIN_COUT_ALU_CIN_COUT_ALU_CIN_COUT_ALU_CIN_COUT_ALU_CIN_COUT_ALU_CIN_COUT_ALU_SUM_CIN_ALU_COUT_I0_ALU_SUM_CIN_ALU_COUT_CIN_ALU_COUT.COUT
Info:    routing  0.00  3.61 Net logic_core.video.front.v_age_DFFRE_Q_8_D_ALU_SUM_COUT_ALU_CIN_COUT_ALU_CIN_COUT_ALU_CIN_COUT_ALU_CIN_COUT_ALU_CIN_COUT_ALU_CIN_COUT_ALU_CIN_COUT_ALU_CIN_COUT_ALU_SUM_CIN_ALU_COUT_I0_ALU_SUM_CIN_ALU_COUT_CIN (11,4) -> (11,4)
Info:                          Sink logic_core.video.front.v_age_DFFRE_Q_8_D_ALU_SUM_COUT_ALU_CIN_COUT_ALU_CIN_COUT_ALU_CIN_COUT_ALU_CIN_COUT_ALU_CIN_COUT_ALU_CIN_COUT_ALU_CIN_COUT_ALU_CIN_COUT_ALU_SUM_CIN_ALU_COUT_I0_ALU_SUM_CIN_ALU_COUT.CIN
Info:                          Defined in:
Info:                               rtl/stream_sync_frontend.sv:90.31-90.38
Info:                               /opt/oss/oss-cad-suite/lib/../share/yosys/gowin/arith_map.v:57.7-63.5
Info:                               /opt/oss/oss-cad-suite/lib/../share/yosys/gowin/cells_sim.v:1033.25-1033.29
Info:      logic  0.56  4.18 Source logic_core.video.front.v_age_DFFRE_Q_8_D_ALU_SUM_COUT_ALU_CIN_COUT_ALU_CIN_COUT_ALU_CIN_COUT_ALU_CIN_COUT_ALU_CIN_COUT_ALU_CIN_COUT_ALU_CIN_COUT_ALU_CIN_COUT_ALU_SUM_CIN_ALU_COUT_I0_ALU_SUM_CIN_ALU_COUT.SUM
Info:    routing  1.22  5.39 Net logic_core.video.front.v_age_DFFRE_Q_8_D_ALU_SUM_COUT_ALU_CIN_COUT_ALU_CIN_COUT_ALU_CIN_COUT_ALU_CIN_COUT_ALU_CIN_COUT_ALU_CIN_COUT_ALU_CIN_COUT_ALU_CIN_COUT_ALU_SUM_CIN_ALU_COUT_I0_ALU_SUM_CIN_ALU_COUT_SUM (11,4) -> (14,4)
Info:                          Sink logic_core.video.front.v_age_DFFRE_Q_8_D_ALU_SUM_COUT_ALU_CIN_COUT_ALU_CIN_COUT_ALU_CIN_COUT_ALU_CIN_COUT_ALU_CIN_COUT_ALU_CIN_COUT_ALU_CIN_COUT_ALU_CIN_COUT_ALU_SUM_CIN_ALU_COUT_CIN_ALU_COUT.I0
Info:      logic  0.96  6.35 Source logic_core.video.front.v_age_DFFRE_Q_8_D_ALU_SUM_COUT_ALU_CIN_COUT_ALU_CIN_COUT_ALU_CIN_COUT_ALU_CIN_COUT_ALU_CIN_COUT_ALU_CIN_COUT_ALU_CIN_COUT_ALU_CIN_COUT_ALU_SUM_CIN_ALU_COUT_CIN_ALU_COUT.COUT
Info:    routing  0.00  6.35 Net logic_core.video.front.v_age_DFFRE_Q_8_D_ALU_SUM_COUT_ALU_CIN_COUT_ALU_CIN_COUT_ALU_CIN_COUT_ALU_CIN_COUT_ALU_CIN_COUT_ALU_CIN_COUT_ALU_CIN_COUT_ALU_CIN_COUT_ALU_SUM_CIN_ALU_COUT_CIN (14,4) -> (14,4)
Info:                          Sink logic_core.video.front.v_age_DFFRE_Q_8_D_ALU_SUM_COUT_ALU_CIN_COUT_ALU_CIN_COUT_ALU_CIN_COUT_ALU_CIN_COUT_ALU_CIN_COUT_ALU_CIN_COUT_ALU_CIN_COUT_ALU_CIN_COUT_ALU_SUM_CIN_ALU_COUT.CIN
Info:                          Defined in:
Info:                               rtl/stream_sync_frontend.sv:90.31-90.56
Info:                               /opt/oss/oss-cad-suite/lib/../share/yosys/gowin/arith_map.v:57.7-63.5
Info:                               /opt/oss/oss-cad-suite/lib/../share/yosys/gowin/cells_sim.v:1033.25-1033.29
Info:      logic  0.06  6.41 Source logic_core.video.front.v_age_DFFRE_Q_8_D_ALU_SUM_COUT_ALU_CIN_COUT_ALU_CIN_COUT_ALU_CIN_COUT_ALU_CIN_COUT_ALU_CIN_COUT_ALU_CIN_COUT_ALU_CIN_COUT_ALU_CIN_COUT_ALU_SUM_CIN_ALU_COUT.COUT
Info:    routing  0.00  6.41 Net logic_core.video.front.v_age_DFFRE_Q_8_D_ALU_SUM_COUT_ALU_CIN_COUT_ALU_CIN_COUT_ALU_CIN_COUT_ALU_CIN_COUT_ALU_CIN_COUT_ALU_CIN_COUT_ALU_CIN_COUT_ALU_CIN_COUT_ALU_SUM_CIN (14,4) -> (14,4)
Info:                          Sink logic_core.video.front.v_age_DFFRE_Q_8_D_ALU_SUM_COUT_ALU_CIN_COUT_ALU_CIN_COUT_ALU_CIN_COUT_ALU_CIN_COUT_ALU_CIN_COUT_ALU_CIN_COUT_ALU_CIN_COUT_ALU_CIN_COUT_ALU_SUM.CIN
Info:                          Defined in:
Info:                               rtl/stream_sync_frontend.sv:90.31-90.56
Info:                               /opt/oss/oss-cad-suite/lib/../share/yosys/gowin/arith_map.v:57.7-63.5
Info:                               /opt/oss/oss-cad-suite/lib/../share/yosys/gowin/cells_sim.v:1033.25-1033.29
Info:      logic  0.56  6.97 Source logic_core.video.front.v_age_DFFRE_Q_8_D_ALU_SUM_COUT_ALU_CIN_COUT_ALU_CIN_COUT_ALU_CIN_COUT_ALU_CIN_COUT_ALU_CIN_COUT_ALU_CIN_COUT_ALU_CIN_COUT_ALU_CIN_COUT_ALU_SUM.SUM
Info:    routing  0.89  7.86 Net logic_core.video.front.v_age_DFFRE_Q_8_D_ALU_SUM_COUT_ALU_CIN_COUT_ALU_CIN_COUT_ALU_CIN_COUT_ALU_CIN_COUT_ALU_CIN_COUT_ALU_CIN_COUT_ALU_CIN_COUT_ALU_CIN_COUT[4] (14,4) -> (13,3)
Info:                          Sink logic_core.video.front.have_vs_LUT4_I0_F_MUX2_LUT5_I0.S0
Info:                          Defined in:
Info:                               /opt/oss/oss-cad-suite/lib/../share/yosys/gowin/cells_map.v:130.20-130.21
Info:      logic  0.18  8.04 Source logic_core.video.front.have_vs_LUT4_I0_F_MUX2_LUT5_I0.O
Info:    routing  0.81  8.84 Net logic_core.video.front.have_vs_LUT4_I0_F_MUX2_LUT5_I0_O[3] (13,3) -> (12,3)
Info:                          Sink logic_core.video.front.vs_delay_DFFRE_Q_CE_MUX2_LUT5_O_I1_LUT4_F.I3
Info:                          Defined in:
Info:                               /opt/oss/oss-cad-suite/lib/../share/yosys/gowin/cells_map.v:130.20-130.21
Info:      logic  0.62  9.47 Source logic_core.video.front.vs_delay_DFFRE_Q_CE_MUX2_LUT5_O_I1_LUT4_F.F
Info:    routing  0.00  9.47 Net logic_core.video.front.vs_delay_DFFRE_Q_CE_MUX2_LUT5_O_I1 (12,3) -> (12,3)
Info:                          Sink logic_core.video.front.vs_delay_DFFRE_Q_CE_MUX2_LUT5_O.I1
Info:                          Defined in:
Info:                               /opt/oss/oss-cad-suite/lib/../share/yosys/gowin/cells_map.v:151.13-151.15
Info:      logic  0.50  9.97 Source logic_core.video.front.vs_delay_DFFRE_Q_CE_MUX2_LUT5_O.O
Info:    routing  1.22  11.19 Net logic_core.video.front.vs_delay_DFFRE_Q_CE (12,3) -> (12,4)
Info:                          Sink logic_core.video.front.vs_delay_DFFRE_Q_4.CE
Info:      setup  0.04  11.23 Source logic_core.video.front.vs_delay_DFFRE_Q_4.CE
Info: 5.73 ns logic, 5.50 ns routing

Info: Critical path report for clock 'logic_core.clk_ref' (posedge -> posedge):
Info:       type curr  total name
Info:   clk-to-q  0.46  0.46 Source logic_core.boot.config_error_DFFRE_Q.Q
Info:    routing  0.41  0.87 Net logic_core.boot.config_error (26,6) -> (26,6)
Info:                          Sink logic_core.boot.power_sequence.fault_LUT4_I0.I1
Info:                          Defined in:
Info:                               /opt/oss/oss-cad-suite/lib/../share/yosys/gowin/cells_map.v:130.20-130.21
Info:      logic  1.10  1.97 Source logic_core.boot.power_sequence.fault_LUT4_I0.F
Info:    routing  2.08  4.05 Net logic_core.boot.power_sequence.fault_LUT4_I0_F[7] (26,6) -> (20,3)
Info:                          Sink clocks.locked_LUT4_I0_F_MUX2_LUT5_I1_O_MUX2_LUT6_I0_O_MUX2_LUT7_I1_O_MUX2_LUT8_I1.S0
Info:                          Defined in:
Info:                               /opt/oss/oss-cad-suite/lib/../share/yosys/gowin/cells_map.v:130.20-130.21
Info:      logic  0.18  4.22 Source clocks.locked_LUT4_I0_F_MUX2_LUT5_I1_O_MUX2_LUT6_I0_O_MUX2_LUT7_I1_O_MUX2_LUT8_I1.O
Info:    routing  0.81  5.03 Net clocks.locked_LUT4_I0_F_MUX2_LUT5_I1_O_MUX2_LUT6_I0_O_MUX2_LUT7_I1_O_MUX2_LUT8_I1_O[0] (20,3) -> (19,3)
Info:                          Sink clocks.locked_LUT4_I0_F_MUX2_LUT5_I1_O_MUX2_LUT6_I0_O_MUX2_LUT7_I1_O_MUX2_LUT8_I1_O_DFFCE_Q_CE_LUT3_F_I0_ALU_COUT_CIN_ALU_COUT_I0_DFFCE_Q_CE_DFFCE_CE_Q_LUT2_F_I1_ALU_COUT_CIN_ALU_COUT_CIN_ALU_COUT_CIN_ALU_COUT_SUM_DFFC_Q.CLEAR
Info:                          Defined in:
Info:                               /opt/oss/oss-cad-suite/lib/../share/yosys/gowin/cells_map.v:130.20-130.21
Info:      logic  1.86  6.89 Source clocks.locked_LUT4_I0_F_MUX2_LUT5_I1_O_MUX2_LUT6_I0_O_MUX2_LUT7_I1_O_MUX2_LUT8_I1_O_DFFCE_Q_CE_LUT3_F_I0_ALU_COUT_CIN_ALU_COUT_I0_DFFCE_Q_CE_DFFCE_CE_Q_LUT2_F_I1_ALU_COUT_CIN_ALU_COUT_CIN_ALU_COUT_CIN_ALU_COUT_SUM_DFFC_Q.Q
Info:    routing  0.81  7.70 Net clocks.locked_LUT4_I0_F_MUX2_LUT5_I1_O_MUX2_LUT6_I0_O_MUX2_LUT7_I1_O_MUX2_LUT8_I1_O_DFFCE_Q_CE_LUT3_F_I0_ALU_COUT_CIN_ALU_COUT_I0_DFFCE_Q_CE_DFFCE_CE_Q_LUT2_F_I1_ALU_COUT_CIN_ALU_COUT_CIN_ALU_COUT_CIN_ALU_COUT_SUM[0] (19,3) -> (17,3)
Info:                          Sink clocks.locked_LUT4_I0_F_MUX2_LUT5_I1_O_MUX2_LUT6_I0_O_MUX2_LUT7_I1_O_MUX2_LUT8_I1_O_DFFCE_Q_CE_LUT3_F_I0_ALU_COUT_CIN_ALU_COUT_I0_DFFCE_Q_CE_DFFCE_CE_Q_LUT2_F_I1_ALU_COUT_CIN_ALU_COUT_CIN_ALU_COUT_CIN_ALU_COUT_SUM_ALU_SUM_2_CIN_ALU_COUT_CIN_ALU_COUT_CIN_ALU_COUT_CIN_ALU_COUT_CIN_ALU_COUT.I1
Info:                          Defined in:
Info:                               /opt/oss/oss-cad-suite/lib/../share/yosys/gowin/cells_map.v:130.20-130.21
Info:      logic  1.04  8.74 Source clocks.locked_LUT4_I0_F_MUX2_LUT5_I1_O_MUX2_LUT6_I0_O_MUX2_LUT7_I1_O_MUX2_LUT8_I1_O_DFFCE_Q_CE_LUT3_F_I0_ALU_COUT_CIN_ALU_COUT_I0_DFFCE_Q_CE_DFFCE_CE_Q_LUT2_F_I1_ALU_COUT_CIN_ALU_COUT_CIN_ALU_COUT_CIN_ALU_COUT_SUM_ALU_SUM_2_CIN_ALU_COUT_CIN_ALU_COUT_CIN_ALU_COUT_CIN_ALU_COUT_CIN_ALU_COUT.COUT
Info:    routing  0.00  8.74 Net clocks.locked_LUT4_I0_F_MUX2_LUT5_I1_O_MUX2_LUT6_I0_O_MUX2_LUT7_I1_O_MUX2_LUT8_I1_O_DFFCE_Q_CE_LUT3_F_I0_ALU_COUT_CIN_ALU_COUT_I0_DFFCE_Q_CE_DFFCE_CE_Q_LUT2_F_I1_ALU_COUT_CIN_ALU_COUT_CIN_ALU_COUT_CIN_ALU_COUT_SUM_ALU_SUM_2_CIN_ALU_COUT_CIN_ALU_COUT_CIN_ALU_COUT_CIN_ALU_COUT_CIN (17,3) -> (17,3)
Info:                          Sink clocks.locked_LUT4_I0_F_MUX2_LUT5_I1_O_MUX2_LUT6_I0_O_MUX2_LUT7_I1_O_MUX2_LUT8_I1_O_DFFCE_Q_CE_LUT3_F_I0_ALU_COUT_CIN_ALU_COUT_I0_DFFCE_Q_CE_DFFCE_CE_Q_LUT2_F_I1_ALU_COUT_CIN_ALU_COUT_CIN_ALU_COUT_CIN_ALU_COUT_SUM_ALU_SUM_2_CIN_ALU_COUT_CIN_ALU_COUT_CIN_ALU_COUT_CIN_ALU_COUT.CIN
Info:                          Defined in:
Info:                               rtl/video_clock_guard.sv:55.33-55.38
Info:                               /opt/oss/oss-cad-suite/lib/../share/yosys/gowin/arith_map.v:57.7-63.5
Info:                               /opt/oss/oss-cad-suite/lib/../share/yosys/gowin/cells_sim.v:1033.25-1033.29
Info:      logic  0.06  8.80 Source clocks.locked_LUT4_I0_F_MUX2_LUT5_I1_O_MUX2_LUT6_I0_O_MUX2_LUT7_I1_O_MUX2_LUT8_I1_O_DFFCE_Q_CE_LUT3_F_I0_ALU_COUT_CIN_ALU_COUT_I0_DFFCE_Q_CE_DFFCE_CE_Q_LUT2_F_I1_ALU_COUT_CIN_ALU_COUT_CIN_ALU_COUT_CIN_ALU_COUT_SUM_ALU_SUM_2_CIN_ALU_COUT_CIN_ALU_COUT_CIN_ALU_COUT_CIN_ALU_COUT.COUT
Info:    routing  0.00  8.80 Net clocks.locked_LUT4_I0_F_MUX2_LUT5_I1_O_MUX2_LUT6_I0_O_MUX2_LUT7_I1_O_MUX2_LUT8_I1_O_DFFCE_Q_CE_LUT3_F_I0_ALU_COUT_CIN_ALU_COUT_I0_DFFCE_Q_CE_DFFCE_CE_Q_LUT2_F_I1_ALU_COUT_CIN_ALU_COUT_CIN_ALU_COUT_CIN_ALU_COUT_SUM_ALU_SUM_2_CIN_ALU_COUT_CIN_ALU_COUT_CIN_ALU_COUT_CIN (17,3) -> (17,3)
Info:                          Sink clocks.locked_LUT4_I0_F_MUX2_LUT5_I1_O_MUX2_LUT6_I0_O_MUX2_LUT7_I1_O_MUX2_LUT8_I1_O_DFFCE_Q_CE_LUT3_F_I0_ALU_COUT_CIN_ALU_COUT_I0_DFFCE_Q_CE_DFFCE_CE_Q_LUT2_F_I1_ALU_COUT_CIN_ALU_COUT_CIN_ALU_COUT_CIN_ALU_COUT_SUM_ALU_SUM_2_CIN_ALU_COUT_CIN_ALU_COUT_CIN_ALU_COUT.CIN
Info:                          Defined in:
Info:                               rtl/video_clock_guard.sv:55.33-55.38
Info:                               /opt/oss/oss-cad-suite/lib/../share/yosys/gowin/arith_map.v:57.7-63.5
Info:                               /opt/oss/oss-cad-suite/lib/../share/yosys/gowin/cells_sim.v:1033.25-1033.29
Info:      logic  0.06  8.85 Source clocks.locked_LUT4_I0_F_MUX2_LUT5_I1_O_MUX2_LUT6_I0_O_MUX2_LUT7_I1_O_MUX2_LUT8_I1_O_DFFCE_Q_CE_LUT3_F_I0_ALU_COUT_CIN_ALU_COUT_I0_DFFCE_Q_CE_DFFCE_CE_Q_LUT2_F_I1_ALU_COUT_CIN_ALU_COUT_CIN_ALU_COUT_CIN_ALU_COUT_SUM_ALU_SUM_2_CIN_ALU_COUT_CIN_ALU_COUT_CIN_ALU_COUT.COUT
Info:    routing  0.00  8.85 Net clocks.locked_LUT4_I0_F_MUX2_LUT5_I1_O_MUX2_LUT6_I0_O_MUX2_LUT7_I1_O_MUX2_LUT8_I1_O_DFFCE_Q_CE_LUT3_F_I0_ALU_COUT_CIN_ALU_COUT_I0_DFFCE_Q_CE_DFFCE_CE_Q_LUT2_F_I1_ALU_COUT_CIN_ALU_COUT_CIN_ALU_COUT_CIN_ALU_COUT_SUM_ALU_SUM_2_CIN_ALU_COUT_CIN_ALU_COUT_CIN (17,3) -> (17,3)
Info:                          Sink clocks.locked_LUT4_I0_F_MUX2_LUT5_I1_O_MUX2_LUT6_I0_O_MUX2_LUT7_I1_O_MUX2_LUT8_I1_O_DFFCE_Q_CE_LUT3_F_I0_ALU_COUT_CIN_ALU_COUT_I0_DFFCE_Q_CE_DFFCE_CE_Q_LUT2_F_I1_ALU_COUT_CIN_ALU_COUT_CIN_ALU_COUT_CIN_ALU_COUT_SUM_ALU_SUM_2_CIN_ALU_COUT_CIN_ALU_COUT.CIN
Info:                          Defined in:
Info:                               rtl/video_clock_guard.sv:55.33-55.38
Info:                               /opt/oss/oss-cad-suite/lib/../share/yosys/gowin/arith_map.v:57.7-63.5
Info:                               /opt/oss/oss-cad-suite/lib/../share/yosys/gowin/cells_sim.v:1033.25-1033.29
Info:      logic  0.06  8.91 Source clocks.locked_LUT4_I0_F_MUX2_LUT5_I1_O_MUX2_LUT6_I0_O_MUX2_LUT7_I1_O_MUX2_LUT8_I1_O_DFFCE_Q_CE_LUT3_F_I0_ALU_COUT_CIN_ALU_COUT_I0_DFFCE_Q_CE_DFFCE_CE_Q_LUT2_F_I1_ALU_COUT_CIN_ALU_COUT_CIN_ALU_COUT_CIN_ALU_COUT_SUM_ALU_SUM_2_CIN_ALU_COUT_CIN_ALU_COUT.COUT
Info:    routing  0.00  8.91 Net clocks.locked_LUT4_I0_F_MUX2_LUT5_I1_O_MUX2_LUT6_I0_O_MUX2_LUT7_I1_O_MUX2_LUT8_I1_O_DFFCE_Q_CE_LUT3_F_I0_ALU_COUT_CIN_ALU_COUT_I0_DFFCE_Q_CE_DFFCE_CE_Q_LUT2_F_I1_ALU_COUT_CIN_ALU_COUT_CIN_ALU_COUT_CIN_ALU_COUT_SUM_ALU_SUM_2_CIN_ALU_COUT_CIN (17,3) -> (17,3)
Info:                          Sink clocks.locked_LUT4_I0_F_MUX2_LUT5_I1_O_MUX2_LUT6_I0_O_MUX2_LUT7_I1_O_MUX2_LUT8_I1_O_DFFCE_Q_CE_LUT3_F_I0_ALU_COUT_CIN_ALU_COUT_I0_DFFCE_Q_CE_DFFCE_CE_Q_LUT2_F_I1_ALU_COUT_CIN_ALU_COUT_CIN_ALU_COUT_CIN_ALU_COUT_SUM_ALU_SUM_2_CIN_ALU_COUT.CIN
Info:                          Defined in:
Info:                               rtl/video_clock_guard.sv:55.33-55.38
Info:                               /opt/oss/oss-cad-suite/lib/../share/yosys/gowin/arith_map.v:57.7-63.5
Info:                               /opt/oss/oss-cad-suite/lib/../share/yosys/gowin/cells_sim.v:1033.25-1033.29
Info:      logic  0.56  9.47 Source clocks.locked_LUT4_I0_F_MUX2_LUT5_I1_O_MUX2_LUT6_I0_O_MUX2_LUT7_I1_O_MUX2_LUT8_I1_O_DFFCE_Q_CE_LUT3_F_I0_ALU_COUT_CIN_ALU_COUT_I0_DFFCE_Q_CE_DFFCE_CE_Q_LUT2_F_I1_ALU_COUT_CIN_ALU_COUT_CIN_ALU_COUT_CIN_ALU_COUT_SUM_ALU_SUM_2_CIN_ALU_COUT.SUM
Info:    routing  0.96  10.43 Net clocks.locked_LUT4_I0_F_MUX2_LUT5_I1_O_MUX2_LUT6_I0_O_MUX2_LUT7_I1_O_MUX2_LUT8_I1_O_DFFCE_Q_CE_LUT3_F_I0_ALU_COUT_CIN_ALU_COUT_I0_DFFCE_Q_CE_DFFCE_CE_Q_LUT2_F_I1_ALU_COUT_CIN_ALU_COUT_CIN_ALU_COUT_CIN_ALU_COUT_SUM_ALU_SUM_2_CIN_ALU_COUT_SUM[1] (17,3) -> (19,2)
Info:                          Sink clocks.locked_LUT4_I0_F_MUX2_LUT5_I1_O_MUX2_LUT6_I0_O_MUX2_LUT7_I1_O_MUX2_LUT8_I1_O_DFFCE_Q_CE_LUT3_F_I0_ALU_COUT_CIN_ALU_COUT_I0_DFFCE_Q_CE_DFFCE_CE_Q_LUT2_F_I1_ALU_COUT_CIN_ALU_COUT_CIN_ALU_COUT_CIN_ALU_COUT_SUM_ALU_SUM_2_COUT_ALU_CIN_COUT_ALU_CIN_SUM_ALU_I0_CIN_ALU_COUT_CIN_ALU_COUT_CIN_ALU_COUT.I0
Info:                          Defined in:
Info:                               /opt/oss/oss-cad-suite/lib/../share/yosys/gowin/cells_map.v:130.20-130.21
Info:      logic  0.96  11.39 Source clocks.locked_LUT4_I0_F_MUX2_LUT5_I1_O_MUX2_LUT6_I0_O_MUX2_LUT7_I1_O_MUX2_LUT8_I1_O_DFFCE_Q_CE_LUT3_F_I0_ALU_COUT_CIN_ALU_COUT_I0_DFFCE_Q_CE_DFFCE_CE_Q_LUT2_F_I1_ALU_COUT_CIN_ALU_COUT_CIN_ALU_COUT_CIN_ALU_COUT_SUM_ALU_SUM_2_COUT_ALU_CIN_COUT_ALU_CIN_SUM_ALU_I0_CIN_ALU_COUT_CIN_ALU_COUT_CIN_ALU_COUT.COUT
Info:    routing  0.00  11.39 Net clocks.locked_LUT4_I0_F_MUX2_LUT5_I1_O_MUX2_LUT6_I0_O_MUX2_LUT7_I1_O_MUX2_LUT8_I1_O_DFFCE_Q_CE_LUT3_F_I0_ALU_COUT_CIN_ALU_COUT_I0_DFFCE_Q_CE_DFFCE_CE_Q_LUT2_F_I1_ALU_COUT_CIN_ALU_COUT_CIN_ALU_COUT_CIN_ALU_COUT_SUM_ALU_SUM_2_COUT_ALU_CIN_COUT_ALU_CIN_SUM_ALU_I0_CIN_ALU_COUT_CIN_ALU_COUT_CIN (19,2) -> (19,2)
Info:                          Sink clocks.locked_LUT4_I0_F_MUX2_LUT5_I1_O_MUX2_LUT6_I0_O_MUX2_LUT7_I1_O_MUX2_LUT8_I1_O_DFFCE_Q_CE_LUT3_F_I0_ALU_COUT_CIN_ALU_COUT_I0_DFFCE_Q_CE_DFFCE_CE_Q_LUT2_F_I1_ALU_COUT_CIN_ALU_COUT_CIN_ALU_COUT_CIN_ALU_COUT_SUM_ALU_SUM_2_COUT_ALU_CIN_COUT_ALU_CIN_SUM_ALU_I0_CIN_ALU_COUT_CIN_ALU_COUT.CIN
Info:                          Defined in:
Info:                               rtl/video_clock_guard.sv:55.33-55.55
Info:                               /opt/oss/oss-cad-suite/lib/../share/yosys/gowin/arith_map.v:57.7-63.5
Info:                               /opt/oss/oss-cad-suite/lib/../share/yosys/gowin/cells_sim.v:1033.25-1033.29
Info:      logic  0.06  11.45 Source clocks.locked_LUT4_I0_F_MUX2_LUT5_I1_O_MUX2_LUT6_I0_O_MUX2_LUT7_I1_O_MUX2_LUT8_I1_O_DFFCE_Q_CE_LUT3_F_I0_ALU_COUT_CIN_ALU_COUT_I0_DFFCE_Q_CE_DFFCE_CE_Q_LUT2_F_I1_ALU_COUT_CIN_ALU_COUT_CIN_ALU_COUT_CIN_ALU_COUT_SUM_ALU_SUM_2_COUT_ALU_CIN_COUT_ALU_CIN_SUM_ALU_I0_CIN_ALU_COUT_CIN_ALU_COUT.COUT
Info:    routing  0.00  11.45 Net clocks.locked_LUT4_I0_F_MUX2_LUT5_I1_O_MUX2_LUT6_I0_O_MUX2_LUT7_I1_O_MUX2_LUT8_I1_O_DFFCE_Q_CE_LUT3_F_I0_ALU_COUT_CIN_ALU_COUT_I0_DFFCE_Q_CE_DFFCE_CE_Q_LUT2_F_I1_ALU_COUT_CIN_ALU_COUT_CIN_ALU_COUT_CIN_ALU_COUT_SUM_ALU_SUM_2_COUT_ALU_CIN_COUT_ALU_CIN_SUM_ALU_I0_CIN_ALU_COUT_CIN (19,2) -> (19,2)
Info:                          Sink clocks.locked_LUT4_I0_F_MUX2_LUT5_I1_O_MUX2_LUT6_I0_O_MUX2_LUT7_I1_O_MUX2_LUT8_I1_O_DFFCE_Q_CE_LUT3_F_I0_ALU_COUT_CIN_ALU_COUT_I0_DFFCE_Q_CE_DFFCE_CE_Q_LUT2_F_I1_ALU_COUT_CIN_ALU_COUT_CIN_ALU_COUT_CIN_ALU_COUT_SUM_ALU_SUM_2_COUT_ALU_CIN_COUT_ALU_CIN_SUM_ALU_I0_CIN_ALU_COUT.CIN
Info:                          Defined in:
Info:                               rtl/video_clock_guard.sv:55.33-55.55
Info:                               /opt/oss/oss-cad-suite/lib/../share/yosys/gowin/arith_map.v:57.7-63.5
Info:                               /opt/oss/oss-cad-suite/lib/../share/yosys/gowin/cells_sim.v:1033.25-1033.29
Info:      logic  0.06  11.50 Source clocks.locked_LUT4_I0_F_MUX2_LUT5_I1_O_MUX2_LUT6_I0_O_MUX2_LUT7_I1_O_MUX2_LUT8_I1_O_DFFCE_Q_CE_LUT3_F_I0_ALU_COUT_CIN_ALU_COUT_I0_DFFCE_Q_CE_DFFCE_CE_Q_LUT2_F_I1_ALU_COUT_CIN_ALU_COUT_CIN_ALU_COUT_CIN_ALU_COUT_SUM_ALU_SUM_2_COUT_ALU_CIN_COUT_ALU_CIN_SUM_ALU_I0_CIN_ALU_COUT.COUT
Info:    routing  0.00  11.50 Net clocks.locked_LUT4_I0_F_MUX2_LUT5_I1_O_MUX2_LUT6_I0_O_MUX2_LUT7_I1_O_MUX2_LUT8_I1_O_DFFCE_Q_CE_LUT3_F_I0_ALU_COUT_CIN_ALU_COUT_I0_DFFCE_Q_CE_DFFCE_CE_Q_LUT2_F_I1_ALU_COUT_CIN_ALU_COUT_CIN_ALU_COUT_CIN_ALU_COUT_SUM_ALU_SUM_2_COUT_ALU_CIN_COUT_ALU_CIN_SUM_ALU_I0_CIN (19,2) -> (19,2)
Info:                          Sink clocks.locked_LUT4_I0_F_MUX2_LUT5_I1_O_MUX2_LUT6_I0_O_MUX2_LUT7_I1_O_MUX2_LUT8_I1_O_DFFCE_Q_CE_LUT3_F_I0_ALU_COUT_CIN_ALU_COUT_I0_DFFCE_Q_CE_DFFCE_CE_Q_LUT2_F_I1_ALU_COUT_CIN_ALU_COUT_CIN_ALU_COUT_CIN_ALU_COUT_SUM_ALU_SUM_2_COUT_ALU_CIN_COUT_ALU_CIN_SUM_ALU_I0.CIN
Info:                          Defined in:
Info:                               rtl/video_clock_guard.sv:55.33-55.55
Info:                               /opt/oss/oss-cad-suite/lib/../share/yosys/gowin/arith_map.v:57.7-63.5
Info:                               /opt/oss/oss-cad-suite/lib/../share/yosys/gowin/cells_sim.v:1033.25-1033.29
Info:      logic  0.06  11.56 Source clocks.locked_LUT4_I0_F_MUX2_LUT5_I1_O_MUX2_LUT6_I0_O_MUX2_LUT7_I1_O_MUX2_LUT8_I1_O_DFFCE_Q_CE_LUT3_F_I0_ALU_COUT_CIN_ALU_COUT_I0_DFFCE_Q_CE_DFFCE_CE_Q_LUT2_F_I1_ALU_COUT_CIN_ALU_COUT_CIN_ALU_COUT_CIN_ALU_COUT_SUM_ALU_SUM_2_COUT_ALU_CIN_COUT_ALU_CIN_SUM_ALU_I0.COUT
Info:    routing  0.00  11.56 Net clocks.locked_LUT4_I0_F_MUX2_LUT5_I1_O_MUX2_LUT6_I0_O_MUX2_LUT7_I1_O_MUX2_LUT8_I1_O_DFFCE_Q_CE_LUT3_F_I0_ALU_COUT_CIN_ALU_COUT_I0_DFFCE_Q_CE_DFFCE_CE_Q_LUT2_F_I1_ALU_COUT_CIN_ALU_COUT_CIN_ALU_COUT_CIN_ALU_COUT_SUM_ALU_SUM_2_COUT_ALU_CIN_COUT_ALU_CIN_SUM_ALU_I0_COUT (19,2) -> (20,2)
Info:                          Sink clocks.locked_LUT4_I0_F_MUX2_LUT5_I1_O_MUX2_LUT6_I0_O_MUX2_LUT7_I1_O_MUX2_LUT8_I1_O_DFFCE_Q_CE_LUT3_F_I0_ALU_COUT_CIN_ALU_COUT_I0_DFFCE_Q_CE_DFFCE_CE_Q_LUT2_F_I1_ALU_COUT_CIN_ALU_COUT_CIN_ALU_COUT_CIN_ALU_COUT_SUM_ALU_SUM_2_COUT_ALU_CIN_COUT_ALU_CIN_SUM_ALU_I0_COUT_ALU_CIN.CIN
Info:                          Defined in:
Info:                               rtl/video_clock_guard.sv:55.33-55.55
Info:                               /opt/oss/oss-cad-suite/lib/../share/yosys/gowin/arith_map.v:57.7-63.5
Info:                               /opt/oss/oss-cad-suite/lib/../share/yosys/gowin/cells_sim.v:1033.25-1033.29
Info:      logic  0.56  12.12 Source clocks.locked_LUT4_I0_F_MUX2_LUT5_I1_O_MUX2_LUT6_I0_O_MUX2_LUT7_I1_O_MUX2_LUT8_I1_O_DFFCE_Q_CE_LUT3_F_I0_ALU_COUT_CIN_ALU_COUT_I0_DFFCE_Q_CE_DFFCE_CE_Q_LUT2_F_I1_ALU_COUT_CIN_ALU_COUT_CIN_ALU_COUT_CIN_ALU_COUT_SUM_ALU_SUM_2_COUT_ALU_CIN_COUT_ALU_CIN_SUM_ALU_I0_COUT_ALU_CIN.SUM
Info:    routing  0.33  12.45 Net clocks.locked_LUT4_I0_F_MUX2_LUT5_I1_O_MUX2_LUT6_I0_O_MUX2_LUT7_I1_O_MUX2_LUT8_I1_O_DFFCE_Q_CE_LUT3_F_I0_ALU_COUT_CIN_ALU_COUT_I0_DFFCE_Q_CE_DFFCE_CE_Q_LUT2_F_I1_ALU_COUT_CIN_ALU_COUT_CIN_ALU_COUT_CIN_ALU_COUT_SUM_ALU_SUM_2_COUT_ALU_CIN_COUT_ALU_CIN_SUM_ALU_I0_COUT_ALU_CIN_SUM[2] (20,2) -> (20,2)
Info:                          Sink clocks.locked_LUT4_I0_F_MUX2_LUT5_I1_O_MUX2_LUT6_I0_O_MUX2_LUT7_I1_O_MUX2_LUT8_I1_O_DFFCE_Q_CE_LUT3_F_I0_ALU_COUT_CIN_ALU_COUT_I0_DFFCE_Q_CE_DFFCE_CE_1_Q_LUT4_F.I2
Info:                          Defined in:
Info:                               /opt/oss/oss-cad-suite/lib/../share/yosys/gowin/cells_map.v:130.20-130.21
Info:      logic  0.82  13.27 Source clocks.locked_LUT4_I0_F_MUX2_LUT5_I1_O_MUX2_LUT6_I0_O_MUX2_LUT7_I1_O_MUX2_LUT8_I1_O_DFFCE_Q_CE_LUT3_F_I0_ALU_COUT_CIN_ALU_COUT_I0_DFFCE_Q_CE_DFFCE_CE_1_Q_LUT4_F.F
Info:    routing  0.00  13.27 Net clocks.locked_LUT4_I0_F_MUX2_LUT5_I1_O_MUX2_LUT6_I0_O_MUX2_LUT7_I1_O_MUX2_LUT8_I1_O_DFFCE_Q_CE_LUT3_F_I0_ALU_COUT_CIN_ALU_COUT_I0_DFFCE_Q_CE_DFFCE_CE_1_Q[1] (20,2) -> (20,2)
Info:                          Sink clocks.locked_LUT4_I0_F_MUX2_LUT5_I1_O_MUX2_LUT6_I0_O_MUX2_LUT7_I1_O_MUX2_LUT8_I1_O_DFFCE_Q.D
Info:                          Defined in:
Info:                               /opt/oss/oss-cad-suite/lib/../share/yosys/gowin/cells_map.v:130.20-130.21
Info:      setup  0.40  13.67 Source clocks.locked_LUT4_I0_F_MUX2_LUT5_I1_O_MUX2_LUT6_I0_O_MUX2_LUT7_I1_O_MUX2_LUT8_I1_O_DFFCE_Q.D
Info: 8.28 ns logic, 5.39 ns routing

Info: Critical path report for cross-domain path 'posedge video_clock' -> 'posedge logic_core.clk_ref':
Info:       type curr  total name
Info:   clk-to-q  0.46  0.46 Source logic_core.clocks.guard.permit_LUT1_I0_F_DFFP_PRESET.Q
Info:    routing  0.33  0.78 Net logic_core.clocks.guard.permit_LUT1_I0_F_DFFP_PRESET_Q[3] (20,7) -> (20,7)
Info:                          Sink logic_core.output_stage.permit_LUT4_F.I1
Info:                          Defined in:
Info:                               /opt/oss/oss-cad-suite/lib/../share/yosys/gowin/cells_map.v:130.20-130.21
Info:      logic  1.10  1.88 Source logic_core.output_stage.permit_LUT4_F.F
Info:    routing  0.00  1.88 Net logic_core.permit (20,7) -> (20,7)
Info:                          Sink logic_core.clocks.guard.ready_sync_DFFC_Q.D
Info:                          Defined in:
Info:                               rtl/amiga_logic_core.sv:23.45-23.51
Info:      setup  0.40  2.28 Source logic_core.clocks.guard.ready_sync_DFFC_Q.D
Info: 1.96 ns logic, 0.33 ns routing

Info: Max frequency for clock   'clocks.adc_clock': 310.75 MHz (PASS at 28.38 MHz)
Info: Max frequency for clock        'video_clock': 89.05 MHz (PASS at 56.75 MHz)
Info: Max frequency for clock 'logic_core.clk_ref': 73.15 MHz (PASS at 27.00 MHz)

Info: Max delay posedge video_clock -> posedge logic_core.clk_ref: 2.28 ns

Info: Slack histogram:
Info:  legend: * represents 2 endpoint(s)
Info:          + represents [1,2) endpoint(s)
Info: [  6391,   7810) |**+
Info: [  7810,   9229) |*********+
Info: [  9229,  10648) |******+
Info: [ 10648,  12067) | 
Info: [ 12067,  13486) |*******+
Info: [ 13486,  14905) |***********************+
Info: [ 14905,  16324) |************************************************************ 
Info: [ 16324,  17743) |*+
Info: [ 17743,  19162) | 
Info: [ 19162,  20581) | 
Info: [ 20581,  22000) | 
Info: [ 22000,  23419) |+
Info: [ 23419,  24838) |**+
Info: [ 24838,  26257) |+
Info: [ 26257,  27676) |+
Info: [ 27676,  29095) |+
Info: [ 29095,  30514) |+
Info: [ 30514,  31933) |*************+
Info: [ 31933,  33352) |************+
Info: [ 33352,  34771) |****+

1 warning, 0 errors

Info: Program finished normally.
