Info: Using uarch 'gowin' for device 'GW1N-LV4QN88C6/I5'
Info: constraining clock net 'logic_core.clk_ref' to 27.00 MHz
Info: constraining clock net 'clocks.adc_clock' to 28.38 MHz
Info: constraining clock net 'video_clock' to 56.75 MHz

Info: Reading constraints...
Info: Create constant nets...
Info: Modify LUTs...
Info: Pack IOBs...
Info: Pack I3C IOs...
Info: Pack MIPI IOs...
Info: Pack diff IOBs...
Info: Pack FFs into IO cells...
Info: Pack IODELAY...
Info: Pack Input Edge Monitors...
Info: Pack IO logic...
Info: Pack DESER16 logic...
Info: Pack GSR...
Info: Pack HCLK cells...
Info: Pack DLLDLYs...
Info: Pack wide LUTs...
Info: Packed MUX2_LUT8:2, MUX2_LU7:1, MUX2_LUT6:4, MUX2_LUT5:70
Info: Pack ALUs...
Info: Pack SSRAMs...
Info: Constrained 273 LUTFF pairs.
Info: Pack PLL...
Info: Pack ADC...
Info: Pack GW JTAG...
Info: Pack BSRAMs...
Info: Pack DSP...
Info: Pack INV...
Info: Pack buffered nets...
Info: Pack EMCU and UserFlash cells...
Info: Pack UserFlash cells...
Info: Pack DQCE cells...
Info: Pack DCS cells...
Info: Checksum: 0x8000212f

Info: Device utilisation:
Info: 	                 VCC:       1/      1   100%
Info: 	                 IOB:      60/    218    27%
Info: 	                LUT4:    1328/   4608    28%
Info: 	            IOLOGICI:       0/    198     0%
Info: 	            IOLOGICO:       1/    198     0%
Info: 	           MUX2_LUT5:      98/   2304     4%
Info: 	           MUX2_LUT6:      14/   1152     1%
Info: 	           MUX2_LUT7:       5/    576     0%
Info: 	           MUX2_LUT8:       2/    576     0%
Info: 	                 ALU:     564/   3456    16%
Info: 	                 GND:       1/      1   100%
Info: 	                 DFF:     672/   3456    19%
Info: 	               BSRAM:       6/     10    60%
Info: 	              ALU54D:       0/      8     0%
Info: 	     MULTADDALU18X18:       0/      8     0%
Info: 	        MULTALU18X18:       0/      8     0%
Info: 	        MULTALU36X18:       0/      8     0%
Info: 	           MULT36X36:       0/      4     0%
Info: 	           MULT18X18:       0/     16     0%
Info: 	             MULT9X9:       0/     32     0%
Info: 	              PADD18:       0/     16     0%
Info: 	               PADD9:       0/     32     0%
Info: 	                 GSR:       1/      1   100%
Info: 	                 OSC:       0/      1     0%
Info: 	                rPLL:       1/      2    50%
Info: 	           FLASH256K:       0/      1     0%
Info: 	                BUFG:       1/     17     5%
Info: 	                DQCE:       0/     12     0%
Info: 	                 DCS:       0/      4     0%
Info: 	               DHCEN:       0/     18     0%
Info: 	              CLKDIV:       0/      6     0%
Info: 	             CLKDIV2:       0/     12     0%

Info: Running custom HCLK placer...
Info: Placed 0 cells based on constraints.
Info: Creating initial analytic placement for 1096 cells, random placement wirelen = 35424.
Info:     at initial placer iter 0, wirelen = 2331
Info:     at initial placer iter 1, wirelen = 2113
Info:     at initial placer iter 2, wirelen = 2005
Info:     at initial placer iter 3, wirelen = 2032
Info: Running main analytical placer, max placement attempts per cell = 950131.
Info:     at iteration #1, type ALL: wirelen solved = 2043, spread = 7448, legal = 10404; time = 0.05s
Info:     at iteration #2, type ALL: wirelen solved = 2154, spread = 8223, legal = 10100; time = 0.04s
Info:     at iteration #3, type ALL: wirelen solved = 2374, spread = 6617, legal = 8526; time = 0.03s
Info:     at iteration #4, type ALL: wirelen solved = 2500, spread = 6850, legal = 8394; time = 0.02s
Info:     at iteration #5, type ALL: wirelen solved = 2645, spread = 6371, legal = 7886; time = 0.03s
Info:     at iteration #6, type ALL: wirelen solved = 2686, spread = 6188, legal = 7703; time = 0.03s
Info:     at iteration #7, type ALL: wirelen solved = 2815, spread = 8219, legal = 8846; time = 0.03s
Info:     at iteration #8, type ALL: wirelen solved = 3115, spread = 6651, legal = 7928; time = 0.03s
Info:     at iteration #9, type ALL: wirelen solved = 2996, spread = 6513, legal = 7703; time = 0.03s
Info:     at iteration #10, type ALL: wirelen solved = 3019, spread = 8080, legal = 9159; time = 0.03s
Info:     at iteration #11, type ALL: wirelen solved = 3227, spread = 5961, legal = 8055; time = 0.05s
Info: HeAP Placer Time: 0.56s
Info:   of which solving equations: 0.23s
Info:   of which spreading cells: 0.04s
Info:   of which strict legalisation: 0.15s

Info: Running simulated annealing placer for refinement.
Info:   at iteration #1: temp = 0.000000, timing cost = 40, wirelen = 7703
Info:   at iteration #5: temp = 0.000000, timing cost = 19, wirelen = 6323
Info:   at iteration #10: temp = 0.000000, timing cost = 18, wirelen = 5752
Info:   at iteration #15: temp = 0.000000, timing cost = 16, wirelen = 5552
Info:   at iteration #20: temp = 0.000000, timing cost = 15, wirelen = 5419
Info:   at iteration #25: temp = 0.000000, timing cost = 15, wirelen = 5346
Info:   at iteration #26: temp = 0.000000, timing cost = 15, wirelen = 5335 
Info: SA placement time 2.54s

Info: Max frequency for clock   'clocks.adc_clock': 277.32 MHz (PASS at 28.38 MHz)
Info: Max frequency for clock        'video_clock': 117.37 MHz (PASS at 56.75 MHz)
Info: Max frequency for clock 'logic_core.clk_ref': 95.40 MHz (PASS at 27.00 MHz)

Info: Max delay posedge clocks.adc_clock -> posedge logic_core.clk_ref: 0.86 ns
Info: Max delay negedge clocks.adc_clock -> posedge video_clock       : 0.86 ns
Info: Max delay posedge video_clock      -> posedge logic_core.clk_ref: 0.96 ns

Info: Slack histogram:
Info:  legend: * represents 5 endpoint(s)
Info:          + represents [1,5) endpoint(s)
Info: [  9101,  10455) |*+
Info: [ 10455,  11809) |****+
Info: [ 11809,  13163) |*****+
Info: [ 13163,  14517) |*********+
Info: [ 14517,  15871) |*******************+
Info: [ 15871,  17225) |************************************************************ 
Info: [ 17225,  18579) | 
Info: [ 18579,  19933) | 
Info: [ 19933,  21287) | 
Info: [ 21287,  22641) | 
Info: [ 22641,  23995) | 
Info: [ 23995,  25349) | 
Info: [ 25349,  26703) |+
Info: [ 26703,  28057) |+
Info: [ 28057,  29411) |+
Info: [ 29411,  30765) |+
Info: [ 30765,  32119) |**+
Info: [ 32119,  33473) |********+
Info: [ 33473,  34827) |*********+
Info: [ 34827,  36181) |*********+
Info: Checksum: 0xc458e8bb
Info: Routing globals...
Info:     'clocks.adc_clock' net was routed.
Info:     'logic_core.clk_ref' net was routed using global resources only.
Warning: Failed to route net 'logic_core.adc_rgb[6]' from X37Y10/F6 to X28Y10/D3 using dedicated routing.
Info:     'video_clock' net was routed using global resources only.
Info:     'logic_core.dac_blank_n' is routed using segments.
Info:     'logic_core.capture.adc_release_LUT3_I2_F' is routed using segments.
Info:     'logic_core.video.core.valid2_LUT3_I0_F_LUT2_I1_F[4]' is routed using segments.
Info:     'logic_core.video.line_event' is routed using segments.
Info:     'logic_core.clocks.restart.hb_sync_DFFR_Q_RESET' is routed using segments.
Info:     'logic_core.video.core.line_sol' is routed using segments.
Info:     'logic_core.video.core.field_frame' is routed using segments.

Info: Routing..
Info: Setting up routing queue.
Info: Routing 5888 arcs.
Info:            |   (re-)routed arcs  |   delta    | remaining|       time spent     |
Info:    IterCnt |  w/ripup   wo/ripup |  w/r  wo/r |      arcs| batch(sec) total(sec)|
Info:       1000 |       90        729 |   90   729 |      4982|       0.35       0.35|
Info:       2000 |       94       1556 |    4   827 |      3986|       0.20       0.55|
Info:       3000 |       96       2448 |    2   892 |      2988|       0.21       0.76|
Info:       4000 |      105       3328 |    9   880 |      1997|       0.27       1.03|
Info:       5000 |      113       4236 |    8   908 |      1009|       0.29       1.32|
Info:       6000 |      147       5129 |   34   893 |        57|       0.36       1.67|
Info:       6067 |      155       5184 |    8    55 |         0|       0.05       1.72|
Info: Routing complete.
Info: Router1 time 1.72s
Info: Checksum: 0x5a01607f

Info: Critical path report for clock 'clocks.adc_clock' (posedge -> posedge):
Info:       type curr  total name
Info:   clk-to-q  0.46  0.46 Source logic_core.clocks.restart.hb_sync_DFFR_Q_1_D_ALU_I1_SUM_LUT1_F_I0_DFFC_Q.Q
Info:    routing  0.41  0.87 Net logic_core.clocks.restart.hb_sync_DFFR_Q_1_D_ALU_I1_SUM_LUT1_F_I0 (1,4) -> (1,5)
Info:                          Sink logic_core.clocks.restart.hb_sync_DFFR_Q_1_D_ALU_I1_SUM_ALU_SUM_3_CIN_ALU_COUT.I1
Info:                          Defined in:
Info:                               /share/gowin/cells_map.v:130.20-130.21
Info:      logic  1.04  1.91 Source logic_core.clocks.restart.hb_sync_DFFR_Q_1_D_ALU_I1_SUM_ALU_SUM_3_CIN_ALU_COUT.COUT
Info:    routing  0.00  1.91 Net logic_core.clocks.restart.hb_sync_DFFR_Q_1_D_ALU_I1_SUM_ALU_SUM_3_CIN (1,5) -> (1,5)
Info:                          Sink logic_core.clocks.restart.hb_sync_DFFR_Q_1_D_ALU_I1_SUM_ALU_SUM_3.CIN
Info:                          Defined in:
Info:                               rtl/pll_restart_control.sv:37.47-37.61
Info:                               /share/gowin/arith_map.v:57.7-63.5
Info:                               /share/gowin/cells_sim.v:1033.25-1033.29
Info:      logic  0.06  1.97 Source logic_core.clocks.restart.hb_sync_DFFR_Q_1_D_ALU_I1_SUM_ALU_SUM_3.COUT
Info:    routing  0.00  1.97 Net logic_core.clocks.restart.hb_sync_DFFR_Q_1_D_ALU_I1_SUM_ALU_SUM_3_COUT (1,5) -> (1,5)
Info:                          Sink logic_core.clocks.restart.hb_sync_DFFR_Q_1_D_ALU_I1_SUM_ALU_SUM_5.CIN
Info:                          Defined in:
Info:                               rtl/pll_restart_control.sv:37.47-37.61
Info:                               /share/gowin/arith_map.v:57.7-63.5
Info:                               /share/gowin/cells_sim.v:1033.25-1033.29
Info:      logic  0.06  2.03 Source logic_core.clocks.restart.hb_sync_DFFR_Q_1_D_ALU_I1_SUM_ALU_SUM_5.COUT
Info:    routing  0.00  2.03 Net logic_core.clocks.restart.hb_sync_DFFR_Q_1_D_ALU_I1_SUM_ALU_SUM_5_COUT (1,5) -> (1,5)
Info:                          Sink logic_core.clocks.restart.hb_sync_DFFR_Q_1_D_ALU_I1_SUM_ALU_SUM.CIN
Info:                          Defined in:
Info:                               rtl/pll_restart_control.sv:37.47-37.61
Info:                               /share/gowin/arith_map.v:57.7-63.5
Info:                               /share/gowin/cells_sim.v:1033.25-1033.29
Info:      logic  0.06  2.09 Source logic_core.clocks.restart.hb_sync_DFFR_Q_1_D_ALU_I1_SUM_ALU_SUM.COUT
Info:    routing  0.00  2.09 Net logic_core.clocks.restart.hb_sync_DFFR_Q_1_D_ALU_I1_SUM_ALU_SUM_COUT (1,5) -> (1,5)
Info:                          Sink logic_core.clocks.restart.hb_sync_DFFR_Q_1_D_ALU_I1_SUM_ALU_SUM_2.CIN
Info:                          Defined in:
Info:                               rtl/pll_restart_control.sv:37.47-37.61
Info:                               /share/gowin/arith_map.v:57.7-63.5
Info:                               /share/gowin/cells_sim.v:1033.25-1033.29
Info:      logic  0.06  2.14 Source logic_core.clocks.restart.hb_sync_DFFR_Q_1_D_ALU_I1_SUM_ALU_SUM_2.COUT
Info:    routing  0.00  2.14 Net logic_core.clocks.restart.hb_sync_DFFR_Q_1_D_ALU_I1_SUM_ALU_SUM_2_COUT (1,5) -> (2,5)
Info:                          Sink logic_core.clocks.restart.hb_sync_DFFR_Q_1_D_ALU_I1_SUM_ALU_SUM_4.CIN
Info:                          Defined in:
Info:                               rtl/pll_restart_control.sv:37.47-37.61
Info:                               /share/gowin/arith_map.v:57.7-63.5
Info:                               /share/gowin/cells_sim.v:1033.25-1033.29
Info:      logic  0.06  2.20 Source logic_core.clocks.restart.hb_sync_DFFR_Q_1_D_ALU_I1_SUM_ALU_SUM_4.COUT
Info:    routing  0.00  2.20 Net logic_core.clocks.restart.hb_sync_DFFR_Q_1_D_ALU_I1_SUM_ALU_SUM_4_COUT (2,5) -> (2,5)
Info:                          Sink logic_core.clocks.restart.hb_sync_DFFR_Q_1_D_ALU_I1_SUM_ALU_SUM_1.CIN
Info:                          Defined in:
Info:                               rtl/pll_restart_control.sv:37.47-37.61
Info:                               /share/gowin/arith_map.v:57.7-63.5
Info:                               /share/gowin/cells_sim.v:1033.25-1033.29
Info:      logic  0.56  2.76 Source logic_core.clocks.restart.hb_sync_DFFR_Q_1_D_ALU_I1_SUM_ALU_SUM_1.SUM
Info:    routing  0.00  2.76 Net logic_core.clocks.restart.hb_sync_DFFR_Q_1_D_ALU_I1_SUM[6] (2,5) -> (2,5)
Info:                          Sink logic_core.clocks.restart.hb_sync_DFFR_Q_1_D_ALU_I1_SUM_ALU_SUM_1_I1_DFFC_Q.D
Info:                          Defined in:
Info:                               rtl/pll_restart_control.sv:37.47-37.61
Info:                               /share/gowin/arith_map.v:34.28-34.29
Info:      setup  0.40  3.16 Source logic_core.clocks.restart.hb_sync_DFFR_Q_1_D_ALU_I1_SUM_ALU_SUM_1_I1_DFFC_Q.D
Info: 2.75 ns logic, 0.41 ns routing

Info: Critical path report for clock 'video_clock' (posedge -> posedge):
Info:       type curr  total name
Info:   clk-to-q  0.46  0.46 Source logic_core.video.front.v_age_DFFRE_Q_16.Q
Info:    routing  0.81  1.26 Net logic_core.video.front.v_age[2] (20,6) -> (20,5)
Info:                          Sink logic_core.video.front.v_age_DFFRE_Q_1_D_ALU_SUM_CIN_ALU_COUT_CIN_ALU_COUT_CIN_ALU_COUT_CIN_ALU_COUT_CIN_ALU_COUT_CIN_ALU_COUT_CIN_ALU_COUT_CIN_ALU_COUT.I1
Info:                          Defined in:
Info:                               rtl/stream_sync_frontend.sv:33.18-33.23
Info:      logic  1.04  2.31 Source logic_core.video.front.v_age_DFFRE_Q_1_D_ALU_SUM_CIN_ALU_COUT_CIN_ALU_COUT_CIN_ALU_COUT_CIN_ALU_COUT_CIN_ALU_COUT_CIN_ALU_COUT_CIN_ALU_COUT_CIN_ALU_COUT.COUT
Info:    routing  0.00  2.31 Net logic_core.video.front.v_age_DFFRE_Q_1_D_ALU_SUM_CIN_ALU_COUT_CIN_ALU_COUT_CIN_ALU_COUT_CIN_ALU_COUT_CIN_ALU_COUT_CIN_ALU_COUT_CIN_ALU_COUT_CIN (20,5) -> (20,5)
Info:                          Sink logic_core.video.front.v_age_DFFRE_Q_1_D_ALU_SUM_CIN_ALU_COUT_CIN_ALU_COUT_CIN_ALU_COUT_CIN_ALU_COUT_CIN_ALU_COUT_CIN_ALU_COUT_CIN_ALU_COUT.CIN
Info:                          Defined in:
Info:                               rtl/stream_sync_frontend.sv:90.31-90.38
Info:                               /share/gowin/arith_map.v:57.7-63.5
Info:                               /share/gowin/cells_sim.v:1033.25-1033.29
Info:      logic  0.06  2.36 Source logic_core.video.front.v_age_DFFRE_Q_1_D_ALU_SUM_CIN_ALU_COUT_CIN_ALU_COUT_CIN_ALU_COUT_CIN_ALU_COUT_CIN_ALU_COUT_CIN_ALU_COUT_CIN_ALU_COUT.COUT
Info:    routing  0.00  2.36 Net logic_core.video.front.v_age_DFFRE_Q_1_D_ALU_SUM_CIN_ALU_COUT_CIN_ALU_COUT_CIN_ALU_COUT_CIN_ALU_COUT_CIN_ALU_COUT_CIN_ALU_COUT_CIN (20,5) -> (20,5)
Info:                          Sink logic_core.video.front.v_age_DFFRE_Q_1_D_ALU_SUM_CIN_ALU_COUT_CIN_ALU_COUT_CIN_ALU_COUT_CIN_ALU_COUT_CIN_ALU_COUT_CIN_ALU_COUT.CIN
Info:                          Defined in:
Info:                               rtl/stream_sync_frontend.sv:90.31-90.38
Info:                               /share/gowin/arith_map.v:57.7-63.5
Info:                               /share/gowin/cells_sim.v:1033.25-1033.29
Info:      logic  0.06  2.42 Source logic_core.video.front.v_age_DFFRE_Q_1_D_ALU_SUM_CIN_ALU_COUT_CIN_ALU_COUT_CIN_ALU_COUT_CIN_ALU_COUT_CIN_ALU_COUT_CIN_ALU_COUT.COUT
Info:    routing  0.00  2.42 Net logic_core.video.front.v_age_DFFRE_Q_1_D_ALU_SUM_CIN_ALU_COUT_CIN_ALU_COUT_CIN_ALU_COUT_CIN_ALU_COUT_CIN_ALU_COUT_CIN (20,5) -> (21,5)
Info:                          Sink logic_core.video.front.v_age_DFFRE_Q_1_D_ALU_SUM_CIN_ALU_COUT_CIN_ALU_COUT_CIN_ALU_COUT_CIN_ALU_COUT_CIN_ALU_COUT.CIN
Info:                          Defined in:
Info:                               rtl/stream_sync_frontend.sv:90.31-90.38
Info:                               /share/gowin/arith_map.v:57.7-63.5
Info:                               /share/gowin/cells_sim.v:1033.25-1033.29
Info:      logic  0.06  2.48 Source logic_core.video.front.v_age_DFFRE_Q_1_D_ALU_SUM_CIN_ALU_COUT_CIN_ALU_COUT_CIN_ALU_COUT_CIN_ALU_COUT_CIN_ALU_COUT.COUT
Info:    routing  0.00  2.48 Net logic_core.video.front.v_age_DFFRE_Q_1_D_ALU_SUM_CIN_ALU_COUT_CIN_ALU_COUT_CIN_ALU_COUT_CIN_ALU_COUT_CIN (21,5) -> (21,5)
Info:                          Sink logic_core.video.front.v_age_DFFRE_Q_1_D_ALU_SUM_CIN_ALU_COUT_CIN_ALU_COUT_CIN_ALU_COUT_CIN_ALU_COUT.CIN
Info:                          Defined in:
Info:                               rtl/stream_sync_frontend.sv:90.31-90.38
Info:                               /share/gowin/arith_map.v:57.7-63.5
Info:                               /share/gowin/cells_sim.v:1033.25-1033.29
Info:      logic  0.06  2.54 Source logic_core.video.front.v_age_DFFRE_Q_1_D_ALU_SUM_CIN_ALU_COUT_CIN_ALU_COUT_CIN_ALU_COUT_CIN_ALU_COUT.COUT
Info:    routing  0.00  2.54 Net logic_core.video.front.v_age_DFFRE_Q_1_D_ALU_SUM_CIN_ALU_COUT_CIN_ALU_COUT_CIN_ALU_COUT_CIN (21,5) -> (21,5)
Info:                          Sink logic_core.video.front.v_age_DFFRE_Q_1_D_ALU_SUM_CIN_ALU_COUT_CIN_ALU_COUT_CIN_ALU_COUT.CIN
Info:                          Defined in:
Info:                               rtl/stream_sync_frontend.sv:90.31-90.38
Info:                               /share/gowin/arith_map.v:57.7-63.5
Info:                               /share/gowin/cells_sim.v:1033.25-1033.29
Info:      logic  0.06  2.59 Source logic_core.video.front.v_age_DFFRE_Q_1_D_ALU_SUM_CIN_ALU_COUT_CIN_ALU_COUT_CIN_ALU_COUT.COUT
Info:    routing  0.00  2.59 Net logic_core.video.front.v_age_DFFRE_Q_1_D_ALU_SUM_CIN_ALU_COUT_CIN_ALU_COUT_CIN (21,5) -> (21,5)
Info:                          Sink logic_core.video.front.v_age_DFFRE_Q_1_D_ALU_SUM_CIN_ALU_COUT_CIN_ALU_COUT.CIN
Info:                          Defined in:
Info:                               rtl/stream_sync_frontend.sv:90.31-90.38
Info:                               /share/gowin/arith_map.v:57.7-63.5
Info:                               /share/gowin/cells_sim.v:1033.25-1033.29
Info:      logic  0.06  2.65 Source logic_core.video.front.v_age_DFFRE_Q_1_D_ALU_SUM_CIN_ALU_COUT_CIN_ALU_COUT.COUT
Info:    routing  0.00  2.65 Net logic_core.video.front.v_age_DFFRE_Q_1_D_ALU_SUM_CIN_ALU_COUT_CIN (21,5) -> (21,5)
Info:                          Sink logic_core.video.front.v_age_DFFRE_Q_1_D_ALU_SUM_CIN_ALU_COUT.CIN
Info:                          Defined in:
Info:                               rtl/stream_sync_frontend.sv:90.31-90.38
Info:                               /share/gowin/arith_map.v:57.7-63.5
Info:                               /share/gowin/cells_sim.v:1033.25-1033.29
Info:      logic  0.06  2.71 Source logic_core.video.front.v_age_DFFRE_Q_1_D_ALU_SUM_CIN_ALU_COUT.COUT
Info:    routing  0.00  2.71 Net logic_core.video.front.v_age_DFFRE_Q_1_D_ALU_SUM_CIN (21,5) -> (21,5)
Info:                          Sink logic_core.video.front.v_age_DFFRE_Q_1_D_ALU_SUM.CIN
Info:                          Defined in:
Info:                               rtl/stream_sync_frontend.sv:90.31-90.38
Info:                               /share/gowin/arith_map.v:57.7-63.5
Info:                               /share/gowin/cells_sim.v:1033.25-1033.29
Info:      logic  0.06  2.76 Source logic_core.video.front.v_age_DFFRE_Q_1_D_ALU_SUM.COUT
Info:    routing  0.00  2.76 Net logic_core.video.front.v_age_DFFRE_Q_1_D_ALU_SUM_COUT (21,5) -> (22,5)
Info:                          Sink logic_core.video.front.v_age_DFFRE_Q_1_D_ALU_SUM_COUT_ALU_CIN.CIN
Info:                          Defined in:
Info:                               rtl/stream_sync_frontend.sv:90.31-90.38
Info:                               /share/gowin/arith_map.v:57.7-63.5
Info:                               /share/gowin/cells_sim.v:1033.25-1033.29
Info:      logic  0.06  2.82 Source logic_core.video.front.v_age_DFFRE_Q_1_D_ALU_SUM_COUT_ALU_CIN.COUT
Info:    routing  0.00  2.82 Net logic_core.video.front.v_age_DFFRE_Q_1_D_ALU_SUM_COUT_ALU_CIN_COUT (22,5) -> (22,5)
Info:                          Sink logic_core.video.front.v_age_DFFRE_Q_1_D_ALU_SUM_COUT_ALU_CIN_COUT_ALU_CIN.CIN
Info:                          Defined in:
Info:                               rtl/stream_sync_frontend.sv:90.31-90.38
Info:                               /share/gowin/arith_map.v:57.7-63.5
Info:                               /share/gowin/cells_sim.v:1033.25-1033.29
Info:      logic  0.06  2.88 Source logic_core.video.front.v_age_DFFRE_Q_1_D_ALU_SUM_COUT_ALU_CIN_COUT_ALU_CIN.COUT
Info:    routing  0.00  2.88 Net logic_core.video.front.v_age_DFFRE_Q_1_D_ALU_SUM_COUT_ALU_CIN_COUT_ALU_CIN_COUT (22,5) -> (22,5)
Info:                          Sink logic_core.video.front.v_age_DFFRE_Q_1_D_ALU_SUM_COUT_ALU_CIN_COUT_ALU_CIN_COUT_ALU_CIN.CIN
Info:                          Defined in:
Info:                               rtl/stream_sync_frontend.sv:90.31-90.38
Info:                               /share/gowin/arith_map.v:57.7-63.5
Info:                               /share/gowin/cells_sim.v:1033.25-1033.29
Info:      logic  0.06  2.93 Source logic_core.video.front.v_age_DFFRE_Q_1_D_ALU_SUM_COUT_ALU_CIN_COUT_ALU_CIN_COUT_ALU_CIN.COUT
Info:    routing  0.00  2.93 Net logic_core.video.front.v_age_DFFRE_Q_1_D_ALU_SUM_COUT_ALU_CIN_COUT_ALU_CIN_COUT_ALU_CIN_COUT (22,5) -> (22,5)
Info:                          Sink logic_core.video.front.v_age_DFFRE_Q_1_D_ALU_SUM_COUT_ALU_CIN_COUT_ALU_CIN_COUT_ALU_CIN_COUT_ALU_CIN.CIN
Info:                          Defined in:
Info:                               rtl/stream_sync_frontend.sv:90.31-90.38
Info:                               /share/gowin/arith_map.v:57.7-63.5
Info:                               /share/gowin/cells_sim.v:1033.25-1033.29
Info:      logic  0.06  2.99 Source logic_core.video.front.v_age_DFFRE_Q_1_D_ALU_SUM_COUT_ALU_CIN_COUT_ALU_CIN_COUT_ALU_CIN_COUT_ALU_CIN.COUT
Info:    routing  0.00  2.99 Net logic_core.video.front.v_age_DFFRE_Q_1_D_ALU_SUM_COUT_ALU_CIN_COUT_ALU_CIN_COUT_ALU_CIN_COUT_ALU_CIN_COUT (22,5) -> (22,5)
Info:                          Sink logic_core.video.front.v_age_DFFRE_Q_1_D_ALU_SUM_COUT_ALU_CIN_COUT_ALU_CIN_COUT_ALU_CIN_COUT_ALU_CIN_COUT_ALU_CIN.CIN
Info:                          Defined in:
Info:                               rtl/stream_sync_frontend.sv:90.31-90.38
Info:                               /share/gowin/arith_map.v:57.7-63.5
Info:                               /share/gowin/cells_sim.v:1033.25-1033.29
Info:      logic  0.06  3.05 Source logic_core.video.front.v_age_DFFRE_Q_1_D_ALU_SUM_COUT_ALU_CIN_COUT_ALU_CIN_COUT_ALU_CIN_COUT_ALU_CIN_COUT_ALU_CIN.COUT
Info:    routing  0.00  3.05 Net logic_core.video.front.v_age_DFFRE_Q_1_D_ALU_SUM_COUT_ALU_CIN_COUT_ALU_CIN_COUT_ALU_CIN_COUT_ALU_CIN_COUT_ALU_CIN_COUT (22,5) -> (22,5)
Info:                          Sink logic_core.video.front.v_age_DFFRE_Q_1_D_ALU_SUM_COUT_ALU_CIN_COUT_ALU_CIN_COUT_ALU_CIN_COUT_ALU_CIN_COUT_ALU_CIN_COUT_ALU_CIN.CIN
Info:                          Defined in:
Info:                               rtl/stream_sync_frontend.sv:90.31-90.38
Info:                               /share/gowin/arith_map.v:57.7-63.5
Info:                               /share/gowin/cells_sim.v:1033.25-1033.29
Info:      logic  0.56  3.61 Source logic_core.video.front.v_age_DFFRE_Q_1_D_ALU_SUM_COUT_ALU_CIN_COUT_ALU_CIN_COUT_ALU_CIN_COUT_ALU_CIN_COUT_ALU_CIN_COUT_ALU_CIN.SUM
Info:    routing  0.89  4.50 Net logic_core.video.front.v_age_DFFRE_Q_1_D_ALU_SUM_COUT_ALU_CIN_COUT_ALU_CIN_COUT_ALU_CIN_COUT_ALU_CIN_COUT_ALU_CIN_COUT_ALU_CIN_SUM (22,5) -> (23,6)
Info:                          Sink logic_core.video.front.v_age_DFFRE_Q_1_D_ALU_SUM_COUT_ALU_CIN_COUT_ALU_CIN_COUT_ALU_CIN_COUT_ALU_CIN_COUT_ALU_CIN_COUT_ALU_CIN_COUT_ALU_CIN_COUT_ALU_CIN_COUT_ALU_CIN_COUT_ALU_CIN_COUT_ALU_CIN_SUM_ALU_I0_CIN_ALU_COUT_CIN_ALU_COUT_CIN_ALU_COUT_CIN_ALU_COUT_CIN_ALU_COUT.I0
Info:      logic  0.96  5.46 Source logic_core.video.front.v_age_DFFRE_Q_1_D_ALU_SUM_COUT_ALU_CIN_COUT_ALU_CIN_COUT_ALU_CIN_COUT_ALU_CIN_COUT_ALU_CIN_COUT_ALU_CIN_COUT_ALU_CIN_COUT_ALU_CIN_COUT_ALU_CIN_COUT_ALU_CIN_COUT_ALU_CIN_SUM_ALU_I0_CIN_ALU_COUT_CIN_ALU_COUT_CIN_ALU_COUT_CIN_ALU_COUT_CIN_ALU_COUT.COUT
Info:    routing  0.00  5.46 Net logic_core.video.front.v_age_DFFRE_Q_1_D_ALU_SUM_COUT_ALU_CIN_COUT_ALU_CIN_COUT_ALU_CIN_COUT_ALU_CIN_COUT_ALU_CIN_COUT_ALU_CIN_COUT_ALU_CIN_COUT_ALU_CIN_COUT_ALU_CIN_COUT_ALU_CIN_COUT_ALU_CIN_SUM_ALU_I0_CIN_ALU_COUT_CIN_ALU_COUT_CIN_ALU_COUT_CIN_ALU_COUT_CIN (23,6) -> (23,6)
Info:                          Sink logic_core.video.front.v_age_DFFRE_Q_1_D_ALU_SUM_COUT_ALU_CIN_COUT_ALU_CIN_COUT_ALU_CIN_COUT_ALU_CIN_COUT_ALU_CIN_COUT_ALU_CIN_COUT_ALU_CIN_COUT_ALU_CIN_COUT_ALU_CIN_COUT_ALU_CIN_COUT_ALU_CIN_SUM_ALU_I0_CIN_ALU_COUT_CIN_ALU_COUT_CIN_ALU_COUT_CIN_ALU_COUT.CIN
Info:                          Defined in:
Info:                               rtl/stream_sync_frontend.sv:90.31-90.56
Info:                               /share/gowin/arith_map.v:57.7-63.5
Info:                               /share/gowin/cells_sim.v:1033.25-1033.29
Info:      logic  0.06  5.52 Source logic_core.video.front.v_age_DFFRE_Q_1_D_ALU_SUM_COUT_ALU_CIN_COUT_ALU_CIN_COUT_ALU_CIN_COUT_ALU_CIN_COUT_ALU_CIN_COUT_ALU_CIN_COUT_ALU_CIN_COUT_ALU_CIN_COUT_ALU_CIN_COUT_ALU_CIN_COUT_ALU_CIN_SUM_ALU_I0_CIN_ALU_COUT_CIN_ALU_COUT_CIN_ALU_COUT_CIN_ALU_COUT.COUT
Info:    routing  0.00  5.52 Net logic_core.video.front.v_age_DFFRE_Q_1_D_ALU_SUM_COUT_ALU_CIN_COUT_ALU_CIN_COUT_ALU_CIN_COUT_ALU_CIN_COUT_ALU_CIN_COUT_ALU_CIN_COUT_ALU_CIN_COUT_ALU_CIN_COUT_ALU_CIN_COUT_ALU_CIN_COUT_ALU_CIN_SUM_ALU_I0_CIN_ALU_COUT_CIN_ALU_COUT_CIN_ALU_COUT_CIN (23,6) -> (23,6)
Info:                          Sink logic_core.video.front.v_age_DFFRE_Q_1_D_ALU_SUM_COUT_ALU_CIN_COUT_ALU_CIN_COUT_ALU_CIN_COUT_ALU_CIN_COUT_ALU_CIN_COUT_ALU_CIN_COUT_ALU_CIN_COUT_ALU_CIN_COUT_ALU_CIN_COUT_ALU_CIN_COUT_ALU_CIN_SUM_ALU_I0_CIN_ALU_COUT_CIN_ALU_COUT_CIN_ALU_COUT.CIN
Info:                          Defined in:
Info:                               rtl/stream_sync_frontend.sv:90.31-90.56
Info:                               /share/gowin/arith_map.v:57.7-63.5
Info:                               /share/gowin/cells_sim.v:1033.25-1033.29
Info:      logic  0.06  5.57 Source logic_core.video.front.v_age_DFFRE_Q_1_D_ALU_SUM_COUT_ALU_CIN_COUT_ALU_CIN_COUT_ALU_CIN_COUT_ALU_CIN_COUT_ALU_CIN_COUT_ALU_CIN_COUT_ALU_CIN_COUT_ALU_CIN_COUT_ALU_CIN_COUT_ALU_CIN_COUT_ALU_CIN_SUM_ALU_I0_CIN_ALU_COUT_CIN_ALU_COUT_CIN_ALU_COUT.COUT
Info:    routing  0.00  5.57 Net logic_core.video.front.v_age_DFFRE_Q_1_D_ALU_SUM_COUT_ALU_CIN_COUT_ALU_CIN_COUT_ALU_CIN_COUT_ALU_CIN_COUT_ALU_CIN_COUT_ALU_CIN_COUT_ALU_CIN_COUT_ALU_CIN_COUT_ALU_CIN_COUT_ALU_CIN_COUT_ALU_CIN_SUM_ALU_I0_CIN_ALU_COUT_CIN_ALU_COUT_CIN (23,6) -> (23,6)
Info:                          Sink logic_core.video.front.v_age_DFFRE_Q_1_D_ALU_SUM_COUT_ALU_CIN_COUT_ALU_CIN_COUT_ALU_CIN_COUT_ALU_CIN_COUT_ALU_CIN_COUT_ALU_CIN_COUT_ALU_CIN_COUT_ALU_CIN_COUT_ALU_CIN_COUT_ALU_CIN_COUT_ALU_CIN_SUM_ALU_I0_CIN_ALU_COUT_CIN_ALU_COUT.CIN
Info:                          Defined in:
Info:                               rtl/stream_sync_frontend.sv:90.31-90.56
Info:                               /share/gowin/arith_map.v:57.7-63.5
Info:                               /share/gowin/cells_sim.v:1033.25-1033.29
Info:      logic  0.06  5.63 Source logic_core.video.front.v_age_DFFRE_Q_1_D_ALU_SUM_COUT_ALU_CIN_COUT_ALU_CIN_COUT_ALU_CIN_COUT_ALU_CIN_COUT_ALU_CIN_COUT_ALU_CIN_COUT_ALU_CIN_COUT_ALU_CIN_COUT_ALU_CIN_COUT_ALU_CIN_COUT_ALU_CIN_SUM_ALU_I0_CIN_ALU_COUT_CIN_ALU_COUT.COUT
Info:    routing  0.00  5.63 Net logic_core.video.front.v_age_DFFRE_Q_1_D_ALU_SUM_COUT_ALU_CIN_COUT_ALU_CIN_COUT_ALU_CIN_COUT_ALU_CIN_COUT_ALU_CIN_COUT_ALU_CIN_COUT_ALU_CIN_COUT_ALU_CIN_COUT_ALU_CIN_COUT_ALU_CIN_COUT_ALU_CIN_SUM_ALU_I0_CIN_ALU_COUT_CIN (23,6) -> (23,6)
Info:                          Sink logic_core.video.front.v_age_DFFRE_Q_1_D_ALU_SUM_COUT_ALU_CIN_COUT_ALU_CIN_COUT_ALU_CIN_COUT_ALU_CIN_COUT_ALU_CIN_COUT_ALU_CIN_COUT_ALU_CIN_COUT_ALU_CIN_COUT_ALU_CIN_COUT_ALU_CIN_COUT_ALU_CIN_SUM_ALU_I0_CIN_ALU_COUT.CIN
Info:                          Defined in:
Info:                               rtl/stream_sync_frontend.sv:90.31-90.56
Info:                               /share/gowin/arith_map.v:57.7-63.5
Info:                               /share/gowin/cells_sim.v:1033.25-1033.29
Info:      logic  0.06  5.69 Source logic_core.video.front.v_age_DFFRE_Q_1_D_ALU_SUM_COUT_ALU_CIN_COUT_ALU_CIN_COUT_ALU_CIN_COUT_ALU_CIN_COUT_ALU_CIN_COUT_ALU_CIN_COUT_ALU_CIN_COUT_ALU_CIN_COUT_ALU_CIN_COUT_ALU_CIN_COUT_ALU_CIN_SUM_ALU_I0_CIN_ALU_COUT.COUT
Info:    routing  0.00  5.69 Net logic_core.video.front.v_age_DFFRE_Q_1_D_ALU_SUM_COUT_ALU_CIN_COUT_ALU_CIN_COUT_ALU_CIN_COUT_ALU_CIN_COUT_ALU_CIN_COUT_ALU_CIN_COUT_ALU_CIN_COUT_ALU_CIN_COUT_ALU_CIN_COUT_ALU_CIN_COUT_ALU_CIN_SUM_ALU_I0_CIN (23,6) -> (23,6)
Info:                          Sink logic_core.video.front.v_age_DFFRE_Q_1_D_ALU_SUM_COUT_ALU_CIN_COUT_ALU_CIN_COUT_ALU_CIN_COUT_ALU_CIN_COUT_ALU_CIN_COUT_ALU_CIN_COUT_ALU_CIN_COUT_ALU_CIN_COUT_ALU_CIN_COUT_ALU_CIN_COUT_ALU_CIN_SUM_ALU_I0.CIN
Info:                          Defined in:
Info:                               rtl/stream_sync_frontend.sv:90.31-90.56
Info:                               /share/gowin/arith_map.v:57.7-63.5
Info:                               /share/gowin/cells_sim.v:1033.25-1033.29
Info:      logic  0.06  5.74 Source logic_core.video.front.v_age_DFFRE_Q_1_D_ALU_SUM_COUT_ALU_CIN_COUT_ALU_CIN_COUT_ALU_CIN_COUT_ALU_CIN_COUT_ALU_CIN_COUT_ALU_CIN_COUT_ALU_CIN_COUT_ALU_CIN_COUT_ALU_CIN_COUT_ALU_CIN_COUT_ALU_CIN_SUM_ALU_I0.COUT
Info:    routing  0.00  5.74 Net logic_core.video.front.v_age_DFFRE_Q_1_D_ALU_SUM_COUT_ALU_CIN_COUT_ALU_CIN_COUT_ALU_CIN_COUT_ALU_CIN_COUT_ALU_CIN_COUT_ALU_CIN_COUT_ALU_CIN_COUT_ALU_CIN_COUT_ALU_CIN_COUT_ALU_CIN_COUT_ALU_CIN_SUM_ALU_I0_COUT (23,6) -> (24,6)
Info:                          Sink logic_core.video.front.v_age_DFFRE_Q_1_D_ALU_SUM_COUT_ALU_CIN_COUT_ALU_CIN_COUT_ALU_CIN_COUT_ALU_CIN_COUT_ALU_CIN_COUT_ALU_CIN_COUT_ALU_CIN_COUT_ALU_CIN_COUT_ALU_CIN_COUT_ALU_CIN_COUT_ALU_CIN_SUM_ALU_I0_COUT_ALU_CIN.CIN
Info:                          Defined in:
Info:                               rtl/stream_sync_frontend.sv:90.31-90.56
Info:                               /share/gowin/arith_map.v:57.7-63.5
Info:                               /share/gowin/cells_sim.v:1033.25-1033.29
Info:      logic  0.56  6.31 Source logic_core.video.front.v_age_DFFRE_Q_1_D_ALU_SUM_COUT_ALU_CIN_COUT_ALU_CIN_COUT_ALU_CIN_COUT_ALU_CIN_COUT_ALU_CIN_COUT_ALU_CIN_COUT_ALU_CIN_COUT_ALU_CIN_COUT_ALU_CIN_COUT_ALU_CIN_COUT_ALU_CIN_SUM_ALU_I0_COUT_ALU_CIN.SUM
Info:    routing  0.96  7.27 Net logic_core.video.front.v_age_DFFRE_Q_1_D_ALU_SUM_COUT_ALU_CIN_COUT_ALU_CIN_COUT_ALU_CIN_COUT_ALU_CIN_COUT_ALU_CIN_COUT_ALU_CIN_COUT_ALU_CIN_COUT_ALU_CIN_COUT_ALU_CIN_COUT_ALU_CIN_COUT_ALU_CIN_SUM_ALU_I0_COUT_ALU_CIN_SUM[3] (24,6) -> (22,7)
Info:                          Sink logic_core.video.front.have_vs_LUT4_I0.I3
Info:                          Defined in:
Info:                               /share/gowin/cells_map.v:130.20-130.21
Info:      logic  0.62  7.89 Source logic_core.video.front.have_vs_LUT4_I0.F
Info:    routing  1.37  9.26 Net logic_core.video.front.have_vs_LUT4_I0_F[3] (22,7) -> (25,6)
Info:                          Sink logic_core.video.front.vs_delay_DFFRE_Q_CE_MUX2_LUT5_O_I1_LUT4_F.I3
Info:                          Defined in:
Info:                               /share/gowin/cells_map.v:130.20-130.21
Info:      logic  0.62  9.89 Source logic_core.video.front.vs_delay_DFFRE_Q_CE_MUX2_LUT5_O_I1_LUT4_F.F
Info:    routing  0.00  9.89 Net logic_core.video.front.vs_delay_DFFRE_Q_CE_MUX2_LUT5_O_I1 (25,6) -> (25,6)
Info:                          Sink logic_core.video.front.vs_delay_DFFRE_Q_CE_MUX2_LUT5_O.I1
Info:                          Defined in:
Info:                               /share/gowin/cells_map.v:151.13-151.15
Info:      logic  0.50  10.39 Source logic_core.video.front.vs_delay_DFFRE_Q_CE_MUX2_LUT5_O.O
Info:    routing  2.01  12.40 Net logic_core.video.front.vs_delay_DFFRE_Q_CE (25,6) -> (25,6)
Info:                          Sink logic_core.video.front.vs_delay_DFFRE_Q_4.CE
Info:      setup  0.04  12.44 Source logic_core.video.front.vs_delay_DFFRE_Q_4.CE
Info: 6.41 ns logic, 6.04 ns routing

Info: Critical path report for clock 'logic_core.clk_ref' (posedge -> posedge):
Info:       type curr  total name
Info:   clk-to-q  0.46  0.46 Source startup.released_DFF_Q_1.Q
Info:    routing  0.41  0.87 Net startup.released[31] (8,7) -> (8,8)
Info:                          Sink logic_core.clocks.guard.prerequisites_sync_DFFC_D_Q_MUX2_LUT8_O_I1_MUX2_LUT7_O_I0_MUX2_LUT6_O_I1_MUX2_LUT5_O_I1_LUT4_F.I1
Info:                          Defined in:
Info:                               rtl/configuration_reset.sv:7.22-7.30
Info:      logic  1.10  1.97 Source logic_core.clocks.guard.prerequisites_sync_DFFC_D_Q_MUX2_LUT8_O_I1_MUX2_LUT7_O_I0_MUX2_LUT6_O_I1_MUX2_LUT5_O_I1_LUT4_F.F
Info:    routing  0.00  1.97 Net logic_core.clocks.guard.prerequisites_sync_DFFC_D_Q_MUX2_LUT8_O_I1_MUX2_LUT7_O_I0_MUX2_LUT6_O_I1_MUX2_LUT5_O_I1 (8,8) -> (8,8)
Info:                          Sink logic_core.clocks.guard.prerequisites_sync_DFFC_D_Q_MUX2_LUT8_O_I1_MUX2_LUT7_O_I0_MUX2_LUT6_O_I1_MUX2_LUT5_O.I1
Info:                          Defined in:
Info:                               /share/gowin/cells_map.v:171.43-171.68
Info:                               /share/gowin/cells_map.v:164.41-164.66
Info:                               /share/gowin/cells_map.v:159.41-159.66
Info:                               /share/gowin/cells_map.v:151.13-151.15
Info:      logic  0.50  2.47 Source logic_core.clocks.guard.prerequisites_sync_DFFC_D_Q_MUX2_LUT8_O_I1_MUX2_LUT7_O_I0_MUX2_LUT6_O_I1_MUX2_LUT5_O.O
Info:    routing  0.00  2.47 Net logic_core.clocks.guard.prerequisites_sync_DFFC_D_Q_MUX2_LUT8_O_I1_MUX2_LUT7_O_I0_MUX2_LUT6_O_I1 (8,8) -> (8,8)
Info:                          Sink logic_core.clocks.guard.prerequisites_sync_DFFC_D_Q_MUX2_LUT8_O_I1_MUX2_LUT7_O_I0_MUX2_LUT6_O.I1
Info:                          Defined in:
Info:                               /share/gowin/cells_map.v:171.43-171.68
Info:                               /share/gowin/cells_map.v:164.41-164.66
Info:                               /share/gowin/cells_map.v:157.13-157.15
Info:      logic  0.50  2.97 Source logic_core.clocks.guard.prerequisites_sync_DFFC_D_Q_MUX2_LUT8_O_I1_MUX2_LUT7_O_I0_MUX2_LUT6_O.O
Info:    routing  0.00  2.97 Net logic_core.clocks.guard.prerequisites_sync_DFFC_D_Q_MUX2_LUT8_O_I1_MUX2_LUT7_O_I0 (8,8) -> (8,8)
Info:                          Sink logic_core.clocks.guard.prerequisites_sync_DFFC_D_Q_MUX2_LUT8_O_I1_MUX2_LUT7_O.I0
Info:                          Defined in:
Info:                               /share/gowin/cells_map.v:171.43-171.68
Info:                               /share/gowin/cells_map.v:163.9-163.11
Info:      logic  0.47  3.44 Source logic_core.clocks.guard.prerequisites_sync_DFFC_D_Q_MUX2_LUT8_O_I1_MUX2_LUT7_O.O
Info:    routing  0.00  3.44 Net logic_core.clocks.guard.prerequisites_sync_DFFC_D_Q_MUX2_LUT8_O_I1 (8,8) -> (8,8)
Info:                          Sink logic_core.clocks.guard.prerequisites_sync_DFFC_D_Q_MUX2_LUT8_O.I1
Info:                          Defined in:
Info:                               /share/gowin/cells_map.v:169.13-169.15
Info:      logic  0.50  3.94 Source logic_core.clocks.guard.prerequisites_sync_DFFC_D_Q_MUX2_LUT8_O.O
Info:    routing  1.37  5.31 Net logic_core.clocks.guard.prerequisites_sync_DFFC_D_Q[0] (8,8) -> (7,5)
Info:                          Sink logic_core.clocks.guard.heartbeat_sync_DFFC_D_Q_LUT3_I1_1_F_ALU_SUM_CIN_ALU_COUT_I0_ALU_SUM_CIN_ALU_COUT_CIN_ALU_COUT_SUM_DFFC_Q.CLEAR
Info:                          Defined in:
Info:                               /share/gowin/cells_map.v:130.20-130.21
Info:      logic  1.86  7.17 Source logic_core.clocks.guard.heartbeat_sync_DFFC_D_Q_LUT3_I1_1_F_ALU_SUM_CIN_ALU_COUT_I0_ALU_SUM_CIN_ALU_COUT_CIN_ALU_COUT_SUM_DFFC_Q.Q
Info:    routing  0.81  7.98 Net logic_core.clocks.guard.heartbeat_sync_DFFC_D_Q_LUT3_I1_1_F_ALU_SUM_CIN_ALU_COUT_I0_ALU_SUM_CIN_ALU_COUT_CIN_ALU_COUT_SUM[0] (7,5) -> (7,4)
Info:                          Sink logic_core.clocks.guard.heartbeat_sync_DFFC_D_Q_LUT3_I1_1_F_ALU_SUM_CIN_ALU_COUT_I0_ALU_SUM_CIN_ALU_COUT_CIN_ALU_COUT_CIN_ALU_COUT_CIN_ALU_COUT_CIN_ALU_COUT_CIN_ALU_COUT_CIN_ALU_COUT.I1
Info:                          Defined in:
Info:                               /share/gowin/cells_map.v:130.20-130.21
Info:      logic  1.04  9.02 Source logic_core.clocks.guard.heartbeat_sync_DFFC_D_Q_LUT3_I1_1_F_ALU_SUM_CIN_ALU_COUT_I0_ALU_SUM_CIN_ALU_COUT_CIN_ALU_COUT_CIN_ALU_COUT_CIN_ALU_COUT_CIN_ALU_COUT_CIN_ALU_COUT_CIN_ALU_COUT.COUT
Info:    routing  0.00  9.02 Net logic_core.clocks.guard.heartbeat_sync_DFFC_D_Q_LUT3_I1_1_F_ALU_SUM_CIN_ALU_COUT_I0_ALU_SUM_CIN_ALU_COUT_CIN_ALU_COUT_CIN_ALU_COUT_CIN_ALU_COUT_CIN_ALU_COUT_CIN_ALU_COUT_CIN (7,4) -> (7,4)
Info:                          Sink logic_core.clocks.guard.heartbeat_sync_DFFC_D_Q_LUT3_I1_1_F_ALU_SUM_CIN_ALU_COUT_I0_ALU_SUM_CIN_ALU_COUT_CIN_ALU_COUT_CIN_ALU_COUT_CIN_ALU_COUT_CIN_ALU_COUT_CIN_ALU_COUT.CIN
Info:                          Defined in:
Info:                               rtl/video_clock_guard.sv:55.33-55.38
Info:                               /share/gowin/arith_map.v:57.7-63.5
Info:                               /share/gowin/cells_sim.v:1033.25-1033.29
Info:      logic  0.06  9.08 Source logic_core.clocks.guard.heartbeat_sync_DFFC_D_Q_LUT3_I1_1_F_ALU_SUM_CIN_ALU_COUT_I0_ALU_SUM_CIN_ALU_COUT_CIN_ALU_COUT_CIN_ALU_COUT_CIN_ALU_COUT_CIN_ALU_COUT_CIN_ALU_COUT.COUT
Info:    routing  0.00  9.08 Net logic_core.clocks.guard.heartbeat_sync_DFFC_D_Q_LUT3_I1_1_F_ALU_SUM_CIN_ALU_COUT_I0_ALU_SUM_CIN_ALU_COUT_CIN_ALU_COUT_CIN_ALU_COUT_CIN_ALU_COUT_CIN_ALU_COUT_CIN (7,4) -> (7,4)
Info:                          Sink logic_core.clocks.guard.heartbeat_sync_DFFC_D_Q_LUT3_I1_1_F_ALU_SUM_CIN_ALU_COUT_I0_ALU_SUM_CIN_ALU_COUT_CIN_ALU_COUT_CIN_ALU_COUT_CIN_ALU_COUT_CIN_ALU_COUT.CIN
Info:                          Defined in:
Info:                               rtl/video_clock_guard.sv:55.33-55.38
Info:                               /share/gowin/arith_map.v:57.7-63.5
Info:                               /share/gowin/cells_sim.v:1033.25-1033.29
Info:      logic  0.06  9.14 Source logic_core.clocks.guard.heartbeat_sync_DFFC_D_Q_LUT3_I1_1_F_ALU_SUM_CIN_ALU_COUT_I0_ALU_SUM_CIN_ALU_COUT_CIN_ALU_COUT_CIN_ALU_COUT_CIN_ALU_COUT_CIN_ALU_COUT.COUT
Info:    routing  0.00  9.14 Net logic_core.clocks.guard.heartbeat_sync_DFFC_D_Q_LUT3_I1_1_F_ALU_SUM_CIN_ALU_COUT_I0_ALU_SUM_CIN_ALU_COUT_CIN_ALU_COUT_CIN_ALU_COUT_CIN_ALU_COUT_CIN (7,4) -> (7,4)
Info:                          Sink logic_core.clocks.guard.heartbeat_sync_DFFC_D_Q_LUT3_I1_1_F_ALU_SUM_CIN_ALU_COUT_I0_ALU_SUM_CIN_ALU_COUT_CIN_ALU_COUT_CIN_ALU_COUT_CIN_ALU_COUT.CIN
Info:                          Defined in:
Info:                               rtl/video_clock_guard.sv:55.33-55.38
Info:                               /share/gowin/arith_map.v:57.7-63.5
Info:                               /share/gowin/cells_sim.v:1033.25-1033.29
Info:      logic  0.06  9.19 Source logic_core.clocks.guard.heartbeat_sync_DFFC_D_Q_LUT3_I1_1_F_ALU_SUM_CIN_ALU_COUT_I0_ALU_SUM_CIN_ALU_COUT_CIN_ALU_COUT_CIN_ALU_COUT_CIN_ALU_COUT.COUT
Info:    routing  0.00  9.19 Net logic_core.clocks.guard.heartbeat_sync_DFFC_D_Q_LUT3_I1_1_F_ALU_SUM_CIN_ALU_COUT_I0_ALU_SUM_CIN_ALU_COUT_CIN_ALU_COUT_CIN_ALU_COUT_CIN (7,4) -> (7,4)
Info:                          Sink logic_core.clocks.guard.heartbeat_sync_DFFC_D_Q_LUT3_I1_1_F_ALU_SUM_CIN_ALU_COUT_I0_ALU_SUM_CIN_ALU_COUT_CIN_ALU_COUT_CIN_ALU_COUT.CIN
Info:                          Defined in:
Info:                               rtl/video_clock_guard.sv:55.33-55.38
Info:                               /share/gowin/arith_map.v:57.7-63.5
Info:                               /share/gowin/cells_sim.v:1033.25-1033.29
Info:      logic  0.56  9.76 Source logic_core.clocks.guard.heartbeat_sync_DFFC_D_Q_LUT3_I1_1_F_ALU_SUM_CIN_ALU_COUT_I0_ALU_SUM_CIN_ALU_COUT_CIN_ALU_COUT_CIN_ALU_COUT.SUM
Info:    routing  0.89  10.65 Net logic_core.clocks.guard.heartbeat_sync_DFFC_D_Q_LUT3_I1_1_F_ALU_SUM_CIN_ALU_COUT_I0_ALU_SUM_CIN_ALU_COUT_CIN_ALU_COUT_CIN_ALU_COUT_SUM[1] (7,4) -> (8,3)
Info:                          Sink logic_core.clocks.guard.heartbeat_sync_DFFC_D_Q_LUT3_I1_1_F_ALU_SUM_CIN_ALU_COUT_CIN_ALU_COUT_CIN_ALU_COUT_CIN_ALU_COUT.I0
Info:                          Defined in:
Info:                               /share/gowin/cells_map.v:130.20-130.21
Info:      logic  0.96  11.60 Source logic_core.clocks.guard.heartbeat_sync_DFFC_D_Q_LUT3_I1_1_F_ALU_SUM_CIN_ALU_COUT_CIN_ALU_COUT_CIN_ALU_COUT_CIN_ALU_COUT.COUT
Info:    routing  0.00  11.60 Net logic_core.clocks.guard.heartbeat_sync_DFFC_D_Q_LUT3_I1_1_F_ALU_SUM_CIN_ALU_COUT_CIN_ALU_COUT_CIN_ALU_COUT_CIN (8,3) -> (8,3)
Info:                          Sink logic_core.clocks.guard.heartbeat_sync_DFFC_D_Q_LUT3_I1_1_F_ALU_SUM_CIN_ALU_COUT_CIN_ALU_COUT_CIN_ALU_COUT.CIN
Info:                          Defined in:
Info:                               rtl/video_clock_guard.sv:55.33-55.55
Info:                               /share/gowin/arith_map.v:57.7-63.5
Info:                               /share/gowin/cells_sim.v:1033.25-1033.29
Info:      logic  0.06  11.66 Source logic_core.clocks.guard.heartbeat_sync_DFFC_D_Q_LUT3_I1_1_F_ALU_SUM_CIN_ALU_COUT_CIN_ALU_COUT_CIN_ALU_COUT.COUT
Info:    routing  0.00  11.66 Net logic_core.clocks.guard.heartbeat_sync_DFFC_D_Q_LUT3_I1_1_F_ALU_SUM_CIN_ALU_COUT_CIN_ALU_COUT_CIN (8,3) -> (8,3)
Info:                          Sink logic_core.clocks.guard.heartbeat_sync_DFFC_D_Q_LUT3_I1_1_F_ALU_SUM_CIN_ALU_COUT_CIN_ALU_COUT.CIN
Info:                          Defined in:
Info:                               rtl/video_clock_guard.sv:55.33-55.55
Info:                               /share/gowin/arith_map.v:57.7-63.5
Info:                               /share/gowin/cells_sim.v:1033.25-1033.29
Info:      logic  0.06  11.72 Source logic_core.clocks.guard.heartbeat_sync_DFFC_D_Q_LUT3_I1_1_F_ALU_SUM_CIN_ALU_COUT_CIN_ALU_COUT.COUT
Info:    routing  0.00  11.72 Net logic_core.clocks.guard.heartbeat_sync_DFFC_D_Q_LUT3_I1_1_F_ALU_SUM_CIN_ALU_COUT_CIN (8,3) -> (8,3)
Info:                          Sink logic_core.clocks.guard.heartbeat_sync_DFFC_D_Q_LUT3_I1_1_F_ALU_SUM_CIN_ALU_COUT.CIN
Info:                          Defined in:
Info:                               rtl/video_clock_guard.sv:55.33-55.55
Info:                               /share/gowin/arith_map.v:57.7-63.5
Info:                               /share/gowin/cells_sim.v:1033.25-1033.29
Info:      logic  0.06  11.78 Source logic_core.clocks.guard.heartbeat_sync_DFFC_D_Q_LUT3_I1_1_F_ALU_SUM_CIN_ALU_COUT.COUT
Info:    routing  0.00  11.78 Net logic_core.clocks.guard.heartbeat_sync_DFFC_D_Q_LUT3_I1_1_F_ALU_SUM_CIN (8,3) -> (9,3)
Info:                          Sink logic_core.clocks.guard.heartbeat_sync_DFFC_D_Q_LUT3_I1_1_F_ALU_SUM.CIN
Info:                          Defined in:
Info:                               rtl/video_clock_guard.sv:55.33-55.55
Info:                               /share/gowin/arith_map.v:57.7-63.5
Info:                               /share/gowin/cells_sim.v:1033.25-1033.29
Info:      logic  0.56  12.34 Source logic_core.clocks.guard.heartbeat_sync_DFFC_D_Q_LUT3_I1_1_F_ALU_SUM.SUM
Info:    routing  0.33  12.66 Net logic_core.clocks.guard.heartbeat_sync_DFFC_D_Q_LUT3_I1_1_F[2] (9,3) -> (9,3)
Info:                          Sink logic_core.clocks.guard.prerequisites_sync_DFFC_D_Q_DFFCE_Q_CE_LUT3_F_I0_ALU_COUT_I0_LUT3_I0_F_DFFCE_CE_Q_LUT4_F.I2
Info:                          Defined in:
Info:                               /share/gowin/cells_map.v:130.20-130.21
Info:      logic  0.82  13.49 Source logic_core.clocks.guard.prerequisites_sync_DFFC_D_Q_DFFCE_Q_CE_LUT3_F_I0_ALU_COUT_I0_LUT3_I0_F_DFFCE_CE_Q_LUT4_F.F
Info:    routing  0.00  13.49 Net logic_core.clocks.guard.prerequisites_sync_DFFC_D_Q_DFFCE_Q_CE_LUT3_F_I0_ALU_COUT_CIN_ALU_COUT_SUM[1] (9,3) -> (9,3)
Info:                          Sink logic_core.clocks.guard.prerequisites_sync_DFFC_D_Q_DFFCE_Q.D
Info:                          Defined in:
Info:                               /share/gowin/cells_map.v:130.20-130.21
Info:      setup  0.40  13.89 Source logic_core.clocks.guard.prerequisites_sync_DFFC_D_Q_DFFCE_Q.D
Info: 10.08 ns logic, 3.80 ns routing

Info: Max frequency for clock   'clocks.adc_clock': 316.36 MHz (PASS at 28.38 MHz)
Info: Max frequency for clock        'video_clock': 80.37 MHz (PASS at 56.75 MHz)
Info: Max frequency for clock 'logic_core.clk_ref': 72.01 MHz (PASS at 27.00 MHz)

Info: Slack histogram:
Info:  legend: * represents 2 endpoint(s)
Info:          + represents [1,2) endpoint(s)
Info: [  5178,   6656) |**+
Info: [  6656,   8134) |***+
Info: [  8134,   9612) |**************+
Info: [  9612,  11090) |********+
Info: [ 11090,  12568) |**+
Info: [ 12568,  14046) |*********+
Info: [ 14046,  15524) |************************************************************ 
Info: [ 15524,  17002) |********************+
Info: [ 17002,  18480) | 
Info: [ 18480,  19958) | 
Info: [ 19958,  21436) | 
Info: [ 21436,  22914) | 
Info: [ 22914,  24392) |**+
Info: [ 24392,  25870) |+
Info: [ 25870,  27348) |*+
Info: [ 27348,  28826) |**+
Info: [ 28826,  30304) |**+
Info: [ 30304,  31782) |**************+
Info: [ 31782,  33260) |***************+
Info: [ 33260,  34738) |*****+
1 warning, 0 errors

Info: Program finished normally.
